Component: ARM Compiler 6.7 Tool: armlink [5c9ef700]

==============================================================================

Section Cross References

    startup_stm32h743xx.o(RESET) refers to startup_stm32h743xx.o(STACK) for __initial_sp
    startup_stm32h743xx.o(RESET) refers to startup_stm32h743xx.o(.text) for Reset_Handler
    startup_stm32h743xx.o(RESET) refers to stm32h7xx_it.o(.text.NMI_Handler) for NMI_Handler
    startup_stm32h743xx.o(RESET) refers to stm32h7xx_it.o(.text.HardFault_Handler) for HardFault_Handler
    startup_stm32h743xx.o(RESET) refers to stm32h7xx_it.o(.text.MemManage_Handler) for MemManage_Handler
    startup_stm32h743xx.o(RESET) refers to stm32h7xx_it.o(.text.BusFault_Handler) for BusFault_Handler
    startup_stm32h743xx.o(RESET) refers to stm32h7xx_it.o(.text.UsageFault_Handler) for UsageFault_Handler
    startup_stm32h743xx.o(RESET) refers to stm32h7xx_it.o(.text.SVC_Handler) for SVC_Handler
    startup_stm32h743xx.o(RESET) refers to stm32h7xx_it.o(.text.DebugMon_Handler) for DebugMon_Handler
    startup_stm32h743xx.o(RESET) refers to stm32h7xx_it.o(.text.PendSV_Handler) for PendSV_Handler
    startup_stm32h743xx.o(RESET) refers to stm32h7xx_it.o(.text.SysTick_Handler) for SysTick_Handler
    startup_stm32h743xx.o(RESET) refers to stm32h7xx_it.o(.text.DMA1_Stream0_IRQHandler) for DMA1_Stream0_IRQHandler
    startup_stm32h743xx.o(RESET) refers to stm32h7xx_it.o(.text.DMA1_Stream1_IRQHandler) for DMA1_Stream1_IRQHandler
    startup_stm32h743xx.o(RESET) refers to stm32h7xx_it.o(.text.DMA1_Stream2_IRQHandler) for DMA1_Stream2_IRQHandler
    startup_stm32h743xx.o(RESET) refers to stm32h7xx_it.o(.text.DMA1_Stream3_IRQHandler) for DMA1_Stream3_IRQHandler
    startup_stm32h743xx.o(RESET) refers to stm32h7xx_it.o(.text.DMA1_Stream4_IRQHandler) for DMA1_Stream4_IRQHandler
    startup_stm32h743xx.o(RESET) refers to stm32h7xx_it.o(.text.DMA1_Stream5_IRQHandler) for DMA1_Stream5_IRQHandler
    startup_stm32h743xx.o(RESET) refers to stm32h7xx_it.o(.text.DMA1_Stream6_IRQHandler) for DMA1_Stream6_IRQHandler
    startup_stm32h743xx.o(RESET) refers to stm32h7xx_it.o(.text.FDCAN1_IT0_IRQHandler) for FDCAN1_IT0_IRQHandler
    startup_stm32h743xx.o(RESET) refers to stm32h7xx_it.o(.text.FDCAN2_IT0_IRQHandler) for FDCAN2_IT0_IRQHandler
    startup_stm32h743xx.o(RESET) refers to stm32h7xx_it.o(.text.TIM1_CC_IRQHandler) for TIM1_CC_IRQHandler
    startup_stm32h743xx.o(RESET) refers to stm32h7xx_it.o(.text.USART1_IRQHandler) for USART1_IRQHandler
    startup_stm32h743xx.o(RESET) refers to stm32h7xx_it.o(.text.USART3_IRQHandler) for USART3_IRQHandler
    startup_stm32h743xx.o(RESET) refers to stm32h7xx_it.o(.text.TIM8_BRK_TIM12_IRQHandler) for TIM8_BRK_TIM12_IRQHandler
    startup_stm32h743xx.o(RESET) refers to stm32h7xx_it.o(.text.DMA1_Stream7_IRQHandler) for DMA1_Stream7_IRQHandler
    startup_stm32h743xx.o(RESET) refers to stm32h7xx_it.o(.text.UART4_IRQHandler) for UART4_IRQHandler
    startup_stm32h743xx.o(RESET) refers to stm32h7xx_it.o(.text.UART5_IRQHandler) for UART5_IRQHandler
    startup_stm32h743xx.o(RESET) refers to stm32h7xx_it.o(.text.TIM6_DAC_IRQHandler) for TIM6_DAC_IRQHandler
    startup_stm32h743xx.o(RESET) refers to stm32h7xx_it.o(.text.DMA2_Stream0_IRQHandler) for DMA2_Stream0_IRQHandler
    startup_stm32h743xx.o(RESET) refers to stm32h7xx_it.o(.text.DMA2_Stream1_IRQHandler) for DMA2_Stream1_IRQHandler
    startup_stm32h743xx.o(RESET) refers to stm32h7xx_it.o(.text.UART7_IRQHandler) for UART7_IRQHandler
    startup_stm32h743xx.o(.text) refers to system_stm32h7xx.o(.text.SystemInit) for SystemInit
    startup_stm32h743xx.o(.text) refers to entry.o(.ARM.Collect$$$$00000000) for __main
    main.o(.text.main) refers to main.o(.text.MPU_Config) for MPU_Config
    main.o(.text.main) refers to stm32h7xx_hal.o(.text.HAL_Init) for HAL_Init
    main.o(.text.main) refers to stm32h7xx_hal.o(.text.HAL_Delay) for HAL_Delay
    main.o(.text.main) refers to main.o(.text.SystemClock_Config) for SystemClock_Config
    main.o(.text.main) refers to gpio.o(.text.MX_GPIO_Init) for MX_GPIO_Init
    main.o(.text.main) refers to dma.o(.text.MX_DMA_Init) for MX_DMA_Init
    main.o(.text.main) refers to tim.o(.text.MX_TIM1_Init) for MX_TIM1_Init
    main.o(.text.main) refers to tim.o(.text.MX_TIM6_Init) for MX_TIM6_Init
    main.o(.text.main) refers to tim.o(.text.MX_TIM12_Init) for MX_TIM12_Init
    main.o(.text.main) refers to tim.o(.text.MX_TIM15_Init) for MX_TIM15_Init
    main.o(.text.main) refers to tim.o(.text.MX_TIM2_Init) for MX_TIM2_Init
    main.o(.text.main) refers to tim.o(.text.MX_TIM4_Init) for MX_TIM4_Init
    main.o(.text.main) refers to fdcan.o(.text.MX_FDCAN1_Init) for MX_FDCAN1_Init
    main.o(.text.main) refers to usart.o(.text.MX_UART4_Init) for MX_UART4_Init
    main.o(.text.main) refers to fdcan.o(.text.MX_FDCAN2_Init) for MX_FDCAN2_Init
    main.o(.text.main) refers to usart.o(.text.MX_UART5_Init) for MX_UART5_Init
[...]
    I2C4_ER_IRQHandler                       0x0810001b   Thumb Code     0  startup_stm32h743xx.o(.text)
    I2C4_EV_IRQHandler                       0x0810001b   Thumb Code     0  startup_stm32h743xx.o(.text)
    JPEG_IRQHandler                          0x0810001b   Thumb Code     0  startup_stm32h743xx.o(.text)
    LPTIM1_IRQHandler                        0x0810001b   Thumb Code     0  startup_stm32h743xx.o(.text)
    LPTIM2_IRQHandler                        0x0810001b   Thumb Code     0  startup_stm32h743xx.o(.text)
    LPTIM3_IRQHandler                        0x0810001b   Thumb Code     0  startup_stm32h743xx.o(.text)
    LPTIM4_IRQHandler                        0x0810001b   Thumb Code     0  startup_stm32h743xx.o(.text)
    LPTIM5_IRQHandler                        0x0810001b   Thumb Code     0  startup_stm32h743xx.o(.text)
    LPUART1_IRQHandler                       0x0810001b   Thumb Code     0  startup_stm32h743xx.o(.text)
    LTDC_ER_IRQHandler                       0x0810001b   Thumb Code     0  startup_stm32h743xx.o(.text)
    LTDC_IRQHandler                          0x0810001b   Thumb Code     0  startup_stm32h743xx.o(.text)
    MDIOS_IRQHandler                         0x0810001b   Thumb Code     0  startup_stm32h743xx.o(.text)
    MDIOS_WKUP_IRQHandler                    0x0810001b   Thumb Code     0  startup_stm32h743xx.o(.text)
    MDMA_IRQHandler                          0x0810001b   Thumb Code     0  startup_stm32h743xx.o(.text)
    OTG_FS_EP1_IN_IRQHandler                 0x0810001b   Thumb Code     0  startup_stm32h743xx.o(.text)
    OTG_FS_EP1_OUT_IRQHandler                0x0810001b   Thumb Code     0  startup_stm32h743xx.o(.text)
    OTG_FS_IRQHandler                        0x0810001b   Thumb Code     0  startup_stm32h743xx.o(.text)
    OTG_FS_WKUP_IRQHandler                   0x0810001b   Thumb Code     0  startup_stm32h743xx.o(.text)
    OTG_HS_EP1_IN_IRQHandler                 0x0810001b   Thumb Code     0  startup_stm32h743xx.o(.text)
    OTG_HS_EP1_OUT_IRQHandler                0x0810001b   Thumb Code     0  startup_stm32h743xx.o(.text)
    OTG_HS_IRQHandler                        0x0810001b   Thumb Code     0  startup_stm32h743xx.o(.text)
    OTG_HS_WKUP_IRQHandler                   0x0810001b   Thumb Code     0  startup_stm32h743xx.o(.text)
    PVD_AVD_IRQHandler                       0x0810001b   Thumb Code     0  startup_stm32h743xx.o(.text)
    QUADSPI_IRQHandler                       0x0810001b   Thumb Code     0  startup_stm32h743xx.o(.text)
    RCC_IRQHandler                           0x0810001b   Thumb Code     0  startup_stm32h743xx.o(.text)
    RNG_IRQHandler                           0x0810001b   Thumb Code     0  startup_stm32h743xx.o(.text)
    RTC_Alarm_IRQHandler                     0x0810001b   Thumb Code     0  startup_stm32h743xx.o(.text)
    RTC_WKUP_IRQHandler                      0x0810001b   Thumb Code     0  startup_stm32h743xx.o(.text)
    SAI1_IRQHandler                          0x0810001b   Thumb Code     0  startup_stm32h743xx.o(.text)
    SAI2_IRQHandler                          0x0810001b   Thumb Code     0  startup_stm32h743xx.o(.text)
    SAI3_IRQHandler                          0x0810001b   Thumb Code     0  startup_stm32h743xx.o(.text)
    SAI4_IRQHandler                          0x0810001b   Thumb Code     0  startup_stm32h743xx.o(.text)
    SDMMC1_IRQHandler                        0x0810001b   Thumb Code     0  startup_stm32h743xx.o(.text)
    SDMMC2_IRQHandler                        0x0810001b   Thumb Code     0  startup_stm32h743xx.o(.text)
    SPDIF_RX_IRQHandler                      0x0810001b   Thumb Code     0  startup_stm32h743xx.o(.text)
    SPI1_IRQHandler                          0x0810001b   Thumb Code     0  startup_stm32h743xx.o(.text)
    SPI2_IRQHandler                          0x0810001b   Thumb Code     0  startup_stm32h743xx.o(.text)
    SPI3_IRQHandler                          0x0810001b   Thumb Code     0  startup_stm32h743xx.o(.text)
    SPI4_IRQHandler                          0x0810001b   Thumb Code     0  startup_stm32h743xx.o(.text)
    SPI5_IRQHandler                          0x0810001b   Thumb Code     0  startup_stm32h743xx.o(.text)
    SPI6_IRQHandler                          0x0810001b   Thumb Code     0  startup_stm32h743xx.o(.text)
    SWPMI1_IRQHandler                        0x0810001b   Thumb Code     0  startup_stm32h743xx.o(.text)
    TAMP_STAMP_IRQHandler                    0x0810001b   Thumb Code     0  startup_stm32h743xx.o(.text)
    TIM15_IRQHandler                         0x0810001b   Thumb Code     0  startup_stm32h743xx.o(.text)
    TIM16_IRQHandler                         0x0810001b   Thumb Code     0  startup_stm32h743xx.o(.text)
    TIM17_IRQHandler                         0x0810001b   Thumb Code     0  startup_stm32h743xx.o(.text)
    TIM1_BRK_IRQHandler                      0x0810001b   Thumb Code     0  startup_stm32h743xx.o(.text)
    TIM1_TRG_COM_IRQHandler                  0x0810001b   Thumb Code     0  startup_stm32h743xx.o(.text)
    TIM1_UP_IRQHandler                       0x0810001b   Thumb Code     0  startup_stm32h743xx.o(.text)
    TIM2_IRQHandler                          0x0810001b   Thumb Code     0  startup_stm32h743xx.o(.text)
    TIM3_IRQHandler                          0x0810001b   Thumb Code     0  startup_stm32h743xx.o(.text)
    TIM4_IRQHandler                          0x0810001b   Thumb Code     0  startup_stm32h743xx.o(.text)
    TIM5_IRQHandler                          0x0810001b   Thumb Code     0  startup_stm32h743xx.o(.text)
    TIM7_IRQHandler                          0x0810001b   Thumb Code     0  startup_stm32h743xx.o(.text)
    TIM8_CC_IRQHandler                       0x0810001b   Thumb Code     0  startup_stm32h743xx.o(.text)
    TIM8_TRG_COM_TIM14_IRQHandler            0x0810001b   Thumb Code     0  startup_stm32h743xx.o(.text)
    TIM8_UP_TIM13_IRQHandler                 0x0810001b   Thumb Code     0  startup_stm32h743xx.o(.text)
    UART8_IRQHandler                         0x0810001b   Thumb Code     0  startup_stm32h743xx.o(.text)
    USART2_IRQHandler                        0x0810001b   Thumb Code     0  startup_stm32h743xx.o(.text)
    USART6_IRQHandler                        0x0810001b   Thumb Code     0  startup_stm32h743xx.o(.text)
    WAKEUP_PIN_IRQHandler                    0x0810001b   Thumb Code     0  startup_stm32h743xx.o(.text)
    WWDG_IRQHandler                          0x0810001b   Thumb Code     0  startup_stm32h743xx.o(.text)
    __aeabi_uldivmod                         0x08100025   Thumb Code    98  uldiv.o(.text)
    __aeabi_memset                           0x08100087   Thumb Code    14  memseta.o(.text)
    __aeabi_memset4                          0x08100087   Thumb Code     0  memseta.o(.text)
    __aeabi_memset8                          0x08100087   Thumb Code     0  memseta.o(.text)
    __aeabi_memclr                           0x08100095   Thumb Code     4  memseta.o(.text)
    __aeabi_memclr4                          0x08100095   Thumb Code     0  memseta.o(.text)
    __aeabi_memclr8                          0x08100095   Thumb Code     0  memseta.o(.text)
    _memset$wrapper                          0x08100099   Thumb Code    18  memseta.o(.text)
    __aeabi_d2f                              0x081000ab   Thumb Code    56  d2f.o(.text)
    __aeabi_llsl                             0x081000e3   Thumb Code    30  llshl.o(.text)
    _ll_shift_l                              0x081000e3   Thumb Code     0  llshl.o(.text)
    _double_round                            0x08100101   Thumb Code    30  depilogue.o(.text)
    _double_epilogue                         0x0810011f   Thumb Code   156  depilogue.o(.text)
    __decompress                             0x081001bb   Thumb Code     0  __dczerorl.o(.text)
    __decompress0                            0x081001bb   Thumb Code    58  __dczerorl.o(.text)
    BusFault_Handler                         0x081001f9   Thumb Code     4  stm32h7xx_it.o(.text.BusFault_Handler)
    DMA1_Stream2_IRQHandler                  0x08100201   Thumb Code    16  stm32h7xx_it.o(.text.DMA1_Stream2_IRQHandler)
    DMA1_Stream4_IRQHandler                  0x08100211   Thumb Code    16  stm32h7xx_it.o(.text.DMA1_Stream4_IRQHandler)
    DMA1_Stream6_IRQHandler                  0x08100221   Thumb Code    16  stm32h7xx_it.o(.text.DMA1_Stream6_IRQHandler)
    DMA2_Stream1_IRQHandler                  0x08100231   Thumb Code    16  stm32h7xx_it.o(.text.DMA2_Stream1_IRQHandler)
    DebugMon_Handler                         0x081005a1   Thumb Code     2  stm32h7xx_it.o(.text.DebugMon_Handler)
    FDCAN1_Send_Msg                          0x081005a9   Thumb Code   120  robstride04.o(.text.FDCAN1_Send_Msg)
    FDCAN2_IT0_IRQHandler                    0x08100621   Thumb Code    16  stm32h7xx_it.o(.text.FDCAN2_IT0_IRQHandler)
    Float2Uint                               0x08100901   Thumb Code   178  robstride04.o(.text.Float2Uint)
    Get_Cmd                                  0x081009b9   Thumb Code   200  remote.o(.text.Get_Cmd)
    Get_Position                             0x08100a81   Thumb Code   156  brt38.o(.text.Get_Position)
    HAL_DMA_Abort_IT                         0x08100b21   Thumb Code  1736  stm32h7xx_hal_dma.o(.text.HAL_DMA_Abort_IT)
    HAL_DMA_GetError                         0x081011e9   Thumb Code    16  stm32h7xx_hal_dma.o(.text.HAL_DMA_GetError)
    HAL_DMA_IRQHandler                       0x081011f9   Thumb Code  4668  stm32h7xx_hal_dma.o(.text.HAL_DMA_IRQHandler)
    HAL_Delay                                0x08102439   Thumb Code    78  stm32h7xx_hal.o(.text.HAL_Delay)
    HAL_FDCAN_AddMessageToTxFifoQ            0x08102489   Thumb Code   222  stm32h7xx_hal_fdcan.o(.text.HAL_FDCAN_AddMessageToTxFifoQ)
    HAL_FDCAN_ClockCalibrationCallback       0x08102569   Thumb Code    18  stm32h7xx_hal_fdcan.o(.text.HAL_FDCAN_ClockCalibrationCallback)
    HAL_FDCAN_HighPriorityMessageCallback    0x08102581   Thumb Code    12  stm32h7xx_hal_fdcan.o(.text.HAL_FDCAN_HighPriorityMessageCallback)
    HAL_FDCAN_MspInit                        0x08102591   Thumb Code   426  fdcan.o(.text.HAL_FDCAN_MspInit)
    HAL_FDCAN_RxBufferNewMessageCallback     0x08102741   Thumb Code    12  stm32h7xx_hal_fdcan.o(.text.HAL_FDCAN_RxBufferNewMessageCallback)
    HAL_FDCAN_RxFifo0Callback                0x08102751   Thumb Code   116  my_can_init.o(.text.HAL_FDCAN_RxFifo0Callback)
    HAL_FDCAN_Start                          0x081027c9   Thumb Code    84  stm32h7xx_hal_fdcan.o(.text.HAL_FDCAN_Start)
    HAL_FDCAN_TT_GlobalTimeCallback          0x08102821   Thumb Code    18  stm32h7xx_hal_fdcan.o(.text.HAL_FDCAN_TT_GlobalTimeCallback)
    HAL_FDCAN_TT_ScheduleSyncCallback        0x08102839   Thumb Code    18  stm32h7xx_hal_fdcan.o(.text.HAL_FDCAN_TT_ScheduleSyncCallback)
    HAL_FDCAN_TT_StopWatchCallback           0x08102851   Thumb Code    30  stm32h7xx_hal_fdcan.o(.text.HAL_FDCAN_TT_StopWatchCallback)
    HAL_FDCAN_TimeoutOccurredCallback        0x08102871   Thumb Code    12  stm32h7xx_hal_fdcan.o(.text.HAL_FDCAN_TimeoutOccurredCallback)
    HAL_FDCAN_TxBufferCompleteCallback       0x08102881   Thumb Code    18  stm32h7xx_hal_fdcan.o(.text.HAL_FDCAN_TxBufferCompleteCallback)
    HAL_GPIO_Init                            0x08102899   Thumb Code   992  stm32h7xx_hal_gpio.o(.text.HAL_GPIO_Init)
    HAL_GPIO_WritePin                        0x08102c79   Thumb Code    66  stm32h7xx_hal_gpio.o(.text.HAL_GPIO_WritePin)
    HAL_GetREVID                             0x08102cc1   Thumb Code    14  stm32h7xx_hal.o(.text.HAL_GetREVID)
    HAL_IncTick                              0x08102cd1   Thumb Code    26  stm32h7xx_hal.o(.text.HAL_IncTick)
    HAL_InitTick                             0x08102cf1   Thumb Code   142  stm32h7xx_hal.o(.text.HAL_InitTick)
    HAL_MPU_ConfigRegion                     0x08102d81   Thumb Code   148  stm32h7xx_hal_cortex.o(.text.HAL_MPU_ConfigRegion)
    HAL_MPU_Enable                           0x08102e19   Thumb Code    52  stm32h7xx_hal_cortex.o(.text.HAL_MPU_Enable)
    HAL_MspInit                              0x08102e51   Thumb Code    38  stm32h7xx_hal_msp.o(.text.HAL_MspInit)
    HAL_NVIC_SetPriorityGrouping             0x08102e79   Thumb Code    20  stm32h7xx_hal_cortex.o(.text.HAL_NVIC_SetPriorityGrouping)
    HAL_PWREx_ConfigSupply                   0x08102e91   Thumb Code   170  stm32h7xx_hal_pwr_ex.o(.text.HAL_PWREx_ConfigSupply)
    HAL_RCCEx_GetPLL3ClockFreq               0x08102f41   Thumb Code   700  stm32h7xx_hal_rcc_ex.o(.text.HAL_RCCEx_GetPLL3ClockFreq)
    HAL_RCC_ClockConfig                      0x08103201   Thumb Code  1194  stm32h7xx_hal_rcc.o(.text.HAL_RCC_ClockConfig)
    HAL_RCC_GetPCLK1Freq                     0x081036b1   Thumb Code    42  stm32h7xx_hal_rcc.o(.text.HAL_RCC_GetPCLK1Freq)
    HAL_RCC_GetPCLK2Freq                     0x081036e1   Thumb Code    42  stm32h7xx_hal_rcc.o(.text.HAL_RCC_GetPCLK2Freq)
    HAL_RCC_GetSysClockFreq                  0x08103711   Thumb Code   800  stm32h7xx_hal_rcc.o(.text.HAL_RCC_GetSysClockFreq)
    HAL_RCC_OscConfig                        0x08103a31   Thumb Code  2798  stm32h7xx_hal_rcc.o(.text.HAL_RCC_OscConfig)
    HAL_SYSTICK_Config                       0x08104521   Thumb Code    20  stm32h7xx_hal_cortex.o(.text.HAL_SYSTICK_Config)
    HAL_TIMEx_BreakCallback                  0x08104539   Thumb Code    12  stm32h7xx_hal_tim_ex.o(.text.HAL_TIMEx_BreakCallback)
    HAL_TIM_Base_MspInit                     0x08104549   Thumb Code   676  tim.o(.text.HAL_TIM_Base_MspInit)
    HAL_TIM_ErrorCallback                    0x081047f1   Thumb Code    12  stm32h7xx_hal_tim.o(.text.HAL_TIM_ErrorCallback)
    HAL_TIM_IC_ConfigChannel                 0x08104801   Thumb Code   328  stm32h7xx_hal_tim.o(.text.HAL_TIM_IC_ConfigChannel)
    HAL_TIM_IC_Init                          0x08104949   Thumb Code   182  stm32h7xx_hal_tim.o(.text.HAL_TIM_IC_Init)
    HAL_TIM_IC_Start_IT                      0x08104a01   Thumb Code   768  stm32h7xx_hal_tim.o(.text.HAL_TIM_IC_Start_IT)
    HAL_TIM_IRQHandler                       0x08104d01   Thumb Code   710  stm32h7xx_hal_tim.o(.text.HAL_TIM_IRQHandler)
    HAL_TIM_MspPostInit                      0x08104fc9   Thumb Code   358  tim.o(.text.HAL_TIM_MspPostInit)
    HAL_TIM_OC_DelayElapsedCallback          0x08105131   Thumb Code    12  stm32h7xx_hal_tim.o(.text.HAL_TIM_OC_DelayElapsedCallback)
    HAL_TIM_PWM_MspInit                      0x08105141   Thumb Code    12  stm32h7xx_hal_tim.o(.text.HAL_TIM_PWM_MspInit)
    HAL_TIM_PWM_Start                        0x08105151   Thumb Code   636  stm32h7xx_hal_tim.o(.text.HAL_TIM_PWM_Start)
    HAL_TIM_PWM_Start_DMA                    0x081053d1   Thumb Code  1234  stm32h7xx_hal_tim.o(.text.HAL_TIM_PWM_Start_DMA)
    HAL_TIM_TriggerCallback                  0x081058a9   Thumb Code    12  stm32h7xx_hal_tim.o(.text.HAL_TIM_TriggerCallback)
    HAL_UARTEx_DisableFifoMode               0x081058b9   Thumb Code   128  stm32h7xx_hal_uart_ex.o(.text.HAL_UARTEx_DisableFifoMode)
    HAL_UARTEx_SetRxFifoThreshold            0x08105939   Thumb Code   148  stm32h7xx_hal_uart_ex.o(.text.HAL_UARTEx_SetRxFifoThreshold)
    HAL_UARTEx_TxFifoEmptyCallback           0x081059d1   Thumb Code    12  stm32h7xx_hal_uart_ex.o(.text.HAL_UARTEx_TxFifoEmptyCallback)
    HAL_UARTEx_WakeupCallback                0x081059e1   Thumb Code    12  stm32h7xx_hal_uart_ex.o(.text.HAL_UARTEx_WakeupCallback)
    HAL_UART_ErrorCallback                   0x081059f1   Thumb Code    12  stm32h7xx_hal_uart.o(.text.HAL_UART_ErrorCallback)
    HAL_UART_IRQHandler                      0x08105a01   Thumb Code  1494  stm32h7xx_hal_uart.o(.text.HAL_UART_IRQHandler)
    HAL_UART_MspInit                         0x08105fd9   Thumb Code  1696  usart.o(.text.HAL_UART_MspInit)
    HAL_UART_RxCpltCallback                  0x08106679   Thumb Code    12  stm32h7xx_hal_uart.o(.text.HAL_UART_RxCpltCallback)
    HAL_UART_Transmit_DMA                    0x08106689   Thumb Code   328  stm32h7xx_hal_uart.o(.text.HAL_UART_Transmit_DMA)
    HAL_UART_TxCpltCallback                  0x081067d1   Thumb Code    88  uart.o(.text.HAL_UART_TxCpltCallback)
    HardFault_Handler                        0x08106829   Thumb Code     4  stm32h7xx_it.o(.text.HardFault_Handler)
    MX_DMA_Init                              0x08106831   Thumb Code   256  dma.o(.text.MX_DMA_Init)
    MX_FDCAN2_Init                           0x08106931   Thumb Code   116  fdcan.o(.text.MX_FDCAN2_Init)
    MX_UART5_Init                            0x081069a9   Thumb Code   146  usart.o(.text.MX_UART5_Init)
    MX_USART1_UART_Init                      0x08106a41   Thumb Code   142  usart.o(.text.MX_USART1_UART_Init)
    Millisecond_50_Task                      0x08106ad1   Thumb Code     2  app.o(.text.Millisecond_50_Task)
    Motor_Cmd                                0x08106ad9   Thumb Code   114  robstride04.o(.text.Motor_Cmd)
    Motor_Ctrl                               0x08106b51   Thumb Code   344  robstride04.o(.text.Motor_Ctrl)
    PID_struct_init                          0x08106ca9   Thumb Code   174  pid.o(.text.PID_struct_init)
    R04_filter                               0x08107431   Thumb Code   186  robstride04.o(.text.R04_filter)
    RM3508_Init                              0x081076c9   Thumb Code   312  rm3508.o(.text.RM3508_Init)
    RM3508_filter                            0x08107801   Thumb Code   182  rm3508.o(.text.RM3508_filter)
    RS485_Init                               0x081078b9   Thumb Code    42  uart.o(.text.RS485_Init)
    Relay_Init                               0x081078e9   Thumb Code    40  relay.o(.text.Relay_Init)
    Remote_Init                              0x08107911   Thumb Code   130  remote.o(.text.Remote_Init)
    RobStride04_IsReady                      0x08107999   Thumb Code    20  robstride04.o(.text.RobStride04_IsReady)
    RobStride04_Manager_Init                 0x081079b1   Thumb Code   480  robstride04.o(.text.RobStride04_Manager_Init)
    SVC_Handler                              0x08107b91   Thumb Code     2  stm32h7xx_it.o(.text.SVC_Handler)
    Sbus_Data_Count                          0x08107b99   Thumb Code   468  sbus.o(.text.Sbus_Data_Count)
    Step_Pwm_Fre                             0x08107d71   Thumb Code    70  step_motor.o(.text.Step_Pwm_Fre)
    SystemClock_Config                       0x08107e19   Thumb Code   236  main.o(.text.SystemClock_Config)
    TIM6_DAC_IRQHandler                      0x08107f09   Thumb Code    16  stm32h7xx_it.o(.text.TIM6_DAC_IRQHandler)
    TIM8_BRK_TIM12_IRQHandler                0x08107f19   Thumb Code    16  stm32h7xx_it.o(.text.TIM8_BRK_TIM12_IRQHandler)
    TIM_ETR_SetConfig                        0x08107ff9   Thumb Code    74  stm32h7xx_hal_tim.o(.text.TIM_ETR_SetConfig)
    TIM_TI1_SetConfig                        0x081083f9   Thumb Code   302  stm32h7xx_hal_tim.o(.text.TIM_TI1_SetConfig)
    UART4_IRQHandler                         0x081086a1   Thumb Code    28  stm32h7xx_it.o(.text.UART4_IRQHandler)
    UART7_IRQHandler                         0x081086c1   Thumb Code    28  stm32h7xx_it.o(.text.UART7_IRQHandler)
    UART_AdvFeatureConfig                    0x081086e1   Thumb Code   318  stm32h7xx_hal_uart.o(.text.UART_AdvFeatureConfig)
    UART_SetConfig                           0x08108959   Thumb Code  2368  stm32h7xx_hal_uart.o(.text.UART_SetConfig)
    UART_Start_Receive_DMA                   0x08109299   Thumb Code   246  stm32h7xx_hal_uart.o(.text.UART_Start_Receive_DMA)
    UART_WaitOnFlagUntilTimeout              0x08109391   Thumb Code   298  stm32h7xx_hal_uart.o(.text.UART_WaitOnFlagUntilTimeout)
    USAR_UART1_IDLECallback                  0x081094c1   Thumb Code   524  ibus.o(.text.USAR_UART1_IDLECallback)
    USAR_UART3_IDLECallback                  0x081096d1   Thumb Code   504  uart.o(.text.USAR_UART3_IDLECallback)
    USAR_UART4_IDLECallback                  0x081098c9   Thumb Code   520  uart.o(.text.USAR_UART4_IDLECallback)
    Uint2Float                               0x08109ad1   Thumb Code   126  robstride04.o(.text.Uint2Float)
    WS2812B_Init                             0x08109b51   Thumb Code    64  ws2812b.o(.text.WS2812B_Init)
    WS2812B_SetPixelColor                    0x08109b91   Thumb Code   362  ws2812b.o(.text.WS2812B_SetPixelColor)
    YS_Motor_Init                            0x08109d01   Thumb Code    66  ys_motor.o(.text.YS_Motor_Init)
    do_crc_table                             0x08109d99   Thumb Code    82  crc.o(.text.do_crc_table)
    main                                     0x08109df1   Thumb Code   320  main.o(.text.main)
    D1CorePrescTable                         0x08109f30   Data          16  system_stm32h7xx.o(.rodata.D1CorePrescTable)
    Tim1_Ch1_PulseWidth                      0x24000000   Data           2  remote.o(.DTCM)
    Tim1_Ch2_PulseWidth                      0x24000002   Data           2  remote.o(.DTCM)
    Tim1_Ch3_PulseWidth                      0x24000004   Data           2  remote.o(.DTCM)
    Tim1_Ch4_PulseWidth                      0x24000006   Data           2  remote.o(.DTCM)
    Tim12_Ch1_PulseWidth                     0x24000008   Data           4  remote.o(.DTCM)
    Tim12_Ch2_PulseWidth                     0x2400000c   Data           4  remote.o(.DTCM)
    Channel_Value                            0x24000010   Data          12  remote.o(.DTCM)
    TxData1                                  0x2400001c   Data           8  my_can_init.o(.DTCM)
    TxData2                                  0x24000024   Data           8  my_can_init.o(.DTCM)
    RxData1                                  0x2400002c   Data           8  my_can_init.o(.DTCM)
    RxData2                                  0x24000034   Data           8  my_can_init.o(.DTCM)
    Receive_Data_1                           0x2400003c   Data          24  uart.o(.DTCM)
    Receive_Data_2                           0x24000054   Data          24  uart.o(.DTCM)
    GReceive_Data                            0x2400006c   Data          20  uart.o(.DTCM)
    Sbus_Connect_Flag                        0x24000080   Data           1  sbus.o(.DTCM)
    Sbus_Value                               0x24000084   Data          64  sbus.o(.DTCM)
    SBUS_Data                                0x240000c4   Data          26  sbus.o(.DTCM)
    Ibus_Connect_Flag                        0x240000e0   Data           1  ibus.o(.DTCM)
    Ibus_Remote_Value                        0x240000e4   Data          56  ibus.o(.DTCM)
    IBUS_Data                                0x2400011c   Data          26  ibus.o(.DTCM)
    Motor_Sendpack                           0x24000138   Data          17  ys_motor.o(.DTCM)
    Motor_1                                  0x2400014c   Data          20  ys_motor.o(.DTCM)
    Motor_2                                  0x24000160   Data          20  ys_motor.o(.DTCM)
    Motor_3                                  0x24000174   Data          20  ys_motor.o(.DTCM)
    Motor_Recvpack                           0x24000188   Data          16  ys_motor.o(.DTCM)
    G_Receive_buff                           0x24000198   Data          40  uart.o(.RAM_D1)
    Receive_buff_1                           0x240001c0   Data          50  uart.o(.RAM_D1)
    Receive_buff_2                           0x240001f2   Data          50  uart.o(.RAM_D1)
    Sbus_buff_                               0x24000224   Data          50  sbus.o(.RAM_D1)
    Ibus_buff                                0x24000256   Data          40  ibus.o(.RAM_D1)
    SystemCoreClock                          0x2400028c   Data           4  system_stm32h7xx.o(.data.SystemCoreClock)
    SystemD2Clock                            0x24000290   Data           4  system_stm32h7xx.o(.data.SystemD2Clock)
    uwTickFreq                               0x24000294   Data           1  stm32h7xx_hal.o(.data.uwTickFreq)
    uwTickPrio                               0x24000298   Data           4  stm32h7xx_hal.o(.data.uwTickPrio)
    BRT38_Position                           0x240002a0   Data           4  brt38.o(.bss.BRT38_Position)
    CRC_OUT_BRT                              0x240002a4   Data           2  brt38.o(.bss.CRC_OUT_BRT)
    ID                                       0x240002dc   Data           1  ys_motor.o(.bss.ID)
    Ibus_CH                                  0x240002de   Data          28  ibus.o(.bss.Ibus_CH)
    Motor1_Pid                               0x240002fc   Data         108  app.o(.bss.Motor1_Pid)
    Motor_Speed                              0x24000368   Data          16  rm3508.o(.bss.Motor_Speed)
    Motor_Speed_Last                         0x24000378   Data          16  rm3508.o(.bss.Motor_Speed_Last)
    R04_TxHeader                             0x240005d8   Data          36  robstride04.o(.bss.R04_TxHeader)
    R04_sFilterConfig                        0x24000630   Data          32  robstride04.o(.bss.R04_sFilterConfig)
    RM3508_1_Speed_Pid                       0x24000650   Data         108  rm3508.o(.bss.RM3508_1_Speed_Pid)
    RM3508_2_Speed_Pid                       0x240006bc   Data         108  rm3508.o(.bss.RM3508_2_Speed_Pid)
    RM3508_3_Speed_Pid                       0x24000728   Data         108  rm3508.o(.bss.RM3508_3_Speed_Pid)
    RM3508_4_Speed_Pid                       0x24000794   Data         108  rm3508.o(.bss.RM3508_4_Speed_Pid)
    RM3508_TxHeader                          0x24000800   Data          36  rm3508.o(.bss.RM3508_TxHeader)
    RM3508_sFilterConfig                     0x24000824   Data          32  rm3508.o(.bss.RM3508_sFilterConfig)
    Rs_Motor_1                               0x24000844   Data          24  my_can_init.o(.bss.Rs_Motor_1)
    Rs_Motor_Feedback_Valid                  0x2400085c   Data          16  robstride04.o(.bss.Rs_Motor_Feedback_Valid)
    Rs_Motor_List                            0x2400086c   Data         384  robstride04.o(.bss.Rs_Motor_List)
    RxHeader1                                0x240009ec   Data          40  my_can_init.o(.bss.RxHeader1)
    RxHeader2                                0x24000a14   Data          40  my_can_init.o(.bss.RxHeader2)
    Sbus_CH                                  0x24000a3c   Data          32  sbus.o(.bss.Sbus_CH)
    YS_Motor1_Pid                            0x24000a5c   Data         108  app.o(.bss.YS_Motor1_Pid)
    dma_buffer                               0x24000ac8   Data         672  ws2812b.o(.bss.dma_buffer)
    hdma_tim3_ch1                            0x24000d68   Data         120  tim.o(.bss.hdma_tim3_ch1)
    hdma_uart4_rx                            0x24000de0   Data         120  usart.o(.bss.hdma_uart4_rx)
    hdma_uart4_tx                            0x24000e58   Data         120  usart.o(.bss.hdma_uart4_tx)
    hdma_uart5_rx                            0x24000ed0   Data         120  usart.o(.bss.hdma_uart5_rx)
    hdma_uart5_tx                            0x24000f48   Data         120  usart.o(.bss.hdma_uart5_tx)
    hdma_uart7_rx                            0x24000fc0   Data         120  usart.o(.bss.hdma_uart7_rx)
    hdma_usart1_rx                           0x24001038   Data         120  usart.o(.bss.hdma_usart1_rx)
    hdma_usart1_tx                           0x240010b0   Data         120  usart.o(.bss.hdma_usart1_tx)
    hdma_usart3_rx                           0x24001128   Data         120  usart.o(.bss.hdma_usart3_rx)
    hdma_usart3_tx                           0x240011a0   Data         120  usart.o(.bss.hdma_usart3_tx)
    hfdcan1                                  0x24001218   Data         160  fdcan.o(.bss.hfdcan1)
    hfdcan2                                  0x240012b8   Data         160  fdcan.o(.bss.hfdcan2)
    htim1                                    0x24001358   Data          76  tim.o(.bss.htim1)
    htim12                                   0x240013a4   Data          76  tim.o(.bss.htim12)
    htim15                                   0x240013f0   Data          76  tim.o(.bss.htim15)
    htim2                                    0x2400143c   Data          76  tim.o(.bss.htim2)
    htim3                                    0x24001488   Data          76  tim.o(.bss.htim3)
    htim4                                    0x240014d4   Data          76  tim.o(.bss.htim4)
    htim6                                    0x24001520   Data          76  tim.o(.bss.htim6)
    huart1                                   0x2400156c   Data         144  usart.o(.bss.huart1)
    huart3                                   0x240015fc   Data         144  usart.o(.bss.huart3)
    huart4                                   0x2400168c   Data         144  usart.o(.bss.huart4)
    huart5                                   0x2400171c   Data         144  usart.o(.bss.huart5)
    huart7                                   0x240017ac   Data         144  usart.o(.bss.huart7)
    pluse                                    0x2400186c   Data           4  app.o(.bss.pluse)
    uwTick                                   0x24001870   Data           4  stm32h7xx_hal.o(.bss.uwTick)
    __initial_sp                             0x24001c78   Data           0  startup_stm32h743xx.o(STACK)



==============================================================================

Memory Map of the image

  Image Entry point : 0x08000299

  Load Region LR_IROM1 (Base: 0x08000000, Size: 0x0000a820, Max: 0x00100000, ABSOLUTE, COMPRESSED[0x0000a5b8])

    Execution Region ER_IROM1 (Exec base: 0x08000000, Load base: 0x08000000, Size: 0x0000a57c, Max: 0x00100000, ABSOLUTE)

    Exec Addr    Load Addr    Size         Type   Attr      Idx    E Section Name        Object

    0x08000000   0x08000000   0x00000298   Data   RO            3    RESET               startup_stm32h743xx.o
    0x08000298   0x08000298   0x00000000   Code   RO         2535  * .ARM.Collect$$$$00000000  mc_w.l(entry.o)
    0x08000298   0x08000298   0x00000004   Code   RO         2571    .ARM.Collect$$$$00000001  mc_w.l(entry2.o)
    0x0800029c   0x0800029c   0x00000004   Code   RO         2574    .ARM.Collect$$$$00000004  mc_w.l(entry5.o)
    0x080002a0   0x080002a0   0x00000000   Code   RO         2576    .ARM.Collect$$$$00000008  mc_w.l(entry7b.o)
    0x080002a0   0x080002a0   0x00000000   Code   RO         2578    .ARM.Collect$$$$0000000A  mc_w.l(entry8b.o)
    0x080002a0   0x080002a0   0x00000008   Code   RO         2579    .ARM.Collect$$$$0000000B  mc_w.l(entry9a.o)
    0x080002a8   0x080002a8   0x00000000   Code   RO         2581    .ARM.Collect$$$$0000000D  mc_w.l(entry10a.o)
    0x080002a8   0x080002a8   0x00000000   Code   RO         2583    .ARM.Collect$$$$0000000F  mc_w.l(entry11a.o)
    0x080002a8   0x080002a8   0x00000004   Code   RO         2572    .ARM.Collect$$$$00002712  mc_w.l(entry2.o)
    0x080002ac   0x080002ac   0x00000024   Code   RO         2540    .text               mc_w.l(memcpya.o)
    0x080002d0   0x080002d0   0x000000de   Code   RO         2546    .text               mf_w.l(ddiv.o)
    0x080003ae   0x080003ae   0x00000026   Code   RO         2548    .text               mf_w.l(f2d.o)
    0x080003d4   0x080003d4   0x00000020   Code   RO         2587    .text               mc_w.l(llushr.o)
    0x080003f4   0x080003f4   0x00000000   Code   RO         2596    .text               mc_w.l(iusefp.o)
    0x080003f4   0x080003f4   0x0000006e   Code   RO         2597    .text               mf_w.l(fepilogue.o)
    0x08000462   0x08000462   0x00000002   PAD
    0x08000464   0x08000464   0x00000024   Code   RO         2601    .text               mc_w.l(init.o)
    0x08000488   0x08000488   0x00000042   Code   RO         2214    .text.BRT38_Init    brt38.o
    0x080004ca   0x080004ca   0x00000006   PAD
    0x080004d0   0x080004d0   0x00000010   Code   RO          174    .text.DMA1_Stream0_IRQHandler  stm32h7xx_it.o
    0x080004e0   0x080004e0   0x00000010   Code   RO          176    .text.DMA1_Stream1_IRQHandler  stm32h7xx_it.o
    0x080004f0   0x080004f0   0x00000010   Code   RO          180    .text.DMA1_Stream3_IRQHandler  stm32h7xx_it.o
    0x08000500   0x08000500   0x00000010   Code   RO          184    .text.DMA1_Stream5_IRQHandler  stm32h7xx_it.o
    0x08000510   0x08000510   0x00000010   Code   RO          200    .text.DMA1_Stream7_IRQHandler  stm32h7xx_it.o
    0x08000520   0x08000520   0x00000010   Code   RO          208    .text.DMA2_Stream0_IRQHandler  stm32h7xx_it.o
    0x08000530   0x08000530   0x00000132   Code   RO          595    .text.DMA_CalcDMAMUXRequestGenBaseAndMask  stm32h7xx_hal_dma.o
    0x08000662   0x08000662   0x00000006   PAD
    0x08000668   0x08000668   0x000000f6   Code   RO          589    .text.DMA_CheckFifoParam  stm32h7xx_hal_dma.o
    0x0800075e   0x0800075e   0x00000002   PAD
    0x08000760   0x08000760   0x00000536   Code   RO          601    .text.DMA_SetConfig  stm32h7xx_hal_dma.o
    0x08000c96   0x08000c96   0x00000002   PAD
    0x08000c98   0x08000c98   0x0000000e   Code   RO           17    .text.Error_Handler  main.o
    0x08000ca6   0x08000ca6   0x00000002   PAD
    0x08000ca8   0x08000ca8   0x00000010   Code   RO          188    .text.FDCAN1_IT0_IRQHandler  stm32h7xx_it.o
    0x08000cb8   0x08000cb8   0x000000d0   Code   RO         1256    .text.FDCAN_CopyMessageToRAM  stm32h7xx_hal_fdcan.o
    0x08000d88   0x08000d88   0x0000099a   Code   RO          605    .text.HAL_DMA_Abort  stm32h7xx_hal_dma.o
    0x08001722   0x08001722   0x00000006   PAD
    0x08001728   0x08001728   0x00000998   Code   RO          587    .text.HAL_DMA_Init  stm32h7xx_hal_dma.o
    0x080020c0   0x080020c0   0x00000732   Code   RO          603    .text.HAL_DMA_Start_IT  stm32h7xx_hal_dma.o
    0x080027f2   0x080027f2   0x00000006   PAD
    0x080027f8   0x080027f8   0x0000010e   Code   RO         1334    .text.HAL_FDCAN_ActivateNotification  stm32h7xx_hal_fdcan.o
    0x08002906   0x08002906   0x00000002   PAD
    0x08002908   0x08002908   0x00000120   Code   RO         1206    .text.HAL_FDCAN_ConfigFilter  stm32h7xx_hal_fdcan.o
    0x08002a28   0x08002a28   0x00000074   Code   RO         1208    .text.HAL_FDCAN_ConfigGlobalFilter  stm32h7xx_hal_fdcan.o
    0x08002a9c   0x08002a9c   0x00000004   PAD
    0x08002aa0   0x08002aa0   0x0000000c   Code   RO         1376    .text.HAL_FDCAN_ErrorCallback  stm32h7xx_hal_fdcan.o
    0x08002aac   0x08002aac   0x00000004   PAD
    0x08002ab0   0x08002ab0   0x00000012   Code   RO         1366    .text.HAL_FDCAN_ErrorStatusCallback  stm32h7xx_hal_fdcan.o
    0x08002ac2   0x08002ac2   0x00000006   PAD
    0x08002ac8   0x08002ac8   0x0000031c   Code   RO         1266    .text.HAL_FDCAN_GetRxMessage  stm32h7xx_hal_fdcan.o
    0x08002de4   0x08002de4   0x00000004   PAD
    0x08002de8   0x08002de8   0x0000001c   Code   RO         1282    .text.HAL_FDCAN_GetTxFifoFreeLevel  stm32h7xx_hal_fdcan.o
    0x08002e04   0x08002e04   0x00000004   PAD
    0x08002e08   0x08002e08   0x000005b6   Code   RO         1342    .text.HAL_FDCAN_IRQHandler  stm32h7xx_hal_fdcan.o
    0x080033be   0x080033be   0x00000002   PAD
    0x080033c0   0x080033c0   0x00000412   Code   RO         1182    .text.HAL_FDCAN_Init  stm32h7xx_hal_fdcan.o
    0x080037d2   0x080037d2   0x00000006   PAD
    0x080037d8   0x080037d8   0x000000ac   Code   RO         2160    .text.HAL_FDCAN_RxFifo1Callback  my_can_init.o
    0x08003884   0x08003884   0x00000004   PAD
    0x08003888   0x08003888   0x00000012   Code   RO         1370    .text.HAL_FDCAN_TT_TimeMarkCallback  stm32h7xx_hal_fdcan.o
    0x0800389a   0x0800389a   0x00000006   PAD
    0x080038a0   0x080038a0   0x0000000c   Code   RO         1362    .text.HAL_FDCAN_TimestampWraparoundCallback  stm32h7xx_hal_fdcan.o
    0x080038ac   0x080038ac   0x00000004   PAD
    0x080038b0   0x080038b0   0x00000012   Code   RO         1346    .text.HAL_FDCAN_TxBufferAbortCallback  stm32h7xx_hal_fdcan.o
    0x080038c2   0x080038c2   0x00000006   PAD
    0x080038c8   0x080038c8   0x00000012   Code   RO         1350    .text.HAL_FDCAN_TxEventFifoCallback  stm32h7xx_hal_fdcan.o
    0x080038da   0x080038da   0x00000006   PAD
    0x080038e0   0x080038e0   0x0000000c   Code   RO         1356    .text.HAL_FDCAN_TxFifoEmptyCallback  stm32h7xx_hal_fdcan.o
    0x080038ec   0x080038ec   0x00000004   PAD
    0x080038f0   0x080038f0   0x00000036   Code   RO          531    .text.HAL_GPIO_ReadPin  stm32h7xx_hal_gpio.o
    0x08003926   0x08003926   0x00000002   PAD
    0x08003928   0x08003928   0x00000030   Code   RO          535    .text.HAL_GPIO_TogglePin  stm32h7xx_hal_gpio.o
    0x08003958   0x08003958   0x0000000c   Code   RO          863    .text.HAL_GetTick   stm32h7xx_hal.o
    0x08003964   0x08003964   0x00000004   PAD
    0x08003968   0x08003968   0x00000082   Code   RO          851    .text.HAL_Init      stm32h7xx_hal.o
    0x080039ea   0x080039ea   0x00000006   PAD
    0x080039f0   0x080039f0   0x00000022   Code   RO          265    .text.HAL_MPU_Disable  stm32h7xx_hal_cortex.o
    0x08003a12   0x08003a12   0x00000006   PAD
    0x08003a18   0x08003a18   0x00000018   Code   RO          249    .text.HAL_NVIC_EnableIRQ  stm32h7xx_hal_cortex.o
    0x08003a30   0x08003a30   0x00000042   Code   RO          241    .text.HAL_NVIC_SetPriority  stm32h7xx_hal_cortex.o
    0x08003a72   0x08003a72   0x00000006   PAD
    0x08003a78   0x08003a78   0x0000002a   Code   RO          369    .text.HAL_RCCEx_GetD3PCLK1Freq  stm32h7xx_hal_rcc_ex.o
    0x08003aa2   0x08003aa2   0x00000006   PAD
    0x08003aa8   0x08003aa8   0x000002bc   Code   RO          365    .text.HAL_RCCEx_GetPLL2ClockFreq  stm32h7xx_hal_rcc_ex.o
    0x08003d64   0x08003d64   0x00000004   PAD
    0x08003d68   0x08003d68   0x00000fe6   Code   RO          353    .text.HAL_RCCEx_PeriphCLKConfig  stm32h7xx_hal_rcc_ex.o
    0x08004d4e   0x08004d4e   0x00000002   PAD
    0x08004d50   0x08004d50   0x00000058   Code   RO          328    .text.HAL_RCC_GetHCLKFreq  stm32h7xx_hal_rcc.o
    0x08004da8   0x08004da8   0x0000000c   Code   RO         1734    .text.HAL_TIMEx_Break2Callback  stm32h7xx_hal_tim_ex.o
    0x08004db4   0x08004db4   0x00000004   PAD
    0x08004db8   0x08004db8   0x0000000c   Code   RO         1728    .text.HAL_TIMEx_CommutCallback  stm32h7xx_hal_tim_ex.o
    0x08004dc4   0x08004dc4   0x00000004   PAD
    0x08004dc8   0x08004dc8   0x0000011a   Code   RO         1718    .text.HAL_TIMEx_ConfigBreakDeadTime  stm32h7xx_hal_tim_ex.o
    0x08004ee2   0x08004ee2   0x00000006   PAD
    0x08004ee8   0x08004ee8   0x0000014e   Code   RO         1716    .text.HAL_TIMEx_MasterConfigSynchronization  stm32h7xx_hal_tim_ex.o
    0x08005036   0x08005036   0x00000002   PAD
    0x08005038   0x08005038   0x000000b6   Code   RO         1395    .text.HAL_TIM_Base_Init  stm32h7xx_hal_tim.o
    0x080050ee   0x080050ee   0x00000002   PAD
    0x080050f0   0x080050f0   0x000000f6   Code   RO         1409    .text.HAL_TIM_Base_Start_IT  stm32h7xx_hal_tim.o
    0x080051e6   0x080051e6   0x00000002   PAD
    0x080051e8   0x080051e8   0x000001ea   Code   RO         1591    .text.HAL_TIM_ConfigClockSource  stm32h7xx_hal_tim.o
    0x080053d2   0x080053d2   0x00000006   PAD
    0x080053d8   0x080053d8   0x000006bc   Code   RO         2064    .text.HAL_TIM_IC_CaptureCallback  remote.o
    0x08005a94   0x08005a94   0x00000004   PAD
    0x08005a98   0x08005a98   0x0000000c   Code   RO         1471    .text.HAL_TIM_IC_MspInit  stm32h7xx_hal_tim.o
    0x08005aa4   0x08005aa4   0x00000004   PAD
    0x08005aa8   0x08005aa8   0x000001c4   Code   RO         1565    .text.HAL_TIM_PWM_ConfigChannel  stm32h7xx_hal_tim.o
    0x08005c6c   0x08005c6c   0x00000004   PAD
    0x08005c70   0x08005c70   0x000000b6   Code   RO         1449    .text.HAL_TIM_PWM_Init  stm32h7xx_hal_tim.o
    0x08005d26   0x08005d26   0x00000002   PAD
    0x08005d28   0x08005d28   0x0000000c   Code   RO         1535    .text.HAL_TIM_PWM_PulseFinishedCallback  stm32h7xx_hal_tim.o
    0x08005d34   0x08005d34   0x00000004   PAD
    0x08005d38   0x08005d38   0x0000000c   Code   RO         1613    .text.HAL_TIM_PWM_PulseFinishedHalfCpltCallback  stm32h7xx_hal_tim.o
    0x08005d44   0x08005d44   0x00000004   PAD
    0x08005d48   0x08005d48   0x00000208   Code   RO         1467    .text.HAL_TIM_PWM_Stop_DMA  stm32h7xx_hal_tim.o
    0x08005f50   0x08005f50   0x00000056   Code   RO         1998    .text.HAL_TIM_PeriodElapsedCallback  app.o
    0x08005fa6   0x08005fa6   0x00000002   PAD
    0x08005fa8   0x08005fa8   0x00000014   Code   RO         1845    .text.HAL_UARTEx_RxEventCallback  stm32h7xx_hal_uart.o
    0x08005fbc   0x08005fbc   0x00000004   PAD
    0x08005fc0   0x08005fc0   0x0000000c   Code   RO         1907    .text.HAL_UARTEx_RxFifoFullCallback  stm32h7xx_hal_uart_ex.o
    0x08005fcc   0x08005fcc   0x00000004   PAD
    0x08005fd0   0x08005fd0   0x00000094   Code   RO         1927    .text.HAL_UARTEx_SetTxFifoThreshold  stm32h7xx_hal_uart_ex.o
    0x08006064   0x08006064   0x00000004   PAD
    0x08006068   0x08006068   0x000000f2   Code   RO         1807    .text.HAL_UART_DMAStop  stm32h7xx_hal_uart.o
    0x0800615a   0x0800615a   0x00000006   PAD
    0x08006160   0x08006160   0x000000b6   Code   RO         1751    .text.HAL_UART_Init  stm32h7xx_hal_uart.o
    0x08006216   0x08006216   0x00000002   PAD
    0x08006218   0x08006218   0x000000bc   Code   RO         1799    .text.HAL_UART_Receive_DMA  stm32h7xx_hal_uart.o
    0x080062d4   0x080062d4   0x00000004   PAD
    0x080062d8   0x080062d8   0x0000000c   Code   RO         1855    .text.HAL_UART_RxHalfCpltCallback  stm32h7xx_hal_uart.o
    0x080062e4   0x080062e4   0x00000004   PAD
    0x080062e8   0x080062e8   0x0000000c   Code   RO         1851    .text.HAL_UART_TxHalfCpltCallback  stm32h7xx_hal_uart.o
    0x080062f4   0x080062f4   0x00000004   PAD
    0x080062f8   0x080062f8   0x000002a0   Code   RO         2288    .text.HSVtoRGB      ws2812b.o
    0x08006598   0x08006598   0x00000074   Code   RO         2432    .text.Ibus_Data_Count  ibus.o
    0x0800660c   0x0800660c   0x00000004   PAD
    0x08006610   0x08006610   0x0000005c   Code   RO           13    .text.MPU_Config    main.o
    0x0800666c   0x0800666c   0x00000004   PAD
    0x08006670   0x08006670   0x00000330   Code   RO         1972    .text.MS_Task       app.o
    0x080069a0   0x080069a0   0x00000070   Code   RO           56    .text.MX_FDCAN1_Init  fdcan.o
    0x08006a10   0x08006a10   0x0000018a   Code   RO           30    .text.MX_GPIO_Init  gpio.o
    0x08006b9a   0x08006b9a   0x00000006   PAD
    0x08006ba0   0x08006ba0   0x000000d2   Code   RO           90    .text.MX_TIM12_Init  tim.o
    0x08006c72   0x08006c72   0x00000006   PAD
    0x08006c78   0x08006c78   0x0000014e   Code   RO           92    .text.MX_TIM15_Init  tim.o
    0x08006dc6   0x08006dc6   0x00000002   PAD
    0x08006dc8   0x08006dc8   0x00000132   Code   RO           78    .text.MX_TIM1_Init  tim.o
    0x08006efa   0x08006efa   0x00000006   PAD
    0x08006f00   0x08006f00   0x0000013c   Code   RO           80    .text.MX_TIM2_Init  tim.o
    0x0800703c   0x0800703c   0x00000004   PAD
    0x08007040   0x08007040   0x000000ea   Code   RO           84    .text.MX_TIM3_Init  tim.o
    0x0800712a   0x0800712a   0x00000006   PAD
    0x08007130   0x08007130   0x00000140   Code   RO           86    .text.MX_TIM4_Init  tim.o
    0x08007270   0x08007270   0x00000062   Code   RO           88    .text.MX_TIM6_Init  tim.o
    0x080072d2   0x080072d2   0x00000006   PAD
    0x080072d8   0x080072d8   0x0000008e   Code   RO          117    .text.MX_UART4_Init  usart.o
    0x08007366   0x08007366   0x00000002   PAD
    0x08007368   0x08007368   0x0000009e   Code   RO          121    .text.MX_UART7_Init  usart.o
    0x08007406   0x08007406   0x00000002   PAD
    0x08007408   0x08007408   0x0000008e   Code   RO          125    .text.MX_USART3_UART_Init  usart.o
    0x08007496   0x08007496   0x00000002   PAD
    0x08007498   0x08007498   0x00000004   Code   RO          160    .text.MemManage_Handler  stm32h7xx_it.o
    0x0800749c   0x0800749c   0x00000004   PAD
    0x080074a0   0x080074a0   0x0000000c   Code   RO         1994    .text.Millisecond_Task  app.o
    0x080074ac   0x080074ac   0x00000004   PAD
    0x080074b0   0x080074b0   0x000001fc   Code   RO         2348    .text.Motor_DataTransform  robstride04.o
    0x080076ac   0x080076ac   0x00000004   PAD
    0x080076b0   0x080076b0   0x00000030   Code   RO         1970    .text.Mymain        app.o
    0x080076e0   0x080076e0   0x00000004   Code   RO          156    .text.NMI_Handler   stm32h7xx_it.o
    0x080076e4   0x080076e4   0x00000004   PAD
    0x080076e8   0x080076e8   0x00000080   Code   RO          247    .text.NVIC_EncodePriority  stm32h7xx_hal_cortex.o
    0x08007768   0x08007768   0x00000002   Code   RO          170    .text.PendSV_Handler  stm32h7xx_it.o
    0x0800776a   0x0800776a   0x00000006   PAD
    0x08007770   0x08007770   0x00000028   Code   RO         2134    .text.Pwm_Init      pwm.o
    0x08007798   0x08007798   0x0000003e   Code   RO         2002    .text.R04_Abs       app.o
    0x080077d6   0x080077d6   0x00000002   PAD
    0x080077d8   0x080077d8   0x0000005c   Code   RO         1978    .text.R04_DisableAllMotors  app.o
    0x08007834   0x08007834   0x00000004   PAD
    0x08007838   0x08007838   0x00000062   Code   RO         1980    .text.R04_IsControlEnabled  app.o
    0x0800789a   0x0800789a   0x00000006   PAD
    0x080078a0   0x080078a0   0x00000080   Code   RO         2000    .text.R04_IsRemoteNeutral  app.o
    0x08007920   0x08007920   0x0000003a   Code   RO         1974    .text.R04_ResetActionState  app.o
    0x0800795a   0x0800795a   0x00000006   PAD
    0x08007960   0x08007960   0x000001e4   Code   RO         1992    .text.R04_SelectActionFromRemote  app.o
    0x08007b44   0x08007b44   0x00000004   PAD
    0x08007b48   0x08007b48   0x00000094   Code   RO         1976    .text.R04_UpdateZeroPoseFromFeedback  app.o
    0x08007bdc   0x08007bdc   0x00000004   PAD
    0x08007be0   0x08007be0   0x000001d8   Code   RO          357    .text.RCCEx_PLL3_Config  stm32h7xx_hal_rcc_ex.o
    0x08007db8   0x08007db8   0x0000012c   Code   RO         2405    .text.RM3508_DataTransform  rm3508.o
    0x08007ee4   0x08007ee4   0x00000004   PAD
    0x08007ee8   0x08007ee8   0x0000004c   Code   RO         2352    .text.RobStride04_GetMotor  robstride04.o
    0x08007f34   0x08007f34   0x00000004   PAD
    0x08007f38   0x08007f38   0x000002fe   Code   RO         2338    .text.RobStride04_Manager_Task1ms  robstride04.o
    0x08008236   0x08008236   0x00000002   PAD
    0x08008238   0x08008238   0x000001e0   Code   RO         2334    .text.RobStride04_Set  robstride04.o
    0x08008418   0x08008418   0x0000002a   Code   RO         2304    .text.Sbus_Init     sbus.o
    0x08008442   0x08008442   0x00000006   PAD
    0x08008448   0x08008448   0x00000078   Code   RO         2450    .text.Servo_Init    servo.o
    0x080084c0   0x080084c0   0x00000028   Code   RO         2098    .text.Step_Motor_Init  step_motor.o
    0x080084e8   0x080084e8   0x00000008   Code   RO          172    .text.SysTick_Handler  stm32h7xx_it.o
    0x080084f0   0x080084f0   0x00000168   Code   RO         1950    .text.SystemInit    system_stm32h7xx.o
    0x08008658   0x08008658   0x00000148   Code   RO         1968    .text.System_Init   app.o
    0x080087a0   0x080087a0   0x00000010   Code   RO          192    .text.TIM1_CC_IRQHandler  stm32h7xx_it.o
    0x080087b0   0x080087b0   0x000001a2   Code   RO         1399    .text.TIM_Base_SetConfig  stm32h7xx_hal_tim.o
    0x08008952   0x08008952   0x00000006   PAD
    0x08008958   0x08008958   0x0000004a   Code   RO         1433    .text.TIM_CCxChannelCmd  stm32h7xx_hal_tim.o
    0x080089a2   0x080089a2   0x00000006   PAD
    0x080089a8   0x080089a8   0x0000007c   Code   RO         1445    .text.TIM_DMADelayPulseHalfCplt  stm32h7xx_hal_tim.o
    0x08008a24   0x08008a24   0x00000004   PAD
    0x08008a28   0x08008a28   0x000000a2   Code   RO         1419    .text.TIM_DMAError  stm32h7xx_hal_tim.o
    0x08008aca   0x08008aca   0x00000006   PAD
    0x08008ad0   0x08008ad0   0x0000017a   Code   RO         1545    .text.TIM_OC2_SetConfig  stm32h7xx_hal_tim.o
    0x08008c4a   0x08008c4a   0x00000006   PAD
    0x08008c50   0x08008c50   0x00000172   Code   RO         1547    .text.TIM_OC3_SetConfig  stm32h7xx_hal_tim.o
    0x08008dc2   0x08008dc2   0x00000006   PAD
    0x08008dc8   0x08008dc8   0x000000d4   Code   RO         1553    .text.TIM_OC6_SetConfig  stm32h7xx_hal_tim.o
    0x08008e9c   0x08008e9c   0x00000004   PAD
    0x08008ea0   0x08008ea0   0x00000082   Code   RO         1561    .text.TIM_TI3_SetConfig  stm32h7xx_hal_tim.o
    0x08008f22   0x08008f22   0x00000006   PAD
    0x08008f28   0x08008f28   0x0000001c   Code   RO          204    .text.UART5_IRQHandler  stm32h7xx_it.o
    0x08008f44   0x08008f44   0x00000004   PAD
    0x08008f48   0x08008f48   0x00000090   Code   RO         1923    .text.UARTEx_SetNbDataToProcess  stm32h7xx_hal_uart_ex.o
    0x08008fd8   0x08008fd8   0x000000b0   Code   RO         1759    .text.UART_CheckIdleState  stm32h7xx_hal_uart.o
    0x08009088   0x08009088   0x0000008c   Code   RO         1887    .text.UART_DMAReceiveCplt  stm32h7xx_hal_uart.o
    0x08009114   0x08009114   0x00000004   PAD
    0x08009118   0x08009118   0x0000004a   Code   RO         1793    .text.UART_DMATransmitCplt  stm32h7xx_hal_uart.o
    0x08009162   0x08009162   0x00000006   PAD
    0x08009168   0x08009168   0x00000054   Code   RO         1811    .text.UART_EndRxTransfer  stm32h7xx_hal_uart.o
    0x080091bc   0x080091bc   0x00000004   PAD
    0x080091c0   0x080091c0   0x0000002c   Code   RO         1809    .text.UART_EndTxTransfer  stm32h7xx_hal_uart.o
    0x080091ec   0x080091ec   0x00000004   PAD
    0x080091f0   0x080091f0   0x0000001c   Code   RO          194    .text.USART1_IRQHandler  stm32h7xx_it.o
    0x0800920c   0x0800920c   0x00000004   PAD
    0x08009210   0x08009210   0x0000001c   Code   RO          196    .text.USART3_IRQHandler  stm32h7xx_it.o
    0x0800922c   0x0800922c   0x00000004   PAD
    0x08009230   0x08009230   0x00000258   Code   RO         2238    .text.USAR_UART5_IDLECallback  uart.o
    0x08009488   0x08009488   0x0000020c   Code   RO         2308    .text.USAR_UART7_IDLECallback  sbus.o
    0x08009694   0x08009694   0x00000004   PAD
    0x08009698   0x08009698   0x00000160   Code   RO         2242    .text.USER_UART_IRQHandler  uart.o
    0x080097f8   0x080097f8   0x00000004   Code   RO          164    .text.UsageFault_Handler  stm32h7xx_it.o
    0x080097fc   0x080097fc   0x00000004   PAD
    0x08009800   0x08009800   0x000000c4   Code   RO         2290    .text.WS2812B_RainbowEffect  ws2812b.o
    0x080098c4   0x080098c4   0x00000004   PAD
    0x080098c8   0x080098c8   0x00000038   Code   RO         2286    .text.WS2812B_Show  ws2812b.o
    0x08009900   0x08009900   0x000001b4   Code   RO         2471    .text.YS_Motor_GetInfo  ys_motor.o
    0x08009ab4   0x08009ab4   0x00000004   PAD
    0x08009ab8   0x08009ab8   0x00000036   Code   RO          251    .text.__NVIC_EnableIRQ  stm32h7xx_hal_cortex.o
    0x08009aee   0x08009aee   0x00000002   PAD
    0x08009af0   0x08009af0   0x00000010   Code   RO          243    .text.__NVIC_GetPriorityGrouping  stm32h7xx_hal_cortex.o
    0x08009b00   0x08009b00   0x00000040   Code   RO          239    .text.__NVIC_SetPriorityGrouping  stm32h7xx_hal_cortex.o
    0x08009b40   0x08009b40   0x000000b2   Code   RO         2267    .text.pid_param_init  pid.o
    0x08009bf2   0x08009bf2   0x00000006   PAD
    0x08009bf8   0x08009bf8   0x0000004e   Code   RO         2269    .text.pid_reset     pid.o
    0x08009c46   0x08009c46   0x0000000e   Code   RO         2605    i.__scatterload_copy  mc_w.l(handlers.o)
    0x08009c54   0x08009c54   0x00000002   Code   RO         2606    i.__scatterload_null  mc_w.l(handlers.o)
    0x08009c56   0x08009c56   0x0000000e   Code   RO         2607    i.__scatterload_zeroinit  mc_w.l(handlers.o)
    0x08009c64   0x08009c64   0x00000010   Data   RO         1383    .rodata.DLCtoBytes  stm32h7xx_hal_fdcan.o
    0x08009c74   0x08009c74   0x000002a8   Data   RO         2045    .rodata.R04_ForwardCrawlSteps  app.o
    0x08009f1c   0x08009f1c   0x00000044   Data   RO         2032    .rodata.R04_StandSteps  app.o
    0x08009f60   0x08009f60   0x00000044   Data   RO         2029    .rodata.R04_StandStepsEnableSoft  app.o
    0x08009fa4   0x08009fa4   0x00000198   Data   RO         2050    .rodata.R04_TurnRightSteps  app.o
    0x0800a13c   0x0800a13c   0x00000008   Data   RO         1937    .rodata.UARTEx_SetNbDataToProcess.numerator  stm32h7xx_hal_uart_ex.o
    0x0800a144   0x0800a144   0x00000018   Data   RO         1891    .rodata.UARTPrescTable  stm32h7xx_hal_uart.o
    0x0800a15c   0x0800a15c   0x00000400   Data   RO         2202    .rodata.crc_table   crc.o
    0x0800a55c   0x0800a55c   0x00000020   Data   RO         2603    Region$$Table       anon$$obj.o


    Execution Region RW_IRAM1 (Exec base: 0x20000000, Load base: 0x0800a57c, Size: 0x00000000, Max: 0x00020000, ABSOLUTE)

    **** No section assigned to this execution region ****


    Execution Region RW_IRAM2 (Exec base: 0x24000000, Load base: 0x0800a580, Size: 0x00001c78, Max: 0x00080000, ABSOLUTE, COMPRESSED[0x00000038])

    Exec Addr    Load Addr    Size         Type   Attr      Idx    E Section Name        Object

    0x24000000   COMPRESSED   0x0000001c   Data   RW         2068    .DTCM               remote.o
    0x2400001c   COMPRESSED   0x00000020   Data   RW         2162    .DTCM               my_can_init.o
    0x2400003c   COMPRESSED   0x00000044   Data   RW         2249    .DTCM               uart.o
    0x24000080   COMPRESSED   0x0000005e   Data   RW         2311    .DTCM               sbus.o
    0x240000de   COMPRESSED   0x00000002   PAD
    0x240000e0   COMPRESSED   0x00000056   Data   RW         2437    .DTCM               ibus.o
    0x24000136   COMPRESSED   0x00000002   PAD
    0x24000138   COMPRESSED   0x00000060   Data   RW         2474    .DTCM               ys_motor.o
    0x24000198   COMPRESSED   0x0000008c   Data   RW         2248    .RAM_D1             uart.o
    0x24000224   COMPRESSED   0x00000032   Data   RW         2310    .RAM_D1             sbus.o
    0x24000256   COMPRESSED   0x00000028   Data   RW         2436    .RAM_D1             ibus.o
    0x2400027e   COMPRESSED   0x00000001   Data   RW         2071    .data.HAL_TIM_IC_CaptureCallback.IsRisingEdge_1  remote.o
    0x2400027f   COMPRESSED   0x00000001   Data   RW         2083    .data.HAL_TIM_IC_CaptureCallback.IsRisingEdge_1.3  remote.o
    0x24000280   COMPRESSED   0x00000001   Data   RW         2074    .data.HAL_TIM_IC_CaptureCallback.IsRisingEdge_2  remote.o
    0x24000281   COMPRESSED   0x00000001   Data   RW         2086    .data.HAL_TIM_IC_CaptureCallback.IsRisingEdge_2.6  remote.o
    0x24000282   COMPRESSED   0x00000001   Data   RW         2077    .data.HAL_TIM_IC_CaptureCallback.IsRisingEdge_3  remote.o
    0x24000283   COMPRESSED   0x00000001   Data   RW         2080    .data.HAL_TIM_IC_CaptureCallback.IsRisingEdge_4  remote.o
    0x24000284   COMPRESSED   0x00000002   Data   RW         2364    .data.Motor_DataTransform.position_16  robstride04.o
    0x24000286   COMPRESSED   0x00000002   Data   RW         2367    .data.Motor_DataTransform.temp  robstride04.o
    0x24000288   COMPRESSED   0x00000002   Data   RW         2366    .data.Motor_DataTransform.torque_16  robstride04.o
    0x2400028a   COMPRESSED   0x00000002   Data   RW         2365    .data.Motor_DataTransform.velocity_16  robstride04.o
    0x2400028c   COMPRESSED   0x00000004   Data   RW         1954    .data.SystemCoreClock  system_stm32h7xx.o
    0x24000290   COMPRESSED   0x00000004   Data   RW         1955    .data.SystemD2Clock  system_stm32h7xx.o
    0x24000294   COMPRESSED   0x00000001   Data   RW          948    .data.uwTickFreq    stm32h7xx_hal.o
    0x24000295   COMPRESSED   0x00000003   PAD
    0x24000298   COMPRESSED   0x00000004   Data   RW          947    .data.uwTickPrio    stm32h7xx_hal.o
    0x2400029c   COMPRESSED   0x00000004   PAD
    0x240002a0        -       0x00000004   Zero   RW         2220    .bss.BRT38_Position  brt38.o
    0x240002a4        -       0x00000002   Zero   RW         2222    .bss.CRC_OUT_BRT    brt38.o
    0x240002a6   COMPRESSED   0x00000002   PAD
    0x240002a8        -       0x00000004   Zero   RW           66    .bss.HAL_RCC_FDCAN_CLK_ENABLED  fdcan.o
    0x240002ac        -       0x00000004   Zero   RW         2070    .bss.HAL_TIM_IC_CaptureCallback.CH1_FallingEdge  remote.o
    0x240002b0        -       0x00000004   Zero   RW         2082    .bss.HAL_TIM_IC_CaptureCallback.CH1_FallingEdge.2  remote.o
    0x240002b4        -       0x00000004   Zero   RW         2069    .bss.HAL_TIM_IC_CaptureCallback.CH1_RisingEdge  remote.o
    0x240002b8        -       0x00000004   Zero   RW         2081    .bss.HAL_TIM_IC_CaptureCallback.CH1_RisingEdge.1  remote.o
    0x240002bc        -       0x00000004   Zero   RW         2073    .bss.HAL_TIM_IC_CaptureCallback.CH2_FallingEdge  remote.o
    0x240002c0        -       0x00000004   Zero   RW         2085    .bss.HAL_TIM_IC_CaptureCallback.CH2_FallingEdge.5  remote.o
    0x240002c4        -       0x00000004   Zero   RW         2072    .bss.HAL_TIM_IC_CaptureCallback.CH2_RisingEdge  remote.o
    0x240002c8        -       0x00000004   Zero   RW         2084    .bss.HAL_TIM_IC_CaptureCallback.CH2_RisingEdge.4  remote.o
    0x240002cc        -       0x00000004   Zero   RW         2076    .bss.HAL_TIM_IC_CaptureCallback.CH3_FallingEdge  remote.o
    0x240002d0        -       0x00000004   Zero   RW         2075    .bss.HAL_TIM_IC_CaptureCallback.CH3_RisingEdge  remote.o
    0x240002d4        -       0x00000004   Zero   RW         2079    .bss.HAL_TIM_IC_CaptureCallback.CH4_FallingEdge  remote.o
    0x240002d8        -       0x00000004   Zero   RW         2078    .bss.HAL_TIM_IC_CaptureCallback.CH4_RisingEdge  remote.o
    0x240002dc        -       0x00000001   Zero   RW         2475    .bss.ID             ys_motor.o
    0x240002dd   COMPRESSED   0x00000001   PAD
    0x240002de        -       0x0000001c   Zero   RW         2438    .bss.Ibus_CH        ibus.o
    0x240002fa   COMPRESSED   0x00000002   PAD
    0x240002fc        -       0x0000006c   Zero   RW         2005    .bss.Motor1_Pid     app.o
    0x24000368        -       0x00000010   Zero   RW         2418    .bss.Motor_Speed    rm3508.o
    0x24000378        -       0x00000010   Zero   RW         2417    .bss.Motor_Speed_Last  rm3508.o
    0x24000388        -       0x00000004   Zero   RW         2031    .bss.R04_ActionState  app.o
    0x2400038c        -       0x000001c0   Zero   RW         2362    .bss.R04_Command_List  robstride04.o
    0x2400054c        -       0x00000001   Zero   RW         2038    .bss.R04_ControlEnabled  app.o
    0x2400054d   COMPRESSED   0x00000001   PAD
    0x2400054e        -       0x00000002   Zero   RW         2044    .bss.R04_EvenEnableRampTick  app.o
    0x24000550        -       0x00000018   Zero   RW         2042    .bss.R04_EvenEnableStartDeg  app.o
    0x24000568        -       0x00000018   Zero   RW         2043    .bss.R04_EvenEnableTargetDeg  app.o
    0x24000580        -       0x00000018   Zero   RW         2041    .bss.R04_EvenPreEnableDeg  app.o
    0x24000598        -       0x00000001   Zero   RW         2022    .bss.R04_EvenRampActive  app.o
    0x24000599        -       0x00000001   Zero   RW         2023    .bss.R04_EvenRampEnableActive  app.o
    0x2400059a   COMPRESSED   0x00000002   PAD
    0x2400059c        -       0x00000018   Zero   RW         2040    .bss.R04_EvenRampStartDeg  app.o
    0x240005b4        -       0x00000002   Zero   RW         2039    .bss.R04_EvenRampTick  app.o
    0x240005b6        -       0x00000001   Zero   RW         2034    .bss.R04_FwdUseMidStep1  app.o
    0x240005b7        -       0x00000001   Zero   RW         2026    .bss.R04_HasHadEnableLift  app.o
    0x240005b8        -       0x00000001   Zero   RW         2025    .bss.R04_LastCtrlForRamp  app.o
    0x240005b9        -       0x00000001   Zero   RW         2357    .bss.R04_Managed_MotorCount  robstride04.o
    0x240005ba        -       0x00000010   Zero   RW         2361    .bss.R04_Managed_MotorIds  robstride04.o
    0x240005ca        -       0x00000001   Zero   RW         2363    .bss.R04_Manager_Status  robstride04.o
    0x240005cb   COMPRESSED   0x00000001   PAD
    0x240005cc        -       0x00000002   Zero   RW         2024    .bss.R04_PostEnableSoftRemainMs  app.o
    0x240005ce        -       0x00000001   Zero   RW         2028    .bss.R04_RemoteArmed  app.o
    0x240005cf   COMPRESSED   0x00000001   PAD
    0x240005d0        -       0x00000002   Zero   RW         2027    .bss.R04_RemoteNeutralTick  app.o
    0x240005d2        -       0x00000001   Zero   RW         2359    .bss.R04_Send_Index  robstride04.o
    0x240005d3        -       0x00000001   Zero   RW         2358    .bss.R04_Startup_Index  robstride04.o
    0x240005d4        -       0x00000004   Zero   RW         2360    .bss.R04_State_Timestamp  robstride04.o
    0x240005d8        -       0x00000024   Zero   RW         2356    .bss.R04_TxHeader   robstride04.o
    0x240005fc        -       0x00000030   Zero   RW         2037    .bss.R04_ZeroPoseDeg  app.o
    0x2400062c        -       0x00000001   Zero   RW         2030    .bss.R04_ZeroPoseValid  app.o
    0x2400062d   COMPRESSED   0x00000003   PAD
    0x24000630        -       0x00000020   Zero   RW         2355    .bss.R04_sFilterConfig  robstride04.o
    0x24000650        -       0x0000006c   Zero   RW         2409    .bss.RM3508_1_Speed_Pid  rm3508.o
    0x240006bc        -       0x0000006c   Zero   RW         2410    .bss.RM3508_2_Speed_Pid  rm3508.o
    0x24000728        -       0x0000006c   Zero   RW         2411    .bss.RM3508_3_Speed_Pid  rm3508.o
    0x24000794        -       0x0000006c   Zero   RW         2412    .bss.RM3508_4_Speed_Pid  rm3508.o
    0x24000800        -       0x00000024   Zero   RW         2414    .bss.RM3508_TxHeader  rm3508.o
    0x24000824        -       0x00000020   Zero   RW         2413    .bss.RM3508_sFilterConfig  rm3508.o
    0x24000844        -       0x00000018   Zero   RW         2166    .bss.Rs_Motor_1     my_can_init.o
    0x2400085c        -       0x00000010   Zero   RW         2354    .bss.Rs_Motor_Feedback_Valid  robstride04.o
    0x2400086c        -       0x00000180   Zero   RW         2368    .bss.Rs_Motor_List  robstride04.o
    0x240009ec        -       0x00000028   Zero   RW         2165    .bss.RxHeader1      my_can_init.o
    0x24000a14        -       0x00000028   Zero   RW         2167    .bss.RxHeader2      my_can_init.o
    0x24000a3c        -       0x00000020   Zero   RW         2312    .bss.Sbus_CH        sbus.o
    0x24000a5c        -       0x0000006c   Zero   RW         2006    .bss.YS_Motor1_Pid  app.o
    0x24000ac8        -       0x000002a0   Zero   RW         2292    .bss.dma_buffer     ws2812b.o
    0x24000d68        -       0x00000078   Zero   RW          105    .bss.hdma_tim3_ch1  tim.o
    0x24000de0        -       0x00000078   Zero   RW          136    .bss.hdma_uart4_rx  usart.o
    0x24000e58        -       0x00000078   Zero   RW          137    .bss.hdma_uart4_tx  usart.o
    0x24000ed0        -       0x00000078   Zero   RW          138    .bss.hdma_uart5_rx  usart.o
    0x24000f48        -       0x00000078   Zero   RW          139    .bss.hdma_uart5_tx  usart.o
    0x24000fc0        -       0x00000078   Zero   RW          140    .bss.hdma_uart7_rx  usart.o
    0x24001038        -       0x00000078   Zero   RW          141    .bss.hdma_usart1_rx  usart.o
    0x240010b0        -       0x00000078   Zero   RW          142    .bss.hdma_usart1_tx  usart.o
    0x24001128        -       0x00000078   Zero   RW          143    .bss.hdma_usart3_rx  usart.o
    0x240011a0        -       0x00000078   Zero   RW          144    .bss.hdma_usart3_tx  usart.o
    0x24001218        -       0x000000a0   Zero   RW           64    .bss.hfdcan1        fdcan.o
    0x240012b8        -       0x000000a0   Zero   RW           65    .bss.hfdcan2        fdcan.o
    0x24001358        -       0x0000004c   Zero   RW           98    .bss.htim1          tim.o
    0x240013a4        -       0x0000004c   Zero   RW          103    .bss.htim12         tim.o
    0x240013f0        -       0x0000004c   Zero   RW          104    .bss.htim15         tim.o
    0x2400143c        -       0x0000004c   Zero   RW           99    .bss.htim2          tim.o
    0x24001488        -       0x0000004c   Zero   RW          100    .bss.htim3          tim.o
    0x240014d4        -       0x0000004c   Zero   RW          101    .bss.htim4          tim.o
    0x24001520        -       0x0000004c   Zero   RW          102    .bss.htim6          tim.o
    0x2400156c        -       0x00000090   Zero   RW          134    .bss.huart1         usart.o
    0x240015fc        -       0x00000090   Zero   RW          135    .bss.huart3         usart.o
    0x2400168c        -       0x00000090   Zero   RW          131    .bss.huart4         usart.o
    0x2400171c        -       0x00000090   Zero   RW          132    .bss.huart5         usart.o
    0x240017ac        -       0x00000090   Zero   RW          133    .bss.huart7         usart.o
    0x2400183c        -       0x00000030   Zero   RW         2416    .bss.motor_feedback  rm3508.o
    0x2400186c        -       0x00000004   Zero   RW         2036    .bss.pluse          app.o
    0x24001870        -       0x00000004   Zero   RW          949    .bss.uwTick         stm32h7xx_hal.o
    0x24001874   COMPRESSED   0x00000004   PAD
    0x24001878        -       0x00000400   Zero   RW            1    STACK               startup_stm32h743xx.o



  Load Region LR_IROM2 (Base: 0x08100000, Size: 0x0000a574, Max: 0x00100000, ABSOLUTE)

    Execution Region ER_IROM2 (Exec base: 0x08100000, Load base: 0x08100000, Size: 0x0000a574, Max: 0x00100000, ABSOLUTE)

    Exec Addr    Load Addr    Size         Type   Attr      Idx    E Section Name        Object

    0x08100000   0x08100000   0x00000024   Code   RO            4    .text               startup_stm32h743xx.o
    0x08100024   0x08100024   0x00000062   Code   RO         2538    .text               mc_w.l(uldiv.o)
    0x08100086   0x08100086   0x00000024   Code   RO         2542    .text               mc_w.l(memseta.o)
    0x081000aa   0x081000aa   0x00000038   Code   RO         2550    .text               mf_w.l(d2f.o)
    0x081000e2   0x081000e2   0x0000001e   Code   RO         2585    .text               mc_w.l(llshl.o)
    0x08100100   0x08100100   0x000000ba   Code   RO         2599    .text               mf_w.l(depilogue.o)
    0x081001ba   0x081001ba   0x0000003a   Code   RO         2611    .text               mc_w.l(__dczerorl.o)
    0x081001f4   0x081001f4   0x00000004   PAD
    0x081001f8   0x081001f8   0x00000004   Code   RO          162    .text.BusFault_Handler  stm32h7xx_it.o
    0x081001fc   0x081001fc   0x00000004   PAD
    0x08100200   0x08100200   0x00000010   Code   RO          178    .text.DMA1_Stream2_IRQHandler  stm32h7xx_it.o
    0x08100210   0x08100210   0x00000010   Code   RO          182    .text.DMA1_Stream4_IRQHandler  stm32h7xx_it.o
    0x08100220   0x08100220   0x00000010   Code   RO          186    .text.DMA1_Stream6_IRQHandler  stm32h7xx_it.o
    0x08100230   0x08100230   0x00000010   Code   RO          210    .text.DMA2_Stream1_IRQHandler  stm32h7xx_it.o
    0x08100240   0x08100240   0x000001d2   Code   RO          591    .text.DMA_CalcBaseAndBitshift  stm32h7xx_hal_dma.o
    0x08100412   0x08100412   0x00000006   PAD
    0x08100418   0x08100418   0x00000186   Code   RO          593    .text.DMA_CalcDMAMUXChannelBaseAndMask  stm32h7xx_hal_dma.o
    0x0810059e   0x0810059e   0x00000002   PAD
    0x081005a0   0x081005a0   0x00000002   Code   RO          168    .text.DebugMon_Handler  stm32h7xx_it.o
    0x081005a2   0x081005a2   0x00000006   PAD
    0x081005a8   0x081005a8   0x00000078   Code   RO         2326    .text.FDCAN1_Send_Msg  robstride04.o
    0x08100620   0x08100620   0x00000010   Code   RO          190    .text.FDCAN2_IT0_IRQHandler  stm32h7xx_it.o
    0x08100630   0x08100630   0x000002cc   Code   RO         1186    .text.FDCAN_CalcultateRamBlockAddresses  stm32h7xx_hal_fdcan.o
    0x081008fc   0x081008fc   0x00000004   PAD
    0x08100900   0x08100900   0x000000b2   Code   RO         2344    .text.Float2Uint    robstride04.o
    0x081009b2   0x081009b2   0x00000006   PAD
    0x081009b8   0x081009b8   0x000000c8   Code   RO         2066    .text.Get_Cmd       remote.o
    0x08100a80   0x08100a80   0x0000009c   Code   RO         2218    .text.Get_Position  brt38.o
    0x08100b1c   0x08100b1c   0x00000004   PAD
    0x08100b20   0x08100b20   0x000006c8   Code   RO          607    .text.HAL_DMA_Abort_IT  stm32h7xx_hal_dma.o
    0x081011e8   0x081011e8   0x00000010   Code   RO          619    .text.HAL_DMA_GetError  stm32h7xx_hal_dma.o
    0x081011f8   0x081011f8   0x0000123c   Code   RO          611    .text.HAL_DMA_IRQHandler  stm32h7xx_hal_dma.o
    0x08102434   0x08102434   0x00000004   PAD
    0x08102438   0x08102438   0x0000004e   Code   RO          871    .text.HAL_Delay     stm32h7xx_hal.o
    0x08102486   0x08102486   0x00000002   PAD
    0x08102488   0x08102488   0x000000de   Code   RO         1254    .text.HAL_FDCAN_AddMessageToTxFifoQ  stm32h7xx_hal_fdcan.o
    0x08102566   0x08102566   0x00000002   PAD
    0x08102568   0x08102568   0x00000012   Code   RO         1348    .text.HAL_FDCAN_ClockCalibrationCallback  stm32h7xx_hal_fdcan.o
    0x0810257a   0x0810257a   0x00000006   PAD
    0x08102580   0x08102580   0x0000000c   Code   RO         1344    .text.HAL_FDCAN_HighPriorityMessageCallback  stm32h7xx_hal_fdcan.o
    0x0810258c   0x0810258c   0x00000004   PAD
    0x08102590   0x08102590   0x000001aa   Code   RO           60    .text.HAL_FDCAN_MspInit  fdcan.o
    0x0810273a   0x0810273a   0x00000006   PAD
    0x08102740   0x08102740   0x0000000c   Code   RO         1360    .text.HAL_FDCAN_RxBufferNewMessageCallback  stm32h7xx_hal_fdcan.o
    0x0810274c   0x0810274c   0x00000004   PAD
    0x08102750   0x08102750   0x00000074   Code   RO         2158    .text.HAL_FDCAN_RxFifo0Callback  my_can_init.o
    0x081027c4   0x081027c4   0x00000004   PAD
    0x081027c8   0x081027c8   0x00000054   Code   RO         1252    .text.HAL_FDCAN_Start  stm32h7xx_hal_fdcan.o
    0x0810281c   0x0810281c   0x00000004   PAD
    0x08102820   0x08102820   0x00000012   Code   RO         1374    .text.HAL_FDCAN_TT_GlobalTimeCallback  stm32h7xx_hal_fdcan.o
    0x08102832   0x08102832   0x00000006   PAD
    0x08102838   0x08102838   0x00000012   Code   RO         1368    .text.HAL_FDCAN_TT_ScheduleSyncCallback  stm32h7xx_hal_fdcan.o
    0x0810284a   0x0810284a   0x00000006   PAD
    0x08102850   0x08102850   0x0000001e   Code   RO         1372    .text.HAL_FDCAN_TT_StopWatchCallback  stm32h7xx_hal_fdcan.o
    0x0810286e   0x0810286e   0x00000002   PAD
    0x08102870   0x08102870   0x0000000c   Code   RO         1364    .text.HAL_FDCAN_TimeoutOccurredCallback  stm32h7xx_hal_fdcan.o
    0x0810287c   0x0810287c   0x00000004   PAD
    0x08102880   0x08102880   0x00000012   Code   RO         1358    .text.HAL_FDCAN_TxBufferCompleteCallback  stm32h7xx_hal_fdcan.o
    0x08102892   0x08102892   0x00000006   PAD
    0x08102898   0x08102898   0x000003e0   Code   RO          527    .text.HAL_GPIO_Init  stm32h7xx_hal_gpio.o
    0x08102c78   0x08102c78   0x00000042   Code   RO          533    .text.HAL_GPIO_WritePin  stm32h7xx_hal_gpio.o
    0x08102cba   0x08102cba   0x00000006   PAD
    0x08102cc0   0x08102cc0   0x0000000e   Code   RO          879    .text.HAL_GetREVID  stm32h7xx_hal.o
    0x08102cce   0x08102cce   0x00000002   PAD
    0x08102cd0   0x08102cd0   0x0000001a   Code   RO          861    .text.HAL_IncTick   stm32h7xx_hal.o
    0x08102cea   0x08102cea   0x00000006   PAD
    0x08102cf0   0x08102cf0   0x0000008e   Code   RO          853    .text.HAL_InitTick  stm32h7xx_hal.o
    0x08102d7e   0x08102d7e   0x00000002   PAD
    0x08102d80   0x08102d80   0x00000094   Code   RO          269    .text.HAL_MPU_ConfigRegion  stm32h7xx_hal_cortex.o
    0x08102e14   0x08102e14   0x00000004   PAD
    0x08102e18   0x08102e18   0x00000034   Code   RO          267    .text.HAL_MPU_Enable  stm32h7xx_hal_cortex.o
    0x08102e4c   0x08102e4c   0x00000004   PAD
    0x08102e50   0x08102e50   0x00000026   Code   RO          224    .text.HAL_MspInit   stm32h7xx_hal_msp.o
    0x08102e76   0x08102e76   0x00000002   PAD
    0x08102e78   0x08102e78   0x00000014   Code   RO          237    .text.HAL_NVIC_SetPriorityGrouping  stm32h7xx_hal_cortex.o
    0x08102e8c   0x08102e8c   0x00000004   PAD
    0x08102e90   0x08102e90   0x000000aa   Code   RO          760    .text.HAL_PWREx_ConfigSupply  stm32h7xx_hal_pwr_ex.o
    0x08102f3a   0x08102f3a   0x00000006   PAD
    0x08102f40   0x08102f40   0x000002bc   Code   RO          367    .text.HAL_RCCEx_GetPLL3ClockFreq  stm32h7xx_hal_rcc_ex.o
    0x081031fc   0x081031fc   0x00000004   PAD
    0x08103200   0x08103200   0x000004aa   Code   RO          318    .text.HAL_RCC_ClockConfig  stm32h7xx_hal_rcc.o
    0x081036aa   0x081036aa   0x00000006   PAD
    0x081036b0   0x081036b0   0x0000002a   Code   RO          330    .text.HAL_RCC_GetPCLK1Freq  stm32h7xx_hal_rcc.o
    0x081036da   0x081036da   0x00000006   PAD
    0x081036e0   0x081036e0   0x0000002a   Code   RO          332    .text.HAL_RCC_GetPCLK2Freq  stm32h7xx_hal_rcc.o
    0x0810370a   0x0810370a   0x00000006   PAD
    0x08103710   0x08103710   0x00000320   Code   RO          320    .text.HAL_RCC_GetSysClockFreq  stm32h7xx_hal_rcc.o
    0x08103a30   0x08103a30   0x00000aee   Code   RO          316    .text.HAL_RCC_OscConfig  stm32h7xx_hal_rcc.o
    0x0810451e   0x0810451e   0x00000002   PAD
    0x08104520   0x08104520   0x00000014   Code   RO          261    .text.HAL_SYSTICK_Config  stm32h7xx_hal_cortex.o
    0x08104534   0x08104534   0x00000004   PAD
    0x08104538   0x08104538   0x0000000c   Code   RO         1732    .text.HAL_TIMEx_BreakCallback  stm32h7xx_hal_tim_ex.o
    0x08104544   0x08104544   0x00000004   PAD
    0x08104548   0x08104548   0x000002a4   Code   RO           94    .text.HAL_TIM_Base_MspInit  tim.o
    0x081047ec   0x081047ec   0x00000004   PAD
    0x081047f0   0x081047f0   0x0000000c   Code   RO         1617    .text.HAL_TIM_ErrorCallback  stm32h7xx_hal_tim.o
    0x081047fc   0x081047fc   0x00000004   PAD
    0x08104800   0x08104800   0x00000148   Code   RO         1555    .text.HAL_TIM_IC_ConfigChannel  stm32h7xx_hal_tim.o
    0x08104948   0x08104948   0x000000b6   Code   RO         1469    .text.HAL_TIM_IC_Init  stm32h7xx_hal_tim.o
    0x081049fe   0x081049fe   0x00000002   PAD
    0x08104a00   0x08104a00   0x00000300   Code   RO         1481    .text.HAL_TIM_IC_Start_IT  stm32h7xx_hal_tim.o
    0x08104d00   0x08104d00   0x000002c6   Code   RO         1529    .text.HAL_TIM_IRQHandler  stm32h7xx_hal_tim.o
    0x08104fc6   0x08104fc6   0x00000002   PAD
    0x08104fc8   0x08104fc8   0x00000166   Code   RO           82    .text.HAL_TIM_MspPostInit  tim.o
    0x0810512e   0x0810512e   0x00000002   PAD
    0x08105130   0x08105130   0x0000000c   Code   RO         1533    .text.HAL_TIM_OC_DelayElapsedCallback  stm32h7xx_hal_tim.o
    0x0810513c   0x0810513c   0x00000004   PAD
    0x08105140   0x08105140   0x0000000c   Code   RO         1451    .text.HAL_TIM_PWM_MspInit  stm32h7xx_hal_tim.o
    0x0810514c   0x0810514c   0x00000004   PAD
    0x08105150   0x08105150   0x0000027c   Code   RO         1457    .text.HAL_TIM_PWM_Start  stm32h7xx_hal_tim.o
    0x081053cc   0x081053cc   0x00000004   PAD
    0x081053d0   0x081053d0   0x000004d2   Code   RO         1465    .text.HAL_TIM_PWM_Start_DMA  stm32h7xx_hal_tim.o
    0x081058a2   0x081058a2   0x00000006   PAD
    0x081058a8   0x081058a8   0x0000000c   Code   RO         1539    .text.HAL_TIM_TriggerCallback  stm32h7xx_hal_tim.o
    0x081058b4   0x081058b4   0x00000004   PAD
    0x081058b8   0x081058b8   0x00000080   Code   RO         1925    .text.HAL_UARTEx_DisableFifoMode  stm32h7xx_hal_uart_ex.o
    0x08105938   0x08105938   0x00000094   Code   RO         1929    .text.HAL_UARTEx_SetRxFifoThreshold  stm32h7xx_hal_uart_ex.o
    0x081059cc   0x081059cc   0x00000004   PAD
    0x081059d0   0x081059d0   0x0000000c   Code   RO         1909    .text.HAL_UARTEx_TxFifoEmptyCallback  stm32h7xx_hal_uart_ex.o
    0x081059dc   0x081059dc   0x00000004   PAD
    0x081059e0   0x081059e0   0x0000000c   Code   RO         1905    .text.HAL_UARTEx_WakeupCallback  stm32h7xx_hal_uart_ex.o
    0x081059ec   0x081059ec   0x00000004   PAD
    0x081059f0   0x081059f0   0x0000000c   Code   RO         1843    .text.HAL_UART_ErrorCallback  stm32h7xx_hal_uart.o
    0x081059fc   0x081059fc   0x00000004   PAD
    0x08105a00   0x08105a00   0x000005d6   Code   RO         1839    .text.HAL_UART_IRQHandler  stm32h7xx_hal_uart.o
    0x08105fd6   0x08105fd6   0x00000002   PAD
    0x08105fd8   0x08105fd8   0x000006a0   Code   RO          127    .text.HAL_UART_MspInit  usart.o
    0x08106678   0x08106678   0x0000000c   Code   RO         1853    .text.HAL_UART_RxCpltCallback  stm32h7xx_hal_uart.o
    0x08106684   0x08106684   0x00000004   PAD
    0x08106688   0x08106688   0x00000148   Code   RO         1791    .text.HAL_UART_Transmit_DMA  stm32h7xx_hal_uart.o
    0x081067d0   0x081067d0   0x00000058   Code   RO         2246    .text.HAL_UART_TxCpltCallback  uart.o
    0x08106828   0x08106828   0x00000004   Code   RO          158    .text.HardFault_Handler  stm32h7xx_it.o
    0x0810682c   0x0810682c   0x00000004   PAD
    0x08106830   0x08106830   0x00000100   Code   RO           43    .text.MX_DMA_Init   dma.o
    0x08106930   0x08106930   0x00000074   Code   RO           58    .text.MX_FDCAN2_Init  fdcan.o
    0x081069a4   0x081069a4   0x00000004   PAD
    0x081069a8   0x081069a8   0x00000092   Code   RO          119    .text.MX_UART5_Init  usart.o
    0x08106a3a   0x08106a3a   0x00000006   PAD
    0x08106a40   0x08106a40   0x0000008e   Code   RO          123    .text.MX_USART1_UART_Init  usart.o
    0x08106ace   0x08106ace   0x00000002   PAD
    0x08106ad0   0x08106ad0   0x00000002   Code   RO         1996    .text.Millisecond_50_Task  app.o
    0x08106ad2   0x08106ad2   0x00000006   PAD
    0x08106ad8   0x08106ad8   0x00000072   Code   RO         2340    .text.Motor_Cmd     robstride04.o
    0x08106b4a   0x08106b4a   0x00000006   PAD
    0x08106b50   0x08106b50   0x00000158   Code   RO         2342    .text.Motor_Ctrl    robstride04.o
    0x08106ca8   0x08106ca8   0x000000ae   Code   RO         2265    .text.PID_struct_init  pid.o
    0x08106d56   0x08106d56   0x00000002   PAD
    0x08106d58   0x08106d58   0x000000e0   Code   RO         1990    .text.R04_ApplyActionStep  app.o
    0x08106e38   0x08106e38   0x0000006a   Code   RO         2328    .text.R04_DlcFromLength  robstride04.o
    0x08106ea2   0x08106ea2   0x00000006   PAD
    0x08106ea8   0x08106ea8   0x0000003e   Code   RO         2336    .text.R04_IsManagedMotor  robstride04.o
    0x08106ee6   0x08106ee6   0x00000002   PAD
    0x08106ee8   0x08106ee8   0x00000190   Code   RO         1986    .text.R04_OnControlEnableEdge  app.o
    0x08107078   0x08107078   0x000000a4   Code   RO         1984    .text.R04_OnDisableStartRamp  app.o
    0x0810711c   0x0810711c   0x00000004   PAD
    0x08107120   0x08107120   0x000001e4   Code   RO         1982    .text.R04_RunEvenRampDown  app.o
    0x08107304   0x08107304   0x00000004   PAD
    0x08107308   0x08107308   0x00000128   Code   RO         1988    .text.R04_RunEvenRampEnable  app.o
    0x08107430   0x08107430   0x000000ba   Code   RO         2324    .text.R04_filter    robstride04.o
    0x081074ea   0x081074ea   0x00000006   PAD
    0x081074f0   0x081074f0   0x000001d8   Code   RO          355    .text.RCCEx_PLL2_Config  stm32h7xx_hal_rcc_ex.o
    0x081076c8   0x081076c8   0x00000138   Code   RO         2395    .text.RM3508_Init   rm3508.o
    0x08107800   0x08107800   0x000000b6   Code   RO         2397    .text.RM3508_filter  rm3508.o
    0x081078b6   0x081078b6   0x00000002   PAD
    0x081078b8   0x081078b8   0x0000002a   Code   RO         2234    .text.RS485_Init    uart.o
    0x081078e2   0x081078e2   0x00000006   PAD
    0x081078e8   0x081078e8   0x00000028   Code   RO         2119    .text.Relay_Init    relay.o
    0x08107910   0x08107910   0x00000082   Code   RO         2062    .text.Remote_Init   remote.o
    0x08107992   0x08107992   0x00000006   PAD
    0x08107998   0x08107998   0x00000014   Code   RO         2332    .text.RobStride04_IsReady  robstride04.o
    0x081079ac   0x081079ac   0x00000004   PAD
    0x081079b0   0x081079b0   0x000001e0   Code   RO         2330    .text.RobStride04_Manager_Init  robstride04.o
    0x08107b90   0x08107b90   0x00000002   Code   RO          166    .text.SVC_Handler   stm32h7xx_it.o
    0x08107b92   0x08107b92   0x00000006   PAD
    0x08107b98   0x08107b98   0x000001d4   Code   RO         2306    .text.Sbus_Data_Count  sbus.o
    0x08107d6c   0x08107d6c   0x00000004   PAD
    0x08107d70   0x08107d70   0x00000046   Code   RO         2100    .text.Step_Pwm_Fre  step_motor.o
    0x08107db6   0x08107db6   0x00000002   PAD
    0x08107db8   0x08107db8   0x0000005a   Code   RO          263    .text.SysTick_Config  stm32h7xx_hal_cortex.o
    0x08107e12   0x08107e12   0x00000006   PAD
    0x08107e18   0x08107e18   0x000000ec   Code   RO           15    .text.SystemClock_Config  main.o
    0x08107f04   0x08107f04   0x00000004   PAD
    0x08107f08   0x08107f08   0x00000010   Code   RO          206    .text.TIM6_DAC_IRQHandler  stm32h7xx_it.o
    0x08107f18   0x08107f18   0x00000010   Code   RO          198    .text.TIM8_BRK_TIM12_IRQHandler  stm32h7xx_it.o
    0x08107f28   0x08107f28   0x000000cc   Code   RO         1443    .text.TIM_DMADelayPulseCplt  stm32h7xx_hal_tim.o
    0x08107ff4   0x08107ff4   0x00000004   PAD
    0x08107ff8   0x08107ff8   0x0000004a   Code   RO         1589    .text.TIM_ETR_SetConfig  stm32h7xx_hal_tim.o
    0x08108042   0x08108042   0x00000006   PAD
    0x08108048   0x08108048   0x00000038   Code   RO         1595    .text.TIM_ITRx_SetConfig  stm32h7xx_hal_tim.o
    0x08108080   0x08108080   0x00000158   Code   RO         1543    .text.TIM_OC1_SetConfig  stm32h7xx_hal_tim.o
    0x081081d8   0x081081d8   0x000000dc   Code   RO         1549    .text.TIM_OC4_SetConfig  stm32h7xx_hal_tim.o
    0x081082b4   0x081082b4   0x00000004   PAD
    0x081082b8   0x081082b8   0x000000d2   Code   RO         1551    .text.TIM_OC5_SetConfig  stm32h7xx_hal_tim.o
    0x0810838a   0x0810838a   0x00000006   PAD
    0x08108390   0x08108390   0x00000062   Code   RO         1593    .text.TIM_TI1_ConfigInputStage  stm32h7xx_hal_tim.o
    0x081083f2   0x081083f2   0x00000006   PAD
    0x081083f8   0x081083f8   0x0000012e   Code   RO         1557    .text.TIM_TI1_SetConfig  stm32h7xx_hal_tim.o
    0x08108526   0x08108526   0x00000002   PAD
    0x08108528   0x08108528   0x00000064   Code   RO         1597    .text.TIM_TI2_ConfigInputStage  stm32h7xx_hal_tim.o
    0x0810858c   0x0810858c   0x00000004   PAD
    0x08108590   0x08108590   0x00000082   Code   RO         1559    .text.TIM_TI2_SetConfig  stm32h7xx_hal_tim.o
    0x08108612   0x08108612   0x00000006   PAD
    0x08108618   0x08108618   0x00000084   Code   RO         1563    .text.TIM_TI4_SetConfig  stm32h7xx_hal_tim.o
    0x0810869c   0x0810869c   0x00000004   PAD
    0x081086a0   0x081086a0   0x0000001c   Code   RO          202    .text.UART4_IRQHandler  stm32h7xx_it.o
    0x081086bc   0x081086bc   0x00000004   PAD
    0x081086c0   0x081086c0   0x0000001c   Code   RO          212    .text.UART7_IRQHandler  stm32h7xx_it.o
    0x081086dc   0x081086dc   0x00000004   PAD
    0x081086e0   0x081086e0   0x0000013e   Code   RO         1757    .text.UART_AdvFeatureConfig  stm32h7xx_hal_uart.o
    0x0810881e   0x0810881e   0x00000002   PAD
    0x08108820   0x08108820   0x00000028   Code   RO         1841    .text.UART_DMAAbortOnError  stm32h7xx_hal_uart.o
    0x08108848   0x08108848   0x00000084   Code   RO         1797    .text.UART_DMAError  stm32h7xx_hal_uart.o
    0x081088cc   0x081088cc   0x00000004   PAD
    0x081088d0   0x081088d0   0x00000034   Code   RO         1889    .text.UART_DMARxHalfCplt  stm32h7xx_hal_uart.o
    0x08108904   0x08108904   0x00000004   PAD
    0x08108908   0x08108908   0x0000001a   Code   RO         1795    .text.UART_DMATxHalfCplt  stm32h7xx_hal_uart.o
    0x08108922   0x08108922   0x00000006   PAD
    0x08108928   0x08108928   0x0000002e   Code   RO         1847    .text.UART_EndTransmit_IT  stm32h7xx_hal_uart.o
    0x08108956   0x08108956   0x00000002   PAD
    0x08108958   0x08108958   0x00000940   Code   RO         1755    .text.UART_SetConfig  stm32h7xx_hal_uart.o
    0x08109298   0x08109298   0x000000f6   Code   RO         1801    .text.UART_Start_Receive_DMA  stm32h7xx_hal_uart.o
    0x0810938e   0x0810938e   0x00000002   PAD
    0x08109390   0x08109390   0x0000012a   Code   RO         1773    .text.UART_WaitOnFlagUntilTimeout  stm32h7xx_hal_uart.o
    0x081094ba   0x081094ba   0x00000006   PAD
    0x081094c0   0x081094c0   0x0000020c   Code   RO         2434    .text.USAR_UART1_IDLECallback  ibus.o
    0x081096cc   0x081096cc   0x00000004   PAD
    0x081096d0   0x081096d0   0x000001f8   Code   RO         2240    .text.USAR_UART3_IDLECallback  uart.o
    0x081098c8   0x081098c8   0x00000208   Code   RO         2236    .text.USAR_UART4_IDLECallback  uart.o
    0x08109ad0   0x08109ad0   0x0000007e   Code   RO         2346    .text.Uint2Float    robstride04.o
    0x08109b4e   0x08109b4e   0x00000002   PAD
    0x08109b50   0x08109b50   0x00000040   Code   RO         2282    .text.WS2812B_Init  ws2812b.o
    0x08109b90   0x08109b90   0x0000016a   Code   RO         2284    .text.WS2812B_SetPixelColor  ws2812b.o
    0x08109cfa   0x08109cfa   0x00000006   PAD
    0x08109d00   0x08109d00   0x00000042   Code   RO         2465    .text.YS_Motor_Init  ys_motor.o
    0x08109d42   0x08109d42   0x00000006   PAD
    0x08109d48   0x08109d48   0x0000004a   Code   RO          245    .text.__NVIC_SetPriority  stm32h7xx_hal_cortex.o
    0x08109d92   0x08109d92   0x00000006   PAD
    0x08109d98   0x08109d98   0x00000052   Code   RO         2200    .text.do_crc_table  crc.o
    0x08109dea   0x08109dea   0x00000006   PAD
    0x08109df0   0x08109df0   0x00000140   Code   RO           11    .text.main          main.o
    0x08109f30   0x08109f30   0x00000010   Data   RO         1956    .rodata.D1CorePrescTable  system_stm32h7xx.o
    0x08109f40   0x08109f40   0x00000008   Data   RO          621    .rodata.DMA_CalcBaseAndBitshift.flagBitshiftOffset  stm32h7xx_hal_dma.o
    0x08109f48   0x08109f48   0x0000004c   Data   RO         1382    .rodata.HAL_FDCAN_Init.CvtEltSize  stm32h7xx_hal_fdcan.o
    0x08109f94   0x08109f94   0x00000038   Data   RO         2033    .rodata.R04_ActionGroups  app.o
    0x08109fcc   0x08109fcc   0x00000198   Data   RO         2046    .rodata.R04_BackwardCrawlSteps  app.o
    0x0810a164   0x0810a164   0x00000044   Data   RO         2035    .rodata.R04_ForwardCrawlStep1_FromMid  app.o
    0x0810a1a8   0x0810a1a8   0x0000000c   Data   RO         2004    .rodata.R04_MotorIds  app.o
    0x0810a1b4   0x0810a1b4   0x00000110   Data   RO         2047    .rodata.R04_StrafeLeftSteps  app.o
    0x0810a2c4   0x0810a2c4   0x00000110   Data   RO         2048    .rodata.R04_StrafeRightSteps  app.o
    0x0810a3d4   0x0810a3d4   0x00000198   Data   RO         2049    .rodata.R04_TurnLeftSteps  app.o
    0x0810a56c   0x0810a56c   0x00000008   Data   RO         1938    .rodata.UARTEx_SetNbDataToProcess.denominator  stm32h7xx_hal_uart_ex.o


==============================================================================

Image component sizes


      Code (inc. data)   RO Data    RW Data    ZI Data      Debug   Object Name

      3930         88       2720          0        384      14086   app.o
       222          8          0          0          6       1974   brt38.o
        82          0       1024          0          0        808   crc.o
       256          0          0          0          0       5386   dma.o
       654          0          0          0        324      11988   fdcan.o
       394          0          0          0          0       3126   gpio.o
       640          0          0        126         28       2030   ibus.o
       662          0          0          0          0       5412   main.o
       288          0          0         32        104       7327   my_can_init.o
       430          0          0          0          0       2982   pid.o
        40          0          0          0          0        376   pwm.o
        40          0          0          0          0       1617   relay.o
      2054          8          0         34         48       7734   remote.o
       794         20          0          0        580       8238   rm3508.o
      3566         62          0          8        940      11851   robstride04.o
      1034          4          0        144         32       2412   sbus.o
       120          0          0          0          0       1593   servo.o
        36          8        664          0       1024        820   startup_stm32h743xx.o
       110          0          0          0          0       2534   step_motor.o
       402          0          0          5          4      15370   stm32h7xx_hal.o
       790          0          0          0          0      12327   stm32h7xx_hal_cortex.o
     15918          8          8          0          0      13526   stm32h7xx_hal_dma.o
      5478          0         92          0          0      37410   stm32h7xx_hal_fdcan.o
      1160          0          0          0          0       7363   stm32h7xx_hal_gpio.o
        38          0          0          0          0       2286   stm32h7xx_hal_msp.o
       170          0          0          0          0      11334   stm32h7xx_hal_pwr_ex.o
      4964         66          0          0          0      11421   stm32h7xx_hal_rcc.o
      6456         96          0          0          0      18279   stm32h7xx_hal_rcc_ex.o
      9752         64          0          0          0      39492   stm32h7xx_hal_tim.o
       652          0          0          0          0      18761   stm32h7xx_hal_tim_ex.o
      6546        258         24          0          0      27171   stm32h7xx_hal_uart.o
       604          0         16          0          0       9462   stm32h7xx_hal_uart_ex.o
       414          0          0          0          0       3717   stm32h7xx_it.o
       360          0         16          8          0       5974   system_stm32h7xx.o
      2852          0          0          0        652      14670   tim.o
      2106          0          0        208          0       6903   uart.o
      2426          0          0          0       1800      14316   usart.o
      1350         14          0          0        672       6686   ws2812b.o
       502         20          0         96          1       3923   ys_motor.o

    ----------------------------------------------------------------------
     79130        776       4596        668       6620     372685   Object Totals
         0          0         32          0          0          0   (incl. Generated)
       838         52          0          7         21          0   (incl. Padding)

    ----------------------------------------------------------------------

      Code (inc. data)   RO Data    RW Data    ZI Data      Debug   Library Member Name

        58          0          0          0          0          0   __dczerorl.o
         0          0          0          0          0          0   entry.o
         0          0          0          0          0          0   entry10a.o
         0          0          0          0          0          0   entry11a.o
         8          4          0          0          0          0   entry2.o
         4          0          0          0          0          0   entry5.o
         0          0          0          0          0          0   entry7b.o
         0          0          0          0          0          0   entry8b.o
         8          4          0          0          0          0   entry9a.o
        30          0          0          0          0          0   handlers.o
        36          8          0          0          0         68   init.o
         0          0          0          0          0          0   iusefp.o
        30          0          0          0          0         68   llshl.o
        32          0          0          0          0         68   llushr.o
        36          0          0          0          0         68   memcpya.o
        36          0          0          0          0        108   memseta.o
        98          0          0          0          0         92   uldiv.o
        56          0          0          0          0         88   d2f.o
       222          0          0          0          0        100   ddiv.o
       186          0          0          0          0        176   depilogue.o
        38          0          0          0          0         68   f2d.o
       110          0          0          0          0        168   fepilogue.o

    ----------------------------------------------------------------------
       994         16          0          0          0       1072   Library Totals
         6          0          0          0          0          0   (incl. Padding)

    ----------------------------------------------------------------------

      Code (inc. data)   RO Data    RW Data    ZI Data      Debug   Library Name

       376         16          0          0          0        472   mc_w.l
       612          0          0          0          0        600   mf_w.l

    ----------------------------------------------------------------------
       994         16          0          0          0       1072   Library Totals

    ----------------------------------------------------------------------

==============================================================================


      Code (inc. data)   RO Data    RW Data    ZI Data      Debug   

     80124        792       4596        668       6620     373033   Grand Totals
     80124        792       4596         56       6620     373033   ELF Image Totals (compressed)
     80124        792       4596         56          0          0   ROM Totals

==============================================================================

    Total RO  Size (Code + RO Data)                84720 (  82.73kB)
    Total RW  Size (RW Data + ZI Data)              7288 (   7.12kB)
    Total ROM Size (Code + RO Data + RW Data)      84776 (  82.79kB)

==============================================================================

