Component: ARM Compiler 6.9 Tool: armlink [5ced1b00]

==============================================================================

Section Cross References

    startup_stm32h743xx.o(RESET) refers to startup_stm32h743xx.o(STACK) for __initial_sp
    startup_stm32h743xx.o(RESET) refers to startup_stm32h743xx.o(.text) for Reset_Handler
    startup_stm32h743xx.o(RESET) refers to stm32h7xx_it.o(.text.NMI_Handler) for NMI_Handler
    startup_stm32h743xx.o(RESET) refers to stm32h7xx_it.o(.text.HardFault_Handler) for HardFault_Handler
    startup_stm32h743xx.o(RESET) refers to stm32h7xx_it.o(.text.MemManage_Handler) for MemManage_Handler
    startup_stm32h743xx.o(RESET) refers to stm32h7xx_it.o(.text.BusFault_Handler) for BusFault_Handler
    startup_stm32h743xx.o(RESET) refers to stm32h7xx_it.o(.text.UsageFault_Handler) for UsageFault_Handler
    startup_stm32h743xx.o(RESET) refers to stm32h7xx_it.o(.text.SVC_Handler) for SVC_Handler
    startup_stm32h743xx.o(RESET) refers to stm32h7xx_it.o(.text.DebugMon_Handler) for DebugMon_Handler
    startup_stm32h743xx.o(RESET) refers to stm32h7xx_it.o(.text.PendSV_Handler) for PendSV_Handler
    startup_stm32h743xx.o(RESET) refers to stm32h7xx_it.o(.text.SysTick_Handler) for SysTick_Handler
    startup_stm32h743xx.o(RESET) refers to stm32h7xx_it.o(.text.DMA1_Stream0_IRQHandler) for DMA1_Stream0_IRQHandler
    startup_stm32h743xx.o(RESET) refers to stm32h7xx_it.o(.text.DMA1_Stream1_IRQHandler) for DMA1_Stream1_IRQHandler
    startup_stm32h743xx.o(RESET) refers to stm32h7xx_it.o(.text.DMA1_Stream2_IRQHandler) for DMA1_Stream2_IRQHandler
    startup_stm32h743xx.o(RESET) refers to stm32h7xx_it.o(.text.DMA1_Stream3_IRQHandler) for DMA1_Stream3_IRQHandler
    startup_stm32h743xx.o(RESET) refers to stm32h7xx_it.o(.text.DMA1_Stream4_IRQHandler) for DMA1_Stream4_IRQHandler
    startup_stm32h743xx.o(RESET) refers to stm32h7xx_it.o(.text.DMA1_Stream5_IRQHandler) for DMA1_Stream5_IRQHandler
    startup_stm32h743xx.o(RESET) refers to stm32h7xx_it.o(.text.DMA1_Stream6_IRQHandler) for DMA1_Stream6_IRQHandler
    startup_stm32h743xx.o(RESET) refers to stm32h7xx_it.o(.text.FDCAN1_IT0_IRQHandler) for FDCAN1_IT0_IRQHandler
    startup_stm32h743xx.o(RESET) refers to stm32h7xx_it.o(.text.FDCAN2_IT0_IRQHandler) for FDCAN2_IT0_IRQHandler
    startup_stm32h743xx.o(RESET) refers to stm32h7xx_it.o(.text.TIM1_CC_IRQHandler) for TIM1_CC_IRQHandler
    startup_stm32h743xx.o(RESET) refers to stm32h7xx_it.o(.text.USART1_IRQHandler) for USART1_IRQHandler
    startup_stm32h743xx.o(RESET) refers to stm32h7xx_it.o(.text.USART3_IRQHandler) for USART3_IRQHandler
    startup_stm32h743xx.o(RESET) refers to stm32h7xx_it.o(.text.TIM8_BRK_TIM12_IRQHandler) for TIM8_BRK_TIM12_IRQHandler
    startup_stm32h743xx.o(RESET) refers to stm32h7xx_it.o(.text.DMA1_Stream7_IRQHandler) for DMA1_Stream7_IRQHandler
    startup_stm32h743xx.o(RESET) refers to stm32h7xx_it.o(.text.UART4_IRQHandler) for UART4_IRQHandler
    startup_stm32h743xx.o(RESET) refers to stm32h7xx_it.o(.text.UART5_IRQHandler) for UART5_IRQHandler
    startup_stm32h743xx.o(RESET) refers to stm32h7xx_it.o(.text.TIM6_DAC_IRQHandler) for TIM6_DAC_IRQHandler
    startup_stm32h743xx.o(RESET) refers to stm32h7xx_it.o(.text.DMA2_Stream0_IRQHandler) for DMA2_Stream0_IRQHandler
    startup_stm32h743xx.o(RESET) refers to stm32h7xx_it.o(.text.DMA2_Stream1_IRQHandler) for DMA2_Stream1_IRQHandler
    startup_stm32h743xx.o(RESET) refers to stm32h7xx_it.o(.text.UART7_IRQHandler) for UART7_IRQHandler
    startup_stm32h743xx.o(.text) refers to system_stm32h7xx.o(.text.SystemInit) for SystemInit
    startup_stm32h743xx.o(.text) refers to __main.o(!!!main) for __main
    main.o(.text.main) refers to main.o(.text.MPU_Config) for MPU_Config
    main.o(.text.main) refers to stm32h7xx_hal.o(.text.HAL_Init) for HAL_Init
    main.o(.text.main) refers to stm32h7xx_hal.o(.text.HAL_Delay) for HAL_Delay
    main.o(.text.main) refers to main.o(.text.SystemClock_Config) for SystemClock_Config
    main.o(.text.main) refers to gpio.o(.text.MX_GPIO_Init) for MX_GPIO_Init
    main.o(.text.main) refers to dma.o(.text.MX_DMA_Init) for MX_DMA_Init
    main.o(.text.main) refers to tim.o(.text.MX_TIM1_Init) for MX_TIM1_Init
    main.o(.text.main) refers to tim.o(.text.MX_TIM6_Init) for MX_TIM6_Init
    main.o(.text.main) refers to tim.o(.text.MX_TIM12_Init) for MX_TIM12_Init
    main.o(.text.main) refers to tim.o(.text.MX_TIM15_Init) for MX_TIM15_Init
    main.o(.text.main) refers to tim.o(.text.MX_TIM2_Init) for MX_TIM2_Init
    main.o(.text.main) refers to tim.o(.text.MX_TIM4_Init) for MX_TIM4_Init
    main.o(.text.main) refers to fdcan.o(.text.MX_FDCAN1_Init) for MX_FDCAN1_Init
    main.o(.text.main) refers to usart.o(.text.MX_UART4_Init) for MX_UART4_Init
    main.o(.text.main) refers to fdcan.o(.text.MX_FDCAN2_Init) for MX_FDCAN2_Init
    main.o(.text.main) refers to usart.o(.text.MX_UART5_Init) for MX_UART5_Init
[...]
    __rt_lib_shutdown_cpp_1                  0x08100003   Thumb Code     0  libshutdown2.o(.ARM.Collect$$libshutdown$$00000002)
    __rt_lib_shutdown_fp_trap_1              0x08100003   Thumb Code     0  libshutdown2.o(.ARM.Collect$$libshutdown$$00000007)
    __rt_lib_shutdown_heap_1                 0x08100003   Thumb Code     0  libshutdown2.o(.ARM.Collect$$libshutdown$$0000000F)
    __rt_lib_shutdown_return                 0x08100003   Thumb Code     0  libshutdown2.o(.ARM.Collect$$libshutdown$$00000010)
    __rt_lib_shutdown_signal_1               0x08100003   Thumb Code     0  libshutdown2.o(.ARM.Collect$$libshutdown$$0000000A)
    __rt_lib_shutdown_stdio_1                0x08100003   Thumb Code     0  libshutdown2.o(.ARM.Collect$$libshutdown$$00000004)
    __rt_lib_shutdown_user_alloc_1           0x08100003   Thumb Code     0  libshutdown2.o(.ARM.Collect$$libshutdown$$0000000C)
    __rt_entry                               0x08100005   Thumb Code     0  __rtentry.o(.ARM.Collect$$rtentry$$00000000)
    __rt_entry_presh_1                       0x08100005   Thumb Code     0  __rtentry2.o(.ARM.Collect$$rtentry$$00000002)
    __rt_entry_sh                            0x08100005   Thumb Code     0  __rtentry5.o(.ARM.Collect$$rtentry$$00000005)
    __rt_entry_li                            0x08100009   Thumb Code     0  __rtentry2.o(.ARM.Collect$$rtentry$$0000000A)
    __rt_entry_postsh_1                      0x08100009   Thumb Code     0  __rtentry2.o(.ARM.Collect$$rtentry$$00000009)
    __rt_entry_main                          0x0810000d   Thumb Code     0  __rtentry2.o(.ARM.Collect$$rtentry$$0000000D)
    __rt_entry_postli_1                      0x0810000d   Thumb Code     0  __rtentry2.o(.ARM.Collect$$rtentry$$0000000C)
    __aeabi_uldivmod                         0x08100019   Thumb Code     0  lludivv7m.o(.text)
    _ll_udiv                                 0x08100019   Thumb Code   238  lludivv7m.o(.text)
    __aeabi_memcpy                           0x08100107   Thumb Code     0  rt_memcpy_v6.o(.text)
    __rt_memcpy                              0x08100107   Thumb Code   138  rt_memcpy_v6.o(.text)
    _memcpy_lastbytes                        0x0810016d   Thumb Code     0  rt_memcpy_v6.o(.text)
    __aeabi_memclr4                          0x08100191   Thumb Code     0  rt_memclr_w.o(.text)
    __aeabi_memclr8                          0x08100191   Thumb Code     0  rt_memclr_w.o(.text)
    __rt_memclr_w                            0x08100191   Thumb Code    78  rt_memclr_w.o(.text)
    _memset_w                                0x08100195   Thumb Code     0  rt_memclr_w.o(.text)
    exit                                     0x081001df   Thumb Code    18  exit.o(.text)
    _sys_exit                                0x081001f1   Thumb Code     8  sys_exit.o(.text)
    _ttywrch                                 0x081001fd   Thumb Code    14  sys_wrch.o(.text)
    __use_no_heap_region                     0x0810020b   Thumb Code     2  hrguard.o(.text)
    __heap_region$guard                      0x0810020d   Thumb Code     2  hrguard.o(.text)
    __rt_SIGRTMEM_inner                      0x08100211   Thumb Code    22  defsig_rtmem_inner.o(.text)
    DMA1_Stream1_IRQHandler                  0x08100261   Thumb Code    16  stm32h7xx_it.o(.text.DMA1_Stream1_IRQHandler)
    DMA1_Stream3_IRQHandler                  0x08100271   Thumb Code    16  stm32h7xx_it.o(.text.DMA1_Stream3_IRQHandler)
    DMA1_Stream5_IRQHandler                  0x08100281   Thumb Code    16  stm32h7xx_it.o(.text.DMA1_Stream5_IRQHandler)
    DMA1_Stream7_IRQHandler                  0x08100291   Thumb Code    16  stm32h7xx_it.o(.text.DMA1_Stream7_IRQHandler)
    DMA2_Stream0_IRQHandler                  0x081002a1   Thumb Code    16  stm32h7xx_it.o(.text.DMA2_Stream0_IRQHandler)
    DebugMon_Handler                         0x08100701   Thumb Code     2  stm32h7xx_it.o(.text.DebugMon_Handler)
    Error_Handler                            0x08100709   Thumb Code    14  main.o(.text.Error_Handler)
    FDCAN1_IT0_IRQHandler                    0x08100719   Thumb Code    16  stm32h7xx_it.o(.text.FDCAN1_IT0_IRQHandler)
    Get_Position                             0x08100729   Thumb Code   156  brt38.o(.text.Get_Position)
    HAL_DMA_Abort_IT                         0x081007c9   Thumb Code  1734  stm32h7xx_hal_dma.o(.text.HAL_DMA_Abort_IT)
    HAL_DMA_IRQHandler                       0x08100e91   Thumb Code  4666  stm32h7xx_hal_dma.o(.text.HAL_DMA_IRQHandler)
    HAL_FDCAN_ErrorCallback                  0x081020d1   Thumb Code    12  stm32h7xx_hal_fdcan.o(.text.HAL_FDCAN_ErrorCallback)
    HAL_FDCAN_ErrorStatusCallback            0x081020e1   Thumb Code    18  stm32h7xx_hal_fdcan.o(.text.HAL_FDCAN_ErrorStatusCallback)
    HAL_FDCAN_GetRxMessage                   0x081020f9   Thumb Code   796  stm32h7xx_hal_fdcan.o(.text.HAL_FDCAN_GetRxMessage)
    HAL_FDCAN_IRQHandler                     0x08102419   Thumb Code  1462  stm32h7xx_hal_fdcan.o(.text.HAL_FDCAN_IRQHandler)
    HAL_FDCAN_MspInit                        0x081029d1   Thumb Code   426  fdcan.o(.text.HAL_FDCAN_MspInit)
    HAL_FDCAN_RxFifo0Callback                0x08102b81   Thumb Code   116  my_can_init.o(.text.HAL_FDCAN_RxFifo0Callback)
    HAL_FDCAN_RxFifo1Callback                0x08102bf9   Thumb Code   172  my_can_init.o(.text.HAL_FDCAN_RxFifo1Callback)
    HAL_FDCAN_TT_StopWatchCallback           0x08102ca9   Thumb Code    30  stm32h7xx_hal_fdcan.o(.text.HAL_FDCAN_TT_StopWatchCallback)
    HAL_FDCAN_TT_TimeMarkCallback            0x08102cc9   Thumb Code    18  stm32h7xx_hal_fdcan.o(.text.HAL_FDCAN_TT_TimeMarkCallback)
    HAL_FDCAN_TimestampWraparoundCallback    0x08102ce1   Thumb Code    12  stm32h7xx_hal_fdcan.o(.text.HAL_FDCAN_TimestampWraparoundCallback)
    HAL_FDCAN_TxEventFifoCallback            0x08102cf1   Thumb Code    18  stm32h7xx_hal_fdcan.o(.text.HAL_FDCAN_TxEventFifoCallback)
    HAL_FDCAN_TxFifoEmptyCallback            0x08102d09   Thumb Code    12  stm32h7xx_hal_fdcan.o(.text.HAL_FDCAN_TxFifoEmptyCallback)
    HAL_GPIO_Init                            0x08102d19   Thumb Code   968  stm32h7xx_hal_gpio.o(.text.HAL_GPIO_Init)
    HAL_GPIO_ReadPin                         0x081030e1   Thumb Code    54  stm32h7xx_hal_gpio.o(.text.HAL_GPIO_ReadPin)
    HAL_GPIO_TogglePin                       0x08103119   Thumb Code    48  stm32h7xx_hal_gpio.o(.text.HAL_GPIO_TogglePin)
    HAL_GPIO_WritePin                        0x08103149   Thumb Code    66  stm32h7xx_hal_gpio.o(.text.HAL_GPIO_WritePin)
    HAL_GetREVID                             0x08103191   Thumb Code    14  stm32h7xx_hal.o(.text.HAL_GetREVID)
    HAL_GetTick                              0x081031a1   Thumb Code    12  stm32h7xx_hal.o(.text.HAL_GetTick)
    HAL_Init                                 0x081031b1   Thumb Code   130  stm32h7xx_hal.o(.text.HAL_Init)
    HAL_InitTick                             0x08103239   Thumb Code   142  stm32h7xx_hal.o(.text.HAL_InitTick)
    HAL_MPU_Disable                          0x081032c9   Thumb Code    34  stm32h7xx_hal_cortex.o(.text.HAL_MPU_Disable)
    HAL_NVIC_EnableIRQ                       0x081032f1   Thumb Code    24  stm32h7xx_hal_cortex.o(.text.HAL_NVIC_EnableIRQ)
    HAL_NVIC_SetPriorityGrouping             0x08103309   Thumb Code    20  stm32h7xx_hal_cortex.o(.text.HAL_NVIC_SetPriorityGrouping)
    HAL_PWREx_ConfigSupply                   0x08103321   Thumb Code   170  stm32h7xx_hal_pwr_ex.o(.text.HAL_PWREx_ConfigSupply)
    HAL_RCCEx_GetPLL3ClockFreq               0x081033d1   Thumb Code   708  stm32h7xx_hal_rcc_ex.o(.text.HAL_RCCEx_GetPLL3ClockFreq)
    HAL_RCC_ClockConfig                      0x08103699   Thumb Code  1194  stm32h7xx_hal_rcc.o(.text.HAL_RCC_ClockConfig)
    HAL_RCC_GetPCLK2Freq                     0x08103b49   Thumb Code    42  stm32h7xx_hal_rcc.o(.text.HAL_RCC_GetPCLK2Freq)
    HAL_RCC_OscConfig                        0x08103b79   Thumb Code  2798  stm32h7xx_hal_rcc.o(.text.HAL_RCC_OscConfig)
    HAL_TIMEx_Break2Callback                 0x08104669   Thumb Code    12  stm32h7xx_hal_tim_ex.o(.text.HAL_TIMEx_Break2Callback)
    HAL_TIMEx_CommutCallback                 0x08104679   Thumb Code    12  stm32h7xx_hal_tim_ex.o(.text.HAL_TIMEx_CommutCallback)
    HAL_TIMEx_ConfigBreakDeadTime            0x08104689   Thumb Code   270  stm32h7xx_hal_tim_ex.o(.text.HAL_TIMEx_ConfigBreakDeadTime)
    HAL_TIMEx_MasterConfigSynchronization    0x08104799   Thumb Code   334  stm32h7xx_hal_tim_ex.o(.text.HAL_TIMEx_MasterConfigSynchronization)
    HAL_TIM_Base_Init                        0x081048e9   Thumb Code   182  stm32h7xx_hal_tim.o(.text.HAL_TIM_Base_Init)
    HAL_TIM_Base_MspInit                     0x081049a1   Thumb Code   676  tim.o(.text.HAL_TIM_Base_MspInit)
    HAL_TIM_Base_Start_IT                    0x08104c49   Thumb Code   246  stm32h7xx_hal_tim.o(.text.HAL_TIM_Base_Start_IT)
    HAL_TIM_ConfigClockSource                0x08104d41   Thumb Code   490  stm32h7xx_hal_tim.o(.text.HAL_TIM_ConfigClockSource)
    HAL_TIM_IC_ConfigChannel                 0x08104f31   Thumb Code   328  stm32h7xx_hal_tim.o(.text.HAL_TIM_IC_ConfigChannel)
    HAL_TIM_IC_MspInit                       0x08105079   Thumb Code    12  stm32h7xx_hal_tim.o(.text.HAL_TIM_IC_MspInit)
    HAL_TIM_IRQHandler                       0x08105089   Thumb Code   710  stm32h7xx_hal_tim.o(.text.HAL_TIM_IRQHandler)
    HAL_TIM_PWM_ConfigChannel                0x08105351   Thumb Code   452  stm32h7xx_hal_tim.o(.text.HAL_TIM_PWM_ConfigChannel)
    HAL_TIM_PWM_Init                         0x08105519   Thumb Code   182  stm32h7xx_hal_tim.o(.text.HAL_TIM_PWM_Init)
    HAL_TIM_PWM_PulseFinishedCallback        0x081055d1   Thumb Code    12  stm32h7xx_hal_tim.o(.text.HAL_TIM_PWM_PulseFinishedCallback)
    HAL_TIM_PWM_PulseFinishedHalfCpltCallback 0x081055e1   Thumb Code    12  stm32h7xx_hal_tim.o(.text.HAL_TIM_PWM_PulseFinishedHalfCpltCallback)
    HAL_TIM_PWM_Start_DMA                    0x081055f1   Thumb Code  1234  stm32h7xx_hal_tim.o(.text.HAL_TIM_PWM_Start_DMA)
    HAL_TIM_PWM_Stop_DMA                     0x08105ac9   Thumb Code   520  stm32h7xx_hal_tim.o(.text.HAL_TIM_PWM_Stop_DMA)
    HAL_TIM_PeriodElapsedCallback            0x08105cd1   Thumb Code    86  app.o(.text.HAL_TIM_PeriodElapsedCallback)
    HAL_UARTEx_DisableFifoMode               0x08105d29   Thumb Code   128  stm32h7xx_hal_uart_ex.o(.text.HAL_UARTEx_DisableFifoMode)
    HAL_UARTEx_RxEventCallback               0x08105da9   Thumb Code    20  stm32h7xx_hal_uart.o(.text.HAL_UARTEx_RxEventCallback)
    HAL_UARTEx_RxFifoFullCallback            0x08105dc1   Thumb Code    12  stm32h7xx_hal_uart_ex.o(.text.HAL_UARTEx_RxFifoFullCallback)
    HAL_UARTEx_SetRxFifoThreshold            0x08105dd1   Thumb Code   148  stm32h7xx_hal_uart_ex.o(.text.HAL_UARTEx_SetRxFifoThreshold)
    HAL_UART_DMAStop                         0x08105e69   Thumb Code   242  stm32h7xx_hal_uart.o(.text.HAL_UART_DMAStop)
    HAL_UART_Init                            0x08105f61   Thumb Code   182  stm32h7xx_hal_uart.o(.text.HAL_UART_Init)
    HAL_UART_MspInit                         0x08106019   Thumb Code  1696  usart.o(.text.HAL_UART_MspInit)
    HAL_UART_RxHalfCpltCallback              0x081066b9   Thumb Code    12  stm32h7xx_hal_uart.o(.text.HAL_UART_RxHalfCpltCallback)
    HAL_UART_Transmit_DMA                    0x081066c9   Thumb Code   328  stm32h7xx_hal_uart.o(.text.HAL_UART_Transmit_DMA)
    HAL_UART_TxCpltCallback                  0x08106811   Thumb Code    88  uart.o(.text.HAL_UART_TxCpltCallback)
    HAL_UART_TxHalfCpltCallback              0x08106869   Thumb Code    12  stm32h7xx_hal_uart.o(.text.HAL_UART_TxHalfCpltCallback)
    MX_FDCAN1_Init                           0x081068d9   Thumb Code   112  fdcan.o(.text.MX_FDCAN1_Init)
    MX_FDCAN2_Init                           0x08106949   Thumb Code   116  fdcan.o(.text.MX_FDCAN2_Init)
    MX_TIM3_Init                             0x081069c1   Thumb Code   234  tim.o(.text.MX_TIM3_Init)
    MX_TIM6_Init                             0x08106ab1   Thumb Code    98  tim.o(.text.MX_TIM6_Init)
    MX_USART1_UART_Init                      0x08106b19   Thumb Code   142  usart.o(.text.MX_USART1_UART_Init)
    MemManage_Handler                        0x08106ba9   Thumb Code     4  stm32h7xx_it.o(.text.MemManage_Handler)
    Millisecond_50_Task                      0x08106bb1   Thumb Code     2  app.o(.text.Millisecond_50_Task)
    Mymain                                   0x08106bb9   Thumb Code    48  app.o(.text.Mymain)
    Pwm_Init                                 0x08106c69   Thumb Code    40  pwm.o(.text.Pwm_Init)
    RM3508_DataTransform                     0x08106c91   Thumb Code   300  rm3508.o(.text.RM3508_DataTransform)
    RM3508_Init                              0x08106dc1   Thumb Code   312  rm3508.o(.text.RM3508_Init)
    RS485_Init                               0x08106ef9   Thumb Code    42  uart.o(.text.RS485_Init)
    Step_Motor_Init                          0x08106f29   Thumb Code    40  step_motor.o(.text.Step_Motor_Init)
    SystemInit                               0x08106fb1   Thumb Code   360  system_stm32h7xx.o(.text.SystemInit)
    System_Init                              0x08107119   Thumb Code   312  app.o(.text.System_Init)
    TIM1_CC_IRQHandler                       0x08107251   Thumb Code    16  stm32h7xx_it.o(.text.TIM1_CC_IRQHandler)
    TIM_Base_SetConfig                       0x08107261   Thumb Code   418  stm32h7xx_hal_tim.o(.text.TIM_Base_SetConfig)
    TIM_CCxChannelCmd                        0x08107409   Thumb Code    74  stm32h7xx_hal_tim.o(.text.TIM_CCxChannelCmd)
    TIM_DMADelayPulseHalfCplt                0x08107529   Thumb Code   122  stm32h7xx_hal_tim.o(.text.TIM_DMADelayPulseHalfCplt)
    TIM_DMAError                             0x081075a9   Thumb Code   160  stm32h7xx_hal_tim.o(.text.TIM_DMAError)
    TIM_TI1_SetConfig                        0x08107899   Thumb Code   302  stm32h7xx_hal_tim.o(.text.TIM_TI1_SetConfig)
    UART4_IRQHandler                         0x08107ad9   Thumb Code    28  stm32h7xx_it.o(.text.UART4_IRQHandler)
    UART7_IRQHandler                         0x08107af9   Thumb Code    28  stm32h7xx_it.o(.text.UART7_IRQHandler)
    UART_AdvFeatureConfig                    0x08107ba9   Thumb Code   318  stm32h7xx_hal_uart.o(.text.UART_AdvFeatureConfig)
    UART_CheckIdleState                      0x08107ce9   Thumb Code   176  stm32h7xx_hal_uart.o(.text.UART_CheckIdleState)
    UART_SetConfig                           0x08107e91   Thumb Code  2364  stm32h7xx_hal_uart.o(.text.UART_SetConfig)
    UART_WaitOnFlagUntilTimeout              0x081087d1   Thumb Code   298  stm32h7xx_hal_uart.o(.text.UART_WaitOnFlagUntilTimeout)
    USAR_UART5_IDLECallback                  0x08108901   Thumb Code   600  uart.o(.text.USAR_UART5_IDLECallback)
    USAR_UART7_IDLECallback                  0x08108b59   Thumb Code   520  sbus.o(.text.USAR_UART7_IDLECallback)
    USER_UART_IRQHandler                     0x08108d61   Thumb Code   352  uart.o(.text.USER_UART_IRQHandler)
    UsageFault_Handler                       0x08108ec1   Thumb Code     4  stm32h7xx_it.o(.text.UsageFault_Handler)
    WS2812B_Init                             0x08108ec9   Thumb Code    64  ws2812b.o(.text.WS2812B_Init)
    WS2812B_RainbowEffect                    0x08108f09   Thumb Code   196  ws2812b.o(.text.WS2812B_RainbowEffect)
    WS2812B_Show                             0x08108fd1   Thumb Code    56  ws2812b.o(.text.WS2812B_Show)
    YS_Motor_GetInfo                         0x08109009   Thumb Code   428  ys_motor.o(.text.YS_Motor_GetInfo)
    YS_Motor_Init                            0x081091b9   Thumb Code    66  ys_motor.o(.text.YS_Motor_Init)
    do_crc_table                             0x081092c9   Thumb Code    82  crc.o(.text.do_crc_table)
    Short Thumb to Thumb Veneer to __aeabi_memcpy4 0x081093d5   Thumb Code     4  anon$$obj.o(Veneer$$Code)
    __aeabi_ddiv                             0x081093d9   Thumb Code     0  ddiv_clz.o(x$fpl$ddiv)
    _ddiv                                    0x081093d9   Thumb Code   604  ddiv_clz.o(x$fpl$ddiv)
    __fpl_dnaninf                            0x081096c1   Thumb Code   258  dnaninf.o(x$fpl$dnaninf)
    __fpl_dretinf                            0x081097c3   Thumb Code    12  dretinf.o(x$fpl$dretinf)
    __dunder                                 0x081097cf   Thumb Code   282  dunder_clz.o(x$fpl$dunder)
    __dunder_d                               0x081098e9   Thumb Code    64  dunder_clz.o(x$fpl$dunder)
    __aeabi_f2d                              0x08109929   Thumb Code     0  f2d.o(x$fpl$f2d)
    _f2d                                     0x08109929   Thumb Code   122  f2d.o(x$fpl$f2d)
    _fp_init                                 0x081099a3   Thumb Code    10  fpinit.o(x$fpl$fpinit)
    __fplib_config_fpu_vfp                   0x081099ab   Thumb Code     0  fpinit.o(x$fpl$fpinit)
    __fplib_config_pureend_doubles           0x081099ab   Thumb Code     0  fpinit.o(x$fpl$fpinit)
    __fpl_fretinf                            0x081099ad   Thumb Code    10  fretinf.o(x$fpl$fretinf)
    UARTPrescTable                           0x08109bd6   Data          24  stm32h7xx_hal_uart.o(.rodata.UARTPrescTable)
    Tim1_Ch1_PulseWidth                      0x24000000   Data           2  remote.o(.DTCM)
    Tim1_Ch2_PulseWidth                      0x24000002   Data           2  remote.o(.DTCM)
    Tim1_Ch3_PulseWidth                      0x24000004   Data           2  remote.o(.DTCM)
    Tim1_Ch4_PulseWidth                      0x24000006   Data           2  remote.o(.DTCM)
    Tim12_Ch1_PulseWidth                     0x24000008   Data           4  remote.o(.DTCM)
    Tim12_Ch2_PulseWidth                     0x2400000c   Data           4  remote.o(.DTCM)
    Channel_Value                            0x24000010   Data          12  remote.o(.DTCM)
    TxData1                                  0x2400001c   Data           8  my_can_init.o(.DTCM)
    TxData2                                  0x24000024   Data           8  my_can_init.o(.DTCM)
    RxData1                                  0x2400002c   Data           8  my_can_init.o(.DTCM)
    RxData2                                  0x24000034   Data           8  my_can_init.o(.DTCM)
    Receive_Data_1                           0x2400003c   Data          24  uart.o(.DTCM)
    Receive_Data_2                           0x24000054   Data          24  uart.o(.DTCM)
    GReceive_Data                            0x2400006c   Data          20  uart.o(.DTCM)
    Sbus_Connect_Flag                        0x24000080   Data           1  sbus.o(.DTCM)
    Sbus_Value                               0x24000084   Data          64  sbus.o(.DTCM)
    SBUS_Data                                0x240000c4   Data          26  sbus.o(.DTCM)
    Ibus_Connect_Flag                        0x240000e0   Data           1  ibus.o(.DTCM)
    Ibus_Remote_Value                        0x240000e4   Data          56  ibus.o(.DTCM)
    IBUS_Data                                0x2400011c   Data          26  ibus.o(.DTCM)
    Motor_Sendpack                           0x24000138   Data          17  ys_motor.o(.DTCM)
    Motor_1                                  0x2400014c   Data          20  ys_motor.o(.DTCM)
    Motor_2                                  0x24000160   Data          20  ys_motor.o(.DTCM)
    Motor_3                                  0x24000174   Data          20  ys_motor.o(.DTCM)
    Motor_Recvpack                           0x24000188   Data          16  ys_motor.o(.DTCM)
    G_Receive_buff                           0x24000198   Data          40  uart.o(.RAM_D1)
    Receive_buff_1                           0x240001c0   Data          50  uart.o(.RAM_D1)
    Receive_buff_2                           0x240001f2   Data          50  uart.o(.RAM_D1)
    Sbus_buff_                               0x24000224   Data          50  sbus.o(.RAM_D1)
    Ibus_buff                                0x24000256   Data          40  ibus.o(.RAM_D1)
    Transmit_buff                            0x2400027e   Data          17  ys_motor.o(.RAM_D1)
    Kd                                       0x24000298   Data           4  app.o(.data.Kd)
    Kp                                       0x2400029c   Data           4  app.o(.data.Kp)
    Motor_id                                 0x240002a8   Data           1  app.o(.data.Motor_id)
    SystemCoreClock                          0x240002ac   Data           4  system_stm32h7xx.o(.data.SystemCoreClock)
    SystemD2Clock                            0x240002b0   Data           4  system_stm32h7xx.o(.data.SystemD2Clock)
    uwTickFreq                               0x240002b4   Data           1  stm32h7xx_hal.o(.data.uwTickFreq)
    uwTickPrio                               0x240002b8   Data           4  stm32h7xx_hal.o(.data.uwTickPrio)
    BRT38_Position                           0x240002c0   Data           4  brt38.o(.bss.BRT38_Position)
    CRC_OUT_BRT                              0x240002c4   Data           2  brt38.o(.bss.CRC_OUT_BRT)
    ID                                       0x240002fc   Data           1  ys_motor.o(.bss.ID)
    Ibus_CH                                  0x240002fe   Data          28  ibus.o(.bss.Ibus_CH)
    Motor1_Pid                               0x2400031c   Data         108  app.o(.bss.Motor1_Pid)
    Motor_Speed                              0x24000388   Data          16  rm3508.o(.bss.Motor_Speed)
    Motor_Speed_Last                         0x24000398   Data          16  rm3508.o(.bss.Motor_Speed_Last)
    P_des                                    0x240003a8   Data           4  app.o(.bss.P_des)
    R04_TxHeader                             0x240003ac   Data          36  robstride04.o(.bss.R04_TxHeader)
    R04_sFilterConfig                        0x240003d0   Data          32  robstride04.o(.bss.R04_sFilterConfig)
    RM3508_1_Speed_Pid                       0x240003f0   Data         108  rm3508.o(.bss.RM3508_1_Speed_Pid)
    RM3508_2_Speed_Pid                       0x2400045c   Data         108  rm3508.o(.bss.RM3508_2_Speed_Pid)
    RM3508_3_Speed_Pid                       0x240004c8   Data         108  rm3508.o(.bss.RM3508_3_Speed_Pid)
    RM3508_4_Speed_Pid                       0x24000534   Data         108  rm3508.o(.bss.RM3508_4_Speed_Pid)
    RM3508_TxHeader                          0x240005a0   Data          36  rm3508.o(.bss.RM3508_TxHeader)
    RM3508_sFilterConfig                     0x240005c4   Data          32  rm3508.o(.bss.RM3508_sFilterConfig)
    Rs_Motor_1                               0x240005e4   Data          24  my_can_init.o(.bss.Rs_Motor_1)
    RxHeader1                                0x240005fc   Data          40  my_can_init.o(.bss.RxHeader1)
    RxHeader2                                0x24000624   Data          40  my_can_init.o(.bss.RxHeader2)
    Sbus_CH                                  0x2400064c   Data          32  sbus.o(.bss.Sbus_CH)
    T_ff                                     0x2400066c   Data           4  app.o(.bss.T_ff)
    V_des                                    0x24000670   Data           4  app.o(.bss.V_des)
    YS_Motor1_Pid                            0x24000674   Data         108  app.o(.bss.YS_Motor1_Pid)
    dma_buffer                               0x240006e0   Data         672  ws2812b.o(.bss.dma_buffer)
    hdma_tim3_ch1                            0x24000980   Data         120  tim.o(.bss.hdma_tim3_ch1)
    hdma_uart4_rx                            0x240009f8   Data         120  usart.o(.bss.hdma_uart4_rx)
    hdma_uart4_tx                            0x24000a70   Data         120  usart.o(.bss.hdma_uart4_tx)
    hdma_uart5_rx                            0x24000ae8   Data         120  usart.o(.bss.hdma_uart5_rx)
    hdma_uart5_tx                            0x24000b60   Data         120  usart.o(.bss.hdma_uart5_tx)
    hdma_uart7_rx                            0x24000bd8   Data         120  usart.o(.bss.hdma_uart7_rx)
    hdma_usart1_rx                           0x24000c50   Data         120  usart.o(.bss.hdma_usart1_rx)
    hdma_usart1_tx                           0x24000cc8   Data         120  usart.o(.bss.hdma_usart1_tx)
    hdma_usart3_rx                           0x24000d40   Data         120  usart.o(.bss.hdma_usart3_rx)
    hdma_usart3_tx                           0x24000db8   Data         120  usart.o(.bss.hdma_usart3_tx)
    hfdcan1                                  0x24000e30   Data         160  fdcan.o(.bss.hfdcan1)
    hfdcan2                                  0x24000ed0   Data         160  fdcan.o(.bss.hfdcan2)
    htim1                                    0x24000f70   Data          76  tim.o(.bss.htim1)
    htim12                                   0x24000fbc   Data          76  tim.o(.bss.htim12)
    htim15                                   0x24001008   Data          76  tim.o(.bss.htim15)
    htim2                                    0x24001054   Data          76  tim.o(.bss.htim2)
    htim3                                    0x240010a0   Data          76  tim.o(.bss.htim3)
    htim4                                    0x240010ec   Data          76  tim.o(.bss.htim4)
    htim6                                    0x24001138   Data          76  tim.o(.bss.htim6)
    huart1                                   0x24001184   Data         144  usart.o(.bss.huart1)
    huart3                                   0x24001214   Data         144  usart.o(.bss.huart3)
    huart4                                   0x240012a4   Data         144  usart.o(.bss.huart4)
    huart5                                   0x24001334   Data         144  usart.o(.bss.huart5)
    huart7                                   0x240013c4   Data         144  usart.o(.bss.huart7)
    pluse                                    0x24001484   Data           4  app.o(.bss.pluse)
    uwTick                                   0x24001488   Data           4  stm32h7xx_hal.o(.bss.uwTick)
    __heap_base                              0x24001490   Data           0  startup_stm32h743xx.o(HEAP)
    __heap_limit                             0x24001690   Data           0  startup_stm32h743xx.o(HEAP)
    __initial_sp                             0x24001a90   Data           0  startup_stm32h743xx.o(STACK)



==============================================================================

Memory Map of the image

  Image Entry point : 0x08000299

  Load Region LR_IROM1 (Base: 0x08000000, Size: 0x00009f58, Max: 0x00100000, ABSOLUTE, COMPRESSED[0x00009cd8])

    Execution Region ER_IROM1 (Exec base: 0x08000000, Load base: 0x08000000, Size: 0x00009c94, Max: 0x00100000, ABSOLUTE)

    Exec Addr    Load Addr    Size         Type   Attr      Idx    E Section Name        Object

    0x08000000   0x08000000   0x00000298   Data   RO            3    RESET               startup_stm32h743xx.o
    0x08000298   0x08000298   0x00000008   Code   RO         2370  * !!!main             c_w.l(__main.o)
    0x080002a0   0x080002a0   0x00000034   Code   RO         2671    !!!scatter          c_w.l(__scatter.o)
    0x080002d4   0x080002d4   0x0000003a   Code   RO         2669    !!dczerorl          c_w.l(__dczerorl.o)
    0x0800030e   0x0800030e   0x00000002   PAD
    0x08000310   0x08000310   0x0000001c   Code   RO         2673    !!handler_zi        c_w.l(__scatter_zi.o)
    0x0800032c   0x0800032c   0x00000002   Code   RO         2528    .ARM.Collect$$libinit$$00000000  c_w.l(libinit.o)
    0x0800032e   0x0800032e   0x00000004   Code   RO         2541    .ARM.Collect$$libinit$$00000001  c_w.l(libinit2.o)
    0x08000332   0x08000332   0x00000000   Code   RO         2544    .ARM.Collect$$libinit$$00000004  c_w.l(libinit2.o)
    0x08000332   0x08000332   0x00000000   Code   RO         2547    .ARM.Collect$$libinit$$0000000A  c_w.l(libinit2.o)
    0x08000332   0x08000332   0x00000000   Code   RO         2549    .ARM.Collect$$libinit$$0000000C  c_w.l(libinit2.o)
    0x08000332   0x08000332   0x00000000   Code   RO         2551    .ARM.Collect$$libinit$$0000000E  c_w.l(libinit2.o)
    0x08000332   0x08000332   0x00000000   Code   RO         2554    .ARM.Collect$$libinit$$00000011  c_w.l(libinit2.o)
    0x08000332   0x08000332   0x00000000   Code   RO         2556    .ARM.Collect$$libinit$$00000013  c_w.l(libinit2.o)
    0x08000332   0x08000332   0x00000000   Code   RO         2558    .ARM.Collect$$libinit$$00000015  c_w.l(libinit2.o)
    0x08000332   0x08000332   0x00000000   Code   RO         2560    .ARM.Collect$$libinit$$00000017  c_w.l(libinit2.o)
    0x08000332   0x08000332   0x00000000   Code   RO         2562    .ARM.Collect$$libinit$$00000019  c_w.l(libinit2.o)
    0x08000332   0x08000332   0x00000000   Code   RO         2564    .ARM.Collect$$libinit$$0000001B  c_w.l(libinit2.o)
    0x08000332   0x08000332   0x00000000   Code   RO         2566    .ARM.Collect$$libinit$$0000001D  c_w.l(libinit2.o)
    0x08000332   0x08000332   0x00000000   Code   RO         2568    .ARM.Collect$$libinit$$0000001F  c_w.l(libinit2.o)
    0x08000332   0x08000332   0x00000000   Code   RO         2570    .ARM.Collect$$libinit$$00000021  c_w.l(libinit2.o)
    0x08000332   0x08000332   0x00000000   Code   RO         2572    .ARM.Collect$$libinit$$00000023  c_w.l(libinit2.o)
    0x08000332   0x08000332   0x00000000   Code   RO         2574    .ARM.Collect$$libinit$$00000025  c_w.l(libinit2.o)
    0x08000332   0x08000332   0x0000000c   Code   RO         2588    .ARM.Collect$$libinit$$00000028  c_w.l(libinit3.o)
    0x0800033e   0x0800033e   0x00000000   Code   RO         2580    .ARM.Collect$$libinit$$0000002E  c_w.l(libinit2.o)
    0x0800033e   0x0800033e   0x00000000   Code   RO         2582    .ARM.Collect$$libinit$$00000030  c_w.l(libinit2.o)
    0x0800033e   0x0800033e   0x00000000   Code   RO         2584    .ARM.Collect$$libinit$$00000032  c_w.l(libinit2.o)
    0x0800033e   0x0800033e   0x00000002   Code   RO         2585    .ARM.Collect$$libinit$$00000033  c_w.l(libinit2.o)
    0x08000340   0x08000340   0x00000008   Code   RO         2589    .ARM.Collect$$libinit$$00002739  c_w.l(libinit3.o)
    0x08000348   0x08000348   0x00000002   Code   RO         2533    .ARM.Collect$$rtexit$$00000000  c_w.l(rtexit.o)
    0x0800034a   0x0800034a   0x00000000   Code   RO         2598    .ARM.Collect$$rtexit$$00000002  c_w.l(rtexit2.o)
    0x0800034a   0x0800034a   0x00000004   Code   RO         2599    .ARM.Collect$$rtexit$$00000003  c_w.l(rtexit2.o)
    0x0800034e   0x0800034e   0x00000006   Code   RO         2600    .ARM.Collect$$rtexit$$00000004  c_w.l(rtexit2.o)
    0x08000354   0x08000354   0x00000004   Code   RO         2608    .emb_text           c_w.l(argv_veneer.o)
    0x08000358   0x08000358   0x00000024   Code   RO            4    .text               startup_stm32h743xx.o
    0x0800037c   0x0800037c   0x00000064   Code   RO         2435    .text               c_w.l(rt_memcpy_w.o)
    0x080003e0   0x080003e0   0x00000030   Code   RO         2508    .text               c_w.l(_fptrap.o)
    0x08000410   0x08000410   0x0000000e   Code   RO         2519    .text               c_w.l(defsig_fpe_outer.o)
    0x0800041e   0x0800041e   0x0000000a   Code   RO         2537    .text               c_w.l(defsig_exit.o)
    0x08000428   0x08000428   0x000000ac   Code   RO         2539    .text               c_w.l(defsig_fpe_inner.o)
    0x080004d4   0x080004d4   0x00000002   Code   RO         2594    .text               c_w.l(use_no_semi.o)
    0x080004d6   0x080004d6   0x00000000   Code   RO         2596    .text               c_w.l(indicate_semi.o)
    0x080004d6   0x080004d6   0x00000032   Code   RO         2606    .text               c_w.l(defsig_general.o)
    0x08000508   0x08000508   0x0000012e   Code   RO         2620    .text               c_w.l(_get_argv_nomalloc.o)
    0x08000636   0x08000636   0x00000018   Code   RO         2625    .text               c_w.l(sys_command.o)
    0x0800064e   0x0800064e   0x0000000e   Code   RO         2637    .text               c_w.l(defsig_rtmem_outer.o)
    0x0800065c   0x0800065c   0x00000004   PAD
    0x08000660   0x08000660   0x00000042   Code   RO         2125    .text.BRT38_Init    brt38.o
    0x080006a2   0x080006a2   0x00000006   PAD
    0x080006a8   0x080006a8   0x00000004   Code   RO          156    .text.BusFault_Handler  stm32h7xx_it.o
    0x080006ac   0x080006ac   0x00000004   PAD
    0x080006b0   0x080006b0   0x00000010   Code   RO          168    .text.DMA1_Stream0_IRQHandler  stm32h7xx_it.o
    0x080006c0   0x080006c0   0x00000010   Code   RO          172    .text.DMA1_Stream2_IRQHandler  stm32h7xx_it.o
    0x080006d0   0x080006d0   0x00000010   Code   RO          176    .text.DMA1_Stream4_IRQHandler  stm32h7xx_it.o
    0x080006e0   0x080006e0   0x00000010   Code   RO          180    .text.DMA1_Stream6_IRQHandler  stm32h7xx_it.o
    0x080006f0   0x080006f0   0x00000010   Code   RO          204    .text.DMA2_Stream1_IRQHandler  stm32h7xx_it.o
    0x08000700   0x08000700   0x00000132   Code   RO          581    .text.DMA_CalcDMAMUXRequestGenBaseAndMask  stm32h7xx_hal_dma.o
    0x08000832   0x08000832   0x00000006   PAD
    0x08000838   0x08000838   0x00000532   Code   RO          587    .text.DMA_SetConfig  stm32h7xx_hal_dma.o
    0x08000d6a   0x08000d6a   0x00000006   PAD
    0x08000d70   0x08000d70   0x00000010   Code   RO          184    .text.FDCAN2_IT0_IRQHandler  stm32h7xx_it.o
    0x08000d80   0x08000d80   0x000002c4   Code   RO         1163    .text.FDCAN_CalcultateRamBlockAddresses  stm32h7xx_hal_fdcan.o
    0x08001044   0x08001044   0x00000004   PAD
    0x08001048   0x08001048   0x000000c8   Code   RO         1983    .text.Get_Cmd       remote.o
    0x08001110   0x08001110   0x00000996   Code   RO          591    .text.HAL_DMA_Abort  stm32h7xx_hal_dma.o
    0x08001aa6   0x08001aa6   0x00000002   PAD
    0x08001aa8   0x08001aa8   0x00000010   Code   RO          605    .text.HAL_DMA_GetError  stm32h7xx_hal_dma.o
    0x08001ab8   0x08001ab8   0x00000990   Code   RO          573    .text.HAL_DMA_Init  stm32h7xx_hal_dma.o
    0x08002448   0x08002448   0x00000732   Code   RO          589    .text.HAL_DMA_Start_IT  stm32h7xx_hal_dma.o
    0x08002b7a   0x08002b7a   0x00000006   PAD
    0x08002b80   0x08002b80   0x0000004e   Code   RO          852    .text.HAL_Delay     stm32h7xx_hal.o
    0x08002bce   0x08002bce   0x00000002   PAD
    0x08002bd0   0x08002bd0   0x0000010e   Code   RO         1311    .text.HAL_FDCAN_ActivateNotification  stm32h7xx_hal_fdcan.o
    0x08002cde   0x08002cde   0x00000002   PAD
    0x08002ce0   0x08002ce0   0x00000012   Code   RO         1325    .text.HAL_FDCAN_ClockCalibrationCallback  stm32h7xx_hal_fdcan.o
    0x08002cf2   0x08002cf2   0x00000006   PAD
    0x08002cf8   0x08002cf8   0x0000011e   Code   RO         1183    .text.HAL_FDCAN_ConfigFilter  stm32h7xx_hal_fdcan.o
    0x08002e16   0x08002e16   0x00000002   PAD
    0x08002e18   0x08002e18   0x00000074   Code   RO         1185    .text.HAL_FDCAN_ConfigGlobalFilter  stm32h7xx_hal_fdcan.o
    0x08002e8c   0x08002e8c   0x00000004   PAD
    0x08002e90   0x08002e90   0x0000000c   Code   RO         1321    .text.HAL_FDCAN_HighPriorityMessageCallback  stm32h7xx_hal_fdcan.o
    0x08002e9c   0x08002e9c   0x00000004   PAD
    0x08002ea0   0x08002ea0   0x00000412   Code   RO         1159    .text.HAL_FDCAN_Init  stm32h7xx_hal_fdcan.o
    0x080032b2   0x080032b2   0x00000006   PAD
    0x080032b8   0x080032b8   0x0000000c   Code   RO         1337    .text.HAL_FDCAN_RxBufferNewMessageCallback  stm32h7xx_hal_fdcan.o
    0x080032c4   0x080032c4   0x00000004   PAD
    0x080032c8   0x080032c8   0x00000054   Code   RO         1229    .text.HAL_FDCAN_Start  stm32h7xx_hal_fdcan.o
    0x0800331c   0x0800331c   0x00000004   PAD
    0x08003320   0x08003320   0x00000012   Code   RO         1351    .text.HAL_FDCAN_TT_GlobalTimeCallback  stm32h7xx_hal_fdcan.o
    0x08003332   0x08003332   0x00000006   PAD
    0x08003338   0x08003338   0x00000012   Code   RO         1345    .text.HAL_FDCAN_TT_ScheduleSyncCallback  stm32h7xx_hal_fdcan.o
    0x0800334a   0x0800334a   0x00000006   PAD
    0x08003350   0x08003350   0x0000000c   Code   RO         1341    .text.HAL_FDCAN_TimeoutOccurredCallback  stm32h7xx_hal_fdcan.o
    0x0800335c   0x0800335c   0x00000004   PAD
    0x08003360   0x08003360   0x00000012   Code   RO         1323    .text.HAL_FDCAN_TxBufferAbortCallback  stm32h7xx_hal_fdcan.o
    0x08003372   0x08003372   0x00000006   PAD
    0x08003378   0x08003378   0x00000012   Code   RO         1335    .text.HAL_FDCAN_TxBufferCompleteCallback  stm32h7xx_hal_fdcan.o
    0x0800338a   0x0800338a   0x00000006   PAD
    0x08003390   0x08003390   0x0000001a   Code   RO          842    .text.HAL_IncTick   stm32h7xx_hal.o
    0x080033aa   0x080033aa   0x00000006   PAD
    0x080033b0   0x080033b0   0x00000094   Code   RO          262    .text.HAL_MPU_ConfigRegion  stm32h7xx_hal_cortex.o
    0x08003444   0x08003444   0x00000004   PAD
    0x08003448   0x08003448   0x00000034   Code   RO          260    .text.HAL_MPU_Enable  stm32h7xx_hal_cortex.o
    0x0800347c   0x0800347c   0x00000004   PAD
    0x08003480   0x08003480   0x00000026   Code   RO          218    .text.HAL_MspInit   stm32h7xx_hal_msp.o
    0x080034a6   0x080034a6   0x00000002   PAD
    0x080034a8   0x080034a8   0x00000042   Code   RO          234    .text.HAL_NVIC_SetPriority  stm32h7xx_hal_cortex.o
    0x080034ea   0x080034ea   0x00000006   PAD
    0x080034f0   0x080034f0   0x0000002a   Code   RO          360    .text.HAL_RCCEx_GetD3PCLK1Freq  stm32h7xx_hal_rcc_ex.o
    0x0800351a   0x0800351a   0x00000006   PAD
    0x08003520   0x08003520   0x000002c4   Code   RO          356    .text.HAL_RCCEx_GetPLL2ClockFreq  stm32h7xx_hal_rcc_ex.o
    0x080037e4   0x080037e4   0x00000004   PAD
    0x080037e8   0x080037e8   0x00000fe6   Code   RO          344    .text.HAL_RCCEx_PeriphCLKConfig  stm32h7xx_hal_rcc_ex.o
    0x080047ce   0x080047ce   0x00000002   PAD
    0x080047d0   0x080047d0   0x00000058   Code   RO          320    .text.HAL_RCC_GetHCLKFreq  stm32h7xx_hal_rcc.o
    0x08004828   0x08004828   0x0000002a   Code   RO          322    .text.HAL_RCC_GetPCLK1Freq  stm32h7xx_hal_rcc.o
    0x08004852   0x08004852   0x00000006   PAD
    0x08004858   0x08004858   0x00000320   Code   RO          312    .text.HAL_RCC_GetSysClockFreq  stm32h7xx_hal_rcc.o
    0x08004b78   0x08004b78   0x00000014   Code   RO          254    .text.HAL_SYSTICK_Config  stm32h7xx_hal_cortex.o
    0x08004b8c   0x08004b8c   0x00000004   PAD
    0x08004b90   0x08004b90   0x0000000c   Code   RO         1707    .text.HAL_TIMEx_BreakCallback  stm32h7xx_hal_tim_ex.o
    0x08004b9c   0x08004b9c   0x00000004   PAD
    0x08004ba0   0x08004ba0   0x0000000c   Code   RO         1593    .text.HAL_TIM_ErrorCallback  stm32h7xx_hal_tim.o
    0x08004bac   0x08004bac   0x00000004   PAD
    0x08004bb0   0x08004bb0   0x000006bc   Code   RO         1981    .text.HAL_TIM_IC_CaptureCallback  remote.o
    0x0800526c   0x0800526c   0x00000004   PAD
    0x08005270   0x08005270   0x000000b6   Code   RO         1445    .text.HAL_TIM_IC_Init  stm32h7xx_hal_tim.o
    0x08005326   0x08005326   0x00000002   PAD
    0x08005328   0x08005328   0x00000300   Code   RO         1457    .text.HAL_TIM_IC_Start_IT  stm32h7xx_hal_tim.o
    0x08005628   0x08005628   0x00000166   Code   RO           78    .text.HAL_TIM_MspPostInit  tim.o
    0x0800578e   0x0800578e   0x00000002   PAD
    0x08005790   0x08005790   0x0000000c   Code   RO         1509    .text.HAL_TIM_OC_DelayElapsedCallback  stm32h7xx_hal_tim.o
    0x0800579c   0x0800579c   0x00000004   PAD
    0x080057a0   0x080057a0   0x0000000c   Code   RO         1427    .text.HAL_TIM_PWM_MspInit  stm32h7xx_hal_tim.o
    0x080057ac   0x080057ac   0x00000004   PAD
    0x080057b0   0x080057b0   0x0000027c   Code   RO         1433    .text.HAL_TIM_PWM_Start  stm32h7xx_hal_tim.o
    0x08005a2c   0x08005a2c   0x00000004   PAD
    0x08005a30   0x08005a30   0x0000000c   Code   RO         1515    .text.HAL_TIM_TriggerCallback  stm32h7xx_hal_tim.o
    0x08005a3c   0x08005a3c   0x00000004   PAD
    0x08005a40   0x08005a40   0x00000094   Code   RO         1900    .text.HAL_UARTEx_SetTxFifoThreshold  stm32h7xx_hal_uart_ex.o
    0x08005ad4   0x08005ad4   0x00000004   PAD
    0x08005ad8   0x08005ad8   0x0000000c   Code   RO         1882    .text.HAL_UARTEx_TxFifoEmptyCallback  stm32h7xx_hal_uart_ex.o
    0x08005ae4   0x08005ae4   0x00000004   PAD
    0x08005ae8   0x08005ae8   0x0000000c   Code   RO         1878    .text.HAL_UARTEx_WakeupCallback  stm32h7xx_hal_uart_ex.o
    0x08005af4   0x08005af4   0x00000004   PAD
    0x08005af8   0x08005af8   0x0000000c   Code   RO         1817    .text.HAL_UART_ErrorCallback  stm32h7xx_hal_uart.o
    0x08005b04   0x08005b04   0x00000004   PAD
    0x08005b08   0x08005b08   0x000005d6   Code   RO         1813    .text.HAL_UART_IRQHandler  stm32h7xx_hal_uart.o
    0x080060de   0x080060de   0x00000002   PAD
    0x080060e0   0x080060e0   0x000000bc   Code   RO         1773    .text.HAL_UART_Receive_DMA  stm32h7xx_hal_uart.o
    0x0800619c   0x0800619c   0x00000004   PAD
    0x080061a0   0x080061a0   0x0000000c   Code   RO         1827    .text.HAL_UART_RxCpltCallback  stm32h7xx_hal_uart.o
    0x080061ac   0x080061ac   0x00000004   PAD
    0x080061b0   0x080061b0   0x00000086   Code   RO         2154    .text.HAL_URS485_Transmit  uart.o
    0x08006236   0x08006236   0x00000002   PAD
    0x08006238   0x08006238   0x00000288   Code   RO         2196    .text.HSVtoRGB      ws2812b.o
    0x080064c0   0x080064c0   0x00000004   Code   RO          152    .text.HardFault_Handler  stm32h7xx_it.o
    0x080064c4   0x080064c4   0x00000004   PAD
    0x080064c8   0x080064c8   0x00000074   Code   RO         2310    .text.Ibus_Data_Count  ibus.o
    0x0800653c   0x0800653c   0x00000004   PAD
    0x08006540   0x08006540   0x00000056   Code   RO         1943    .text.MS_Task       app.o
    0x08006596   0x08006596   0x00000002   PAD
    0x08006598   0x08006598   0x00000100   Code   RO           41    .text.MX_DMA_Init   dma.o
    0x08006698   0x08006698   0x0000018a   Code   RO           29    .text.MX_GPIO_Init  gpio.o
    0x08006822   0x08006822   0x00000006   PAD
    0x08006828   0x08006828   0x000000d2   Code   RO           86    .text.MX_TIM12_Init  tim.o
    0x080068fa   0x080068fa   0x00000006   PAD
    0x08006900   0x08006900   0x0000014e   Code   RO           88    .text.MX_TIM15_Init  tim.o
    0x08006a4e   0x08006a4e   0x00000002   PAD
    0x08006a50   0x08006a50   0x00000132   Code   RO           74    .text.MX_TIM1_Init  tim.o
    0x08006b82   0x08006b82   0x00000006   PAD
    0x08006b88   0x08006b88   0x0000013c   Code   RO           76    .text.MX_TIM2_Init  tim.o
    0x08006cc4   0x08006cc4   0x00000004   PAD
    0x08006cc8   0x08006cc8   0x00000140   Code   RO           82    .text.MX_TIM4_Init  tim.o
    0x08006e08   0x08006e08   0x0000008e   Code   RO          112    .text.MX_UART4_Init  usart.o
    0x08006e96   0x08006e96   0x00000002   PAD
    0x08006e98   0x08006e98   0x00000092   Code   RO          114    .text.MX_UART5_Init  usart.o
    0x08006f2a   0x08006f2a   0x00000006   PAD
    0x08006f30   0x08006f30   0x0000009e   Code   RO          116    .text.MX_UART7_Init  usart.o
    0x08006fce   0x08006fce   0x00000002   PAD
    0x08006fd0   0x08006fd0   0x0000008e   Code   RO          120    .text.MX_USART3_UART_Init  usart.o
    0x0800705e   0x0800705e   0x00000002   PAD
    0x08007060   0x08007060   0x00000008   Code   RO         1945    .text.Millisecond_Task  app.o
    0x08007068   0x08007068   0x0000014c   Code   RO         2242    .text.Motor_DataTransform  robstride04.o
    0x080071b4   0x080071b4   0x00000004   PAD
    0x080071b8   0x080071b8   0x00000004   Code   RO          150    .text.NMI_Handler   stm32h7xx_it.o
    0x080071bc   0x080071bc   0x00000004   PAD
    0x080071c0   0x080071c0   0x000000ae   Code   RO         2174    .text.PID_struct_init  pid.o
    0x0800726e   0x0800726e   0x00000002   PAD
    0x08007270   0x08007270   0x00000002   Code   RO          164    .text.PendSV_Handler  stm32h7xx_it.o
    0x08007272   0x08007272   0x00000006   PAD
    0x08007278   0x08007278   0x000000aa   Code   RO         2230    .text.R04_filter    robstride04.o
    0x08007322   0x08007322   0x00000006   PAD
    0x08007328   0x08007328   0x000001d8   Code   RO          346    .text.RCCEx_PLL2_Config  stm32h7xx_hal_rcc_ex.o
    0x08007500   0x08007500   0x000001d8   Code   RO          348    .text.RCCEx_PLL3_Config  stm32h7xx_hal_rcc_ex.o
    0x080076d8   0x080076d8   0x000000b6   Code   RO         2276    .text.RM3508_filter  rm3508.o
    0x0800778e   0x0800778e   0x00000002   PAD
    0x08007790   0x08007790   0x00000028   Code   RO         2034    .text.Relay_Init    relay.o
    0x080077b8   0x080077b8   0x00000082   Code   RO         1979    .text.Remote_Init   remote.o
    0x0800783a   0x0800783a   0x00000006   PAD
    0x08007840   0x08007840   0x00000002   Code   RO          160    .text.SVC_Handler   stm32h7xx_it.o
    0x08007842   0x08007842   0x00000006   PAD
    0x08007848   0x08007848   0x000001cc   Code   RO         2213    .text.Sbus_Data_Count  sbus.o
    0x08007a14   0x08007a14   0x00000004   PAD
    0x08007a18   0x08007a18   0x0000002a   Code   RO         2211    .text.Sbus_Init     sbus.o
    0x08007a42   0x08007a42   0x00000006   PAD
    0x08007a48   0x08007a48   0x00000078   Code   RO         2327    .text.Servo_Init    servo.o
    0x08007ac0   0x08007ac0   0x00000046   Code   RO         2016    .text.Step_Pwm_Fre  step_motor.o
    0x08007b06   0x08007b06   0x00000002   PAD
    0x08007b08   0x08007b08   0x00000008   Code   RO          166    .text.SysTick_Handler  stm32h7xx_it.o
    0x08007b10   0x08007b10   0x000000ec   Code   RO           15    .text.SystemClock_Config  main.o
    0x08007bfc   0x08007bfc   0x00000004   PAD
    0x08007c00   0x08007c00   0x00000010   Code   RO          200    .text.TIM6_DAC_IRQHandler  stm32h7xx_it.o
    0x08007c10   0x08007c10   0x00000010   Code   RO          192    .text.TIM8_BRK_TIM12_IRQHandler  stm32h7xx_it.o
    0x08007c20   0x08007c20   0x0000004a   Code   RO         1565    .text.TIM_ETR_SetConfig  stm32h7xx_hal_tim.o
    0x08007c6a   0x08007c6a   0x00000006   PAD
    0x08007c70   0x08007c70   0x00000038   Code   RO         1571    .text.TIM_ITRx_SetConfig  stm32h7xx_hal_tim.o
    0x08007ca8   0x08007ca8   0x00000158   Code   RO         1519    .text.TIM_OC1_SetConfig  stm32h7xx_hal_tim.o
    0x08007e00   0x08007e00   0x00000178   Code   RO         1521    .text.TIM_OC2_SetConfig  stm32h7xx_hal_tim.o
    0x08007f78   0x08007f78   0x000000dc   Code   RO         1525    .text.TIM_OC4_SetConfig  stm32h7xx_hal_tim.o
    0x08008054   0x08008054   0x00000004   PAD
    0x08008058   0x08008058   0x000000d4   Code   RO         1527    .text.TIM_OC5_SetConfig  stm32h7xx_hal_tim.o
    0x0800812c   0x0800812c   0x00000004   PAD
    0x08008130   0x08008130   0x00000062   Code   RO         1569    .text.TIM_TI1_ConfigInputStage  stm32h7xx_hal_tim.o
    0x08008192   0x08008192   0x00000006   PAD
    0x08008198   0x08008198   0x00000064   Code   RO         1573    .text.TIM_TI2_ConfigInputStage  stm32h7xx_hal_tim.o
    0x080081fc   0x080081fc   0x00000004   PAD
    0x08008200   0x08008200   0x00000082   Code   RO         1535    .text.TIM_TI2_SetConfig  stm32h7xx_hal_tim.o
    0x08008282   0x08008282   0x00000006   PAD
    0x08008288   0x08008288   0x0000001c   Code   RO          198    .text.UART5_IRQHandler  stm32h7xx_it.o
    0x080082a4   0x080082a4   0x00000004   PAD
    0x080082a8   0x080082a8   0x00000084   Code   RO         1771    .text.UART_DMAError  stm32h7xx_hal_uart.o
    0x0800832c   0x0800832c   0x00000004   PAD
    0x08008330   0x08008330   0x0000008a   Code   RO         1861    .text.UART_DMAReceiveCplt  stm32h7xx_hal_uart.o
    0x080083ba   0x080083ba   0x00000006   PAD
    0x080083c0   0x080083c0   0x00000054   Code   RO         1785    .text.UART_EndRxTransfer  stm32h7xx_hal_uart.o
    0x08008414   0x08008414   0x00000004   PAD
    0x08008418   0x08008418   0x0000002c   Code   RO         1783    .text.UART_EndTxTransfer  stm32h7xx_hal_uart.o
    0x08008444   0x08008444   0x00000004   PAD
    0x08008448   0x08008448   0x000000f6   Code   RO         1775    .text.UART_Start_Receive_DMA  stm32h7xx_hal_uart.o
    0x0800853e   0x0800853e   0x00000002   PAD
    0x08008540   0x08008540   0x0000001c   Code   RO          188    .text.USART1_IRQHandler  stm32h7xx_it.o
    0x0800855c   0x0800855c   0x00000004   PAD
    0x08008560   0x08008560   0x0000001c   Code   RO          190    .text.USART3_IRQHandler  stm32h7xx_it.o
    0x0800857c   0x0800857c   0x00000004   PAD
    0x08008580   0x08008580   0x00000208   Code   RO         2312    .text.USAR_UART1_IDLECallback  ibus.o
    0x08008788   0x08008788   0x000001f8   Code   RO         2150    .text.USAR_UART3_IDLECallback  uart.o
    0x08008980   0x08008980   0x00000208   Code   RO         2146    .text.USAR_UART4_IDLECallback  uart.o
    0x08008b88   0x08008b88   0x0000007e   Code   RO         2236    .text.Uint2Float    robstride04.o
    0x08008c06   0x08008c06   0x00000002   PAD
    0x08008c08   0x08008c08   0x00000162   Code   RO         2192    .text.WS2812B_SetPixelColor  ws2812b.o
    0x08008d6a   0x08008d6a   0x00000006   PAD
    0x08008d70   0x08008d70   0x00000190   Code   RO         2343    .text.YS_Set        ys_motor.o
    0x08008f00   0x08008f00   0x00000036   Code   RO          244    .text.__NVIC_EnableIRQ  stm32h7xx_hal_cortex.o
    0x08008f36   0x08008f36   0x00000002   PAD
    0x08008f38   0x08008f38   0x00000040   Code   RO          232    .text.__NVIC_SetPriorityGrouping  stm32h7xx_hal_cortex.o
    0x08008f78   0x08008f78   0x00000140   Code   RO           11    .text.main          main.o
    0x080090b8   0x080090b8   0x0000004e   Code   RO         2178    .text.pid_reset     pid.o
    0x08009106   0x08009106   0x00000002   PAD
    0x08009108   0x08009108   0x000001ac   Code   RO         2372    x$fpl$d2f           f_wm.l(d2f_clz.o)
    0x080092b4   0x080092b4   0x0000001a   Code   RO         2439    x$fpl$dfltn         f_wm.l(dflt_clz.o)
    0x080092ce   0x080092ce   0x00000070   Code   RO         2445    x$fpl$drenorm       f_wm.l(drenorm_clz.o)
    0x0800933e   0x0800933e   0x00000002   PAD
    0x08009340   0x08009340   0x000001a8   Code   RO         2451    x$fpl$exception     f_wm.l(except.o)
    0x080094e8   0x080094e8   0x000000f2   Code   RO         2453    x$fpl$fnaninf       f_wm.l(fnaninf.o)
    0x080095da   0x080095da   0x00000106   Code   RO         2457    x$fpl$funder        f_wm.l(funder_clz.o)
    0x080096e0   0x080096e0   0x000000b2   Code   RO         2510    x$fpl$retnan        f_wm.l(retnan.o)
    0x08009792   0x08009792   0x0000007e   Code   RO         2459    x$fpl$trapveneer    f_wm.l(trapv.o)
    0x08009810   0x08009810   0x00000000   Code   RO         2461    x$fpl$usenofp       f_wm.l(usenofp.o)
    0x08009810   0x08009810   0x00000010   Data   RO         1928    .rodata.D1CorePrescTable  system_stm32h7xx.o
    0x08009820   0x08009820   0x0000004c   Data   RO         1359    .rodata.HAL_FDCAN_Init.CvtEltSize  stm32h7xx_hal_fdcan.o
    0x0800986c   0x0800986c   0x00000008   Data   RO         1910    .rodata.UARTEx_SetNbDataToProcess.numerator  stm32h7xx_hal_uart_ex.o
    0x08009874   0x08009874   0x00000400   Data   RO         2114    .rodata.crc_table   crc.o
    0x08009c74   0x08009c74   0x00000020   Data   RO         2667    Region$$Table       anon$$obj.o


    Execution Region RW_IRAM1 (Exec base: 0x20000000, Load base: 0x08009c94, Size: 0x00000000, Max: 0x00020000, ABSOLUTE)

    **** No section assigned to this execution region ****


    Execution Region RW_IRAM2 (Exec base: 0x24000000, Load base: 0x08009c98, Size: 0x00001a90, Max: 0x00080000, ABSOLUTE, COMPRESSED[0x00000040])

    Exec Addr    Load Addr    Size         Type   Attr      Idx    E Section Name        Object

    0x24000000   COMPRESSED   0x0000001c   Data   RW         1985    .DTCM               remote.o
    0x2400001c   COMPRESSED   0x00000020   Data   RW         2076    .DTCM               my_can_init.o
    0x2400003c   COMPRESSED   0x00000044   Data   RW         2159    .DTCM               uart.o
    0x24000080   COMPRESSED   0x0000005e   Data   RW         2218    .DTCM               sbus.o
    0x240000de   COMPRESSED   0x00000002   PAD
    0x240000e0   COMPRESSED   0x00000056   Data   RW         2315    .DTCM               ibus.o
    0x24000136   COMPRESSED   0x00000002   PAD
    0x24000138   COMPRESSED   0x00000060   Data   RW         2350    .DTCM               ys_motor.o
    0x24000198   COMPRESSED   0x0000008c   Data   RW         2158    .RAM_D1             uart.o
    0x24000224   COMPRESSED   0x00000032   Data   RW         2217    .RAM_D1             sbus.o
    0x24000256   COMPRESSED   0x00000028   Data   RW         2314    .RAM_D1             ibus.o
    0x2400027e   COMPRESSED   0x00000011   Data   RW         2349    .RAM_D1             ys_motor.o
    0x2400028f   COMPRESSED   0x00000001   Data   RW         1988    .data.HAL_TIM_IC_CaptureCallback.IsRisingEdge_1  remote.o
    0x24000290   COMPRESSED   0x00000001   Data   RW         2000    .data.HAL_TIM_IC_CaptureCallback.IsRisingEdge_1.3  remote.o
    0x24000291   COMPRESSED   0x00000001   Data   RW         1991    .data.HAL_TIM_IC_CaptureCallback.IsRisingEdge_2  remote.o
    0x24000292   COMPRESSED   0x00000001   Data   RW         2003    .data.HAL_TIM_IC_CaptureCallback.IsRisingEdge_2.6  remote.o
    0x24000293   COMPRESSED   0x00000001   Data   RW         1994    .data.HAL_TIM_IC_CaptureCallback.IsRisingEdge_3  remote.o
    0x24000294   COMPRESSED   0x00000001   Data   RW         1997    .data.HAL_TIM_IC_CaptureCallback.IsRisingEdge_4  remote.o
    0x24000295   COMPRESSED   0x00000003   PAD
    0x24000298   COMPRESSED   0x00000004   Data   RW         1964    .data.Kd            app.o
    0x2400029c   COMPRESSED   0x00000004   Data   RW         1963    .data.Kp            app.o
    0x240002a0   COMPRESSED   0x00000002   Data   RW         2246    .data.Motor_DataTransform.position_16  robstride04.o
    0x240002a2   COMPRESSED   0x00000002   Data   RW         2249    .data.Motor_DataTransform.temp  robstride04.o
    0x240002a4   COMPRESSED   0x00000002   Data   RW         2248    .data.Motor_DataTransform.torque_16  robstride04.o
    0x240002a6   COMPRESSED   0x00000002   Data   RW         2247    .data.Motor_DataTransform.velocity_16  robstride04.o
    0x240002a8   COMPRESSED   0x00000001   Data   RW         1959    .data.Motor_id      app.o
    0x240002a9   COMPRESSED   0x00000003   PAD
    0x240002ac   COMPRESSED   0x00000004   Data   RW         1926    .data.SystemCoreClock  system_stm32h7xx.o
    0x240002b0   COMPRESSED   0x00000004   Data   RW         1927    .data.SystemD2Clock  system_stm32h7xx.o
    0x240002b4   COMPRESSED   0x00000001   Data   RW          929    .data.uwTickFreq    stm32h7xx_hal.o
    0x240002b5   COMPRESSED   0x00000003   PAD
    0x240002b8   COMPRESSED   0x00000004   Data   RW          928    .data.uwTickPrio    stm32h7xx_hal.o
    0x240002bc   COMPRESSED   0x00000004   PAD
    0x240002c0        -       0x00000004   Zero   RW         2131    .bss.BRT38_Position  brt38.o
    0x240002c4        -       0x00000002   Zero   RW         2133    .bss.CRC_OUT_BRT    brt38.o
    0x240002c6   COMPRESSED   0x00000002   PAD
    0x240002c8        -       0x00000004   Zero   RW           63    .bss.HAL_RCC_FDCAN_CLK_ENABLED  fdcan.o
    0x240002cc        -       0x00000004   Zero   RW         1987    .bss.HAL_TIM_IC_CaptureCallback.CH1_FallingEdge  remote.o
    0x240002d0        -       0x00000004   Zero   RW         1999    .bss.HAL_TIM_IC_CaptureCallback.CH1_FallingEdge.2  remote.o
    0x240002d4        -       0x00000004   Zero   RW         1986    .bss.HAL_TIM_IC_CaptureCallback.CH1_RisingEdge  remote.o
    0x240002d8        -       0x00000004   Zero   RW         1998    .bss.HAL_TIM_IC_CaptureCallback.CH1_RisingEdge.1  remote.o
    0x240002dc        -       0x00000004   Zero   RW         1990    .bss.HAL_TIM_IC_CaptureCallback.CH2_FallingEdge  remote.o
    0x240002e0        -       0x00000004   Zero   RW         2002    .bss.HAL_TIM_IC_CaptureCallback.CH2_FallingEdge.5  remote.o
    0x240002e4        -       0x00000004   Zero   RW         1989    .bss.HAL_TIM_IC_CaptureCallback.CH2_RisingEdge  remote.o
    0x240002e8        -       0x00000004   Zero   RW         2001    .bss.HAL_TIM_IC_CaptureCallback.CH2_RisingEdge.4  remote.o
    0x240002ec        -       0x00000004   Zero   RW         1993    .bss.HAL_TIM_IC_CaptureCallback.CH3_FallingEdge  remote.o
    0x240002f0        -       0x00000004   Zero   RW         1992    .bss.HAL_TIM_IC_CaptureCallback.CH3_RisingEdge  remote.o
    0x240002f4        -       0x00000004   Zero   RW         1996    .bss.HAL_TIM_IC_CaptureCallback.CH4_FallingEdge  remote.o
    0x240002f8        -       0x00000004   Zero   RW         1995    .bss.HAL_TIM_IC_CaptureCallback.CH4_RisingEdge  remote.o
    0x240002fc        -       0x00000001   Zero   RW         2351    .bss.ID             ys_motor.o
    0x240002fd   COMPRESSED   0x00000001   PAD
    0x240002fe        -       0x0000001c   Zero   RW         2316    .bss.Ibus_CH        ibus.o
    0x2400031a   COMPRESSED   0x00000002   PAD
    0x2400031c        -       0x0000006c   Zero   RW         1951    .bss.Motor1_Pid     app.o
    0x24000388        -       0x00000010   Zero   RW         2297    .bss.Motor_Speed    rm3508.o
    0x24000398        -       0x00000010   Zero   RW         2296    .bss.Motor_Speed_Last  rm3508.o
    0x240003a8        -       0x00000004   Zero   RW         1960    .bss.P_des          app.o
    0x240003ac        -       0x00000024   Zero   RW         2245    .bss.R04_TxHeader   robstride04.o
    0x240003d0        -       0x00000020   Zero   RW         2244    .bss.R04_sFilterConfig  robstride04.o
    0x240003f0        -       0x0000006c   Zero   RW         2288    .bss.RM3508_1_Speed_Pid  rm3508.o
    0x2400045c        -       0x0000006c   Zero   RW         2289    .bss.RM3508_2_Speed_Pid  rm3508.o
    0x240004c8        -       0x0000006c   Zero   RW         2290    .bss.RM3508_3_Speed_Pid  rm3508.o
    0x24000534        -       0x0000006c   Zero   RW         2291    .bss.RM3508_4_Speed_Pid  rm3508.o
    0x240005a0        -       0x00000024   Zero   RW         2293    .bss.RM3508_TxHeader  rm3508.o
    0x240005c4        -       0x00000020   Zero   RW         2292    .bss.RM3508_sFilterConfig  rm3508.o
    0x240005e4        -       0x00000018   Zero   RW         2080    .bss.Rs_Motor_1     my_can_init.o
    0x240005fc        -       0x00000028   Zero   RW         2079    .bss.RxHeader1      my_can_init.o
    0x24000624        -       0x00000028   Zero   RW         2081    .bss.RxHeader2      my_can_init.o
    0x2400064c        -       0x00000020   Zero   RW         2219    .bss.Sbus_CH        sbus.o
    0x2400066c        -       0x00000004   Zero   RW         1962    .bss.T_ff           app.o
    0x24000670        -       0x00000004   Zero   RW         1961    .bss.V_des          app.o
    0x24000674        -       0x0000006c   Zero   RW         1952    .bss.YS_Motor1_Pid  app.o
    0x240006e0        -       0x000002a0   Zero   RW         2200    .bss.dma_buffer     ws2812b.o
    0x24000980        -       0x00000078   Zero   RW          101    .bss.hdma_tim3_ch1  tim.o
    0x240009f8        -       0x00000078   Zero   RW          131    .bss.hdma_uart4_rx  usart.o
    0x24000a70        -       0x00000078   Zero   RW          132    .bss.hdma_uart4_tx  usart.o
    0x24000ae8        -       0x00000078   Zero   RW          133    .bss.hdma_uart5_rx  usart.o
    0x24000b60        -       0x00000078   Zero   RW          134    .bss.hdma_uart5_tx  usart.o
    0x24000bd8        -       0x00000078   Zero   RW          135    .bss.hdma_uart7_rx  usart.o
    0x24000c50        -       0x00000078   Zero   RW          136    .bss.hdma_usart1_rx  usart.o
    0x24000cc8        -       0x00000078   Zero   RW          137    .bss.hdma_usart1_tx  usart.o
    0x24000d40        -       0x00000078   Zero   RW          138    .bss.hdma_usart3_rx  usart.o
    0x24000db8        -       0x00000078   Zero   RW          139    .bss.hdma_usart3_tx  usart.o
    0x24000e30        -       0x000000a0   Zero   RW           61    .bss.hfdcan1        fdcan.o
    0x24000ed0        -       0x000000a0   Zero   RW           62    .bss.hfdcan2        fdcan.o
    0x24000f70        -       0x0000004c   Zero   RW           94    .bss.htim1          tim.o
    0x24000fbc        -       0x0000004c   Zero   RW           99    .bss.htim12         tim.o
    0x24001008        -       0x0000004c   Zero   RW          100    .bss.htim15         tim.o
    0x24001054        -       0x0000004c   Zero   RW           95    .bss.htim2          tim.o
    0x240010a0        -       0x0000004c   Zero   RW           96    .bss.htim3          tim.o
    0x240010ec        -       0x0000004c   Zero   RW           97    .bss.htim4          tim.o
    0x24001138        -       0x0000004c   Zero   RW           98    .bss.htim6          tim.o
    0x24001184        -       0x00000090   Zero   RW          129    .bss.huart1         usart.o
    0x24001214        -       0x00000090   Zero   RW          130    .bss.huart3         usart.o
    0x240012a4        -       0x00000090   Zero   RW          126    .bss.huart4         usart.o
    0x24001334        -       0x00000090   Zero   RW          127    .bss.huart5         usart.o
    0x240013c4        -       0x00000090   Zero   RW          128    .bss.huart7         usart.o
    0x24001454        -       0x00000030   Zero   RW         2295    .bss.motor_feedback  rm3508.o
    0x24001484        -       0x00000004   Zero   RW         1968    .bss.pluse          app.o
    0x24001488        -       0x00000004   Zero   RW          930    .bss.uwTick         stm32h7xx_hal.o
    0x2400148c   COMPRESSED   0x00000004   PAD
    0x24001490        -       0x00000200   Zero   RW            2    HEAP                startup_stm32h743xx.o
    0x24001690        -       0x00000400   Zero   RW            1    STACK               startup_stm32h743xx.o



  Load Region LR_IROM2 (Base: 0x08100000, Size: 0x00009bf0, Max: 0x00100000, ABSOLUTE)

    Execution Region ER_IROM2 (Exec base: 0x08100000, Load base: 0x08100000, Size: 0x00009bf0, Max: 0x00100000, ABSOLUTE)

    Exec Addr    Load Addr    Size         Type   Attr      Idx    E Section Name        Object

    0x08100000   0x08100000   0x00000002   Code   RO         2624    .ARM.Collect$$libshutdown$$00000000  c_w.l(libshutdown.o)
    0x08100002   0x08100002   0x00000000   Code   RO         2652    .ARM.Collect$$libshutdown$$00000002  c_w.l(libshutdown2.o)
    0x08100002   0x08100002   0x00000000   Code   RO         2654    .ARM.Collect$$libshutdown$$00000004  c_w.l(libshutdown2.o)
    0x08100002   0x08100002   0x00000000   Code   RO         2657    .ARM.Collect$$libshutdown$$00000007  c_w.l(libshutdown2.o)
    0x08100002   0x08100002   0x00000000   Code   RO         2660    .ARM.Collect$$libshutdown$$0000000A  c_w.l(libshutdown2.o)
    0x08100002   0x08100002   0x00000000   Code   RO         2662    .ARM.Collect$$libshutdown$$0000000C  c_w.l(libshutdown2.o)
    0x08100002   0x08100002   0x00000000   Code   RO         2665    .ARM.Collect$$libshutdown$$0000000F  c_w.l(libshutdown2.o)
    0x08100002   0x08100002   0x00000002   Code   RO         2666    .ARM.Collect$$libshutdown$$00000010  c_w.l(libshutdown2.o)
    0x08100004   0x08100004   0x00000000   Code   RO         2428    .ARM.Collect$$rtentry$$00000000  c_w.l(__rtentry.o)
    0x08100004   0x08100004   0x00000000   Code   RO         2482    .ARM.Collect$$rtentry$$00000002  c_w.l(__rtentry2.o)
    0x08100004   0x08100004   0x00000004   Code   RO         2496    .ARM.Collect$$rtentry$$00000005  c_w.l(__rtentry5.o)
    0x08100008   0x08100008   0x00000000   Code   RO         2484    .ARM.Collect$$rtentry$$00000009  c_w.l(__rtentry2.o)
    0x08100008   0x08100008   0x00000004   Code   RO         2485    .ARM.Collect$$rtentry$$0000000A  c_w.l(__rtentry2.o)
    0x0810000c   0x0810000c   0x00000000   Code   RO         2487    .ARM.Collect$$rtentry$$0000000C  c_w.l(__rtentry2.o)
    0x0810000c   0x0810000c   0x00000008   Code   RO         2488    .ARM.Collect$$rtentry$$0000000D  c_w.l(__rtentry2.o)
    0x08100014   0x08100014   0x00000004   Code   RO         2497    .ARM.Collect$$rtentry$$00002716  c_w.l(__rtentry5.o)
    0x08100018   0x08100018   0x000000ee   Code   RO         2364    .text               c_w.l(lludivv7m.o)
    0x08100106   0x08100106   0x0000008a   Code   RO         2366    .text               c_w.l(rt_memcpy_v6.o)
    0x08100190   0x08100190   0x0000004e   Code   RO         2368    .text               c_w.l(rt_memclr_w.o)
    0x081001de   0x081001de   0x00000012   Code   RO         2517    .text               c_w.l(exit.o)
    0x081001f0   0x081001f0   0x0000000c   Code   RO         2590    .text               c_w.l(sys_exit.o)
    0x081001fc   0x081001fc   0x0000000e   Code   RO         2612    .text               c_w.l(sys_wrch.o)
    0x0810020a   0x0810020a   0x00000004   Code   RO         2629    .text               c_w.l(hrguard.o)
    0x0810020e   0x0810020e   0x00000002   PAD
    0x08100210   0x08100210   0x00000050   Code   RO         2635    .text               c_w.l(defsig_rtmem_inner.o)
    0x08100260   0x08100260   0x00000010   Code   RO          170    .text.DMA1_Stream1_IRQHandler  stm32h7xx_it.o
    0x08100270   0x08100270   0x00000010   Code   RO          174    .text.DMA1_Stream3_IRQHandler  stm32h7xx_it.o
    0x08100280   0x08100280   0x00000010   Code   RO          178    .text.DMA1_Stream5_IRQHandler  stm32h7xx_it.o
    0x08100290   0x08100290   0x00000010   Code   RO          194    .text.DMA1_Stream7_IRQHandler  stm32h7xx_it.o
    0x081002a0   0x081002a0   0x00000010   Code   RO          202    .text.DMA2_Stream0_IRQHandler  stm32h7xx_it.o
    0x081002b0   0x081002b0   0x000001d0   Code   RO          577    .text.DMA_CalcBaseAndBitshift  stm32h7xx_hal_dma.o
    0x08100480   0x08100480   0x00000182   Code   RO          579    .text.DMA_CalcDMAMUXChannelBaseAndMask  stm32h7xx_hal_dma.o
    0x08100602   0x08100602   0x00000006   PAD
    0x08100608   0x08100608   0x000000f6   Code   RO          575    .text.DMA_CheckFifoParam  stm32h7xx_hal_dma.o
    0x081006fe   0x081006fe   0x00000002   PAD
    0x08100700   0x08100700   0x00000002   Code   RO          162    .text.DebugMon_Handler  stm32h7xx_it.o
    0x08100702   0x08100702   0x00000006   PAD
    0x08100708   0x08100708   0x0000000e   Code   RO           17    .text.Error_Handler  main.o
    0x08100716   0x08100716   0x00000002   PAD
    0x08100718   0x08100718   0x00000010   Code   RO          182    .text.FDCAN1_IT0_IRQHandler  stm32h7xx_it.o
    0x08100728   0x08100728   0x0000009c   Code   RO         2129    .text.Get_Position  brt38.o
    0x081007c4   0x081007c4   0x00000004   PAD
    0x081007c8   0x081007c8   0x000006c6   Code   RO          593    .text.HAL_DMA_Abort_IT  stm32h7xx_hal_dma.o
    0x08100e8e   0x08100e8e   0x00000002   PAD
    0x08100e90   0x08100e90   0x0000123a   Code   RO          597    .text.HAL_DMA_IRQHandler  stm32h7xx_hal_dma.o
    0x081020ca   0x081020ca   0x00000006   PAD
    0x081020d0   0x081020d0   0x0000000c   Code   RO         1353    .text.HAL_FDCAN_ErrorCallback  stm32h7xx_hal_fdcan.o
    0x081020dc   0x081020dc   0x00000004   PAD
    0x081020e0   0x081020e0   0x00000012   Code   RO         1343    .text.HAL_FDCAN_ErrorStatusCallback  stm32h7xx_hal_fdcan.o
    0x081020f2   0x081020f2   0x00000006   PAD
    0x081020f8   0x081020f8   0x0000031c   Code   RO         1243    .text.HAL_FDCAN_GetRxMessage  stm32h7xx_hal_fdcan.o
    0x08102414   0x08102414   0x00000004   PAD
    0x08102418   0x08102418   0x000005b6   Code   RO         1319    .text.HAL_FDCAN_IRQHandler  stm32h7xx_hal_fdcan.o
    0x081029ce   0x081029ce   0x00000002   PAD
    0x081029d0   0x081029d0   0x000001aa   Code   RO           57    .text.HAL_FDCAN_MspInit  fdcan.o
    0x08102b7a   0x08102b7a   0x00000006   PAD
    0x08102b80   0x08102b80   0x00000074   Code   RO         2072    .text.HAL_FDCAN_RxFifo0Callback  my_can_init.o
    0x08102bf4   0x08102bf4   0x00000004   PAD
    0x08102bf8   0x08102bf8   0x000000ac   Code   RO         2074    .text.HAL_FDCAN_RxFifo1Callback  my_can_init.o
    0x08102ca4   0x08102ca4   0x00000004   PAD
    0x08102ca8   0x08102ca8   0x0000001e   Code   RO         1349    .text.HAL_FDCAN_TT_StopWatchCallback  stm32h7xx_hal_fdcan.o
    0x08102cc6   0x08102cc6   0x00000002   PAD
    0x08102cc8   0x08102cc8   0x00000012   Code   RO         1347    .text.HAL_FDCAN_TT_TimeMarkCallback  stm32h7xx_hal_fdcan.o
    0x08102cda   0x08102cda   0x00000006   PAD
    0x08102ce0   0x08102ce0   0x0000000c   Code   RO         1339    .text.HAL_FDCAN_TimestampWraparoundCallback  stm32h7xx_hal_fdcan.o
    0x08102cec   0x08102cec   0x00000004   PAD
    0x08102cf0   0x08102cf0   0x00000012   Code   RO         1327    .text.HAL_FDCAN_TxEventFifoCallback  stm32h7xx_hal_fdcan.o
    0x08102d02   0x08102d02   0x00000006   PAD
    0x08102d08   0x08102d08   0x0000000c   Code   RO         1333    .text.HAL_FDCAN_TxFifoEmptyCallback  stm32h7xx_hal_fdcan.o
    0x08102d14   0x08102d14   0x00000004   PAD
    0x08102d18   0x08102d18   0x000003c8   Code   RO          515    .text.HAL_GPIO_Init  stm32h7xx_hal_gpio.o
    0x081030e0   0x081030e0   0x00000036   Code   RO          519    .text.HAL_GPIO_ReadPin  stm32h7xx_hal_gpio.o
    0x08103116   0x08103116   0x00000002   PAD
    0x08103118   0x08103118   0x00000030   Code   RO          523    .text.HAL_GPIO_TogglePin  stm32h7xx_hal_gpio.o
    0x08103148   0x08103148   0x00000042   Code   RO          521    .text.HAL_GPIO_WritePin  stm32h7xx_hal_gpio.o
    0x0810318a   0x0810318a   0x00000006   PAD
    0x08103190   0x08103190   0x0000000e   Code   RO          860    .text.HAL_GetREVID  stm32h7xx_hal.o
    0x0810319e   0x0810319e   0x00000002   PAD
    0x081031a0   0x081031a0   0x0000000c   Code   RO          844    .text.HAL_GetTick   stm32h7xx_hal.o
    0x081031ac   0x081031ac   0x00000004   PAD
    0x081031b0   0x081031b0   0x00000082   Code   RO          832    .text.HAL_Init      stm32h7xx_hal.o
    0x08103232   0x08103232   0x00000006   PAD
    0x08103238   0x08103238   0x0000008e   Code   RO          834    .text.HAL_InitTick  stm32h7xx_hal.o
    0x081032c6   0x081032c6   0x00000002   PAD
    0x081032c8   0x081032c8   0x00000022   Code   RO          258    .text.HAL_MPU_Disable  stm32h7xx_hal_cortex.o
    0x081032ea   0x081032ea   0x00000006   PAD
    0x081032f0   0x081032f0   0x00000018   Code   RO          242    .text.HAL_NVIC_EnableIRQ  stm32h7xx_hal_cortex.o
    0x08103308   0x08103308   0x00000014   Code   RO          230    .text.HAL_NVIC_SetPriorityGrouping  stm32h7xx_hal_cortex.o
    0x0810331c   0x0810331c   0x00000004   PAD
    0x08103320   0x08103320   0x000000aa   Code   RO          742    .text.HAL_PWREx_ConfigSupply  stm32h7xx_hal_pwr_ex.o
    0x081033ca   0x081033ca   0x00000006   PAD
    0x081033d0   0x081033d0   0x000002c4   Code   RO          358    .text.HAL_RCCEx_GetPLL3ClockFreq  stm32h7xx_hal_rcc_ex.o
    0x08103694   0x08103694   0x00000004   PAD
    0x08103698   0x08103698   0x000004aa   Code   RO          310    .text.HAL_RCC_ClockConfig  stm32h7xx_hal_rcc.o
    0x08103b42   0x08103b42   0x00000006   PAD
    0x08103b48   0x08103b48   0x0000002a   Code   RO          324    .text.HAL_RCC_GetPCLK2Freq  stm32h7xx_hal_rcc.o
    0x08103b72   0x08103b72   0x00000006   PAD
    0x08103b78   0x08103b78   0x00000aee   Code   RO          308    .text.HAL_RCC_OscConfig  stm32h7xx_hal_rcc.o
    0x08104666   0x08104666   0x00000002   PAD
    0x08104668   0x08104668   0x0000000c   Code   RO         1709    .text.HAL_TIMEx_Break2Callback  stm32h7xx_hal_tim_ex.o
    0x08104674   0x08104674   0x00000004   PAD
    0x08104678   0x08104678   0x0000000c   Code   RO         1703    .text.HAL_TIMEx_CommutCallback  stm32h7xx_hal_tim_ex.o
    0x08104684   0x08104684   0x00000004   PAD
    0x08104688   0x08104688   0x0000010e   Code   RO         1693    .text.HAL_TIMEx_ConfigBreakDeadTime  stm32h7xx_hal_tim_ex.o
    0x08104796   0x08104796   0x00000002   PAD
    0x08104798   0x08104798   0x0000014e   Code   RO         1691    .text.HAL_TIMEx_MasterConfigSynchronization  stm32h7xx_hal_tim_ex.o
    0x081048e6   0x081048e6   0x00000002   PAD
    0x081048e8   0x081048e8   0x000000b6   Code   RO         1371    .text.HAL_TIM_Base_Init  stm32h7xx_hal_tim.o
    0x0810499e   0x0810499e   0x00000002   PAD
    0x081049a0   0x081049a0   0x000002a4   Code   RO           90    .text.HAL_TIM_Base_MspInit  tim.o
    0x08104c44   0x08104c44   0x00000004   PAD
    0x08104c48   0x08104c48   0x000000f6   Code   RO         1385    .text.HAL_TIM_Base_Start_IT  stm32h7xx_hal_tim.o
    0x08104d3e   0x08104d3e   0x00000002   PAD
    0x08104d40   0x08104d40   0x000001ea   Code   RO         1567    .text.HAL_TIM_ConfigClockSource  stm32h7xx_hal_tim.o
    0x08104f2a   0x08104f2a   0x00000006   PAD
    0x08104f30   0x08104f30   0x00000148   Code   RO         1531    .text.HAL_TIM_IC_ConfigChannel  stm32h7xx_hal_tim.o
    0x08105078   0x08105078   0x0000000c   Code   RO         1447    .text.HAL_TIM_IC_MspInit  stm32h7xx_hal_tim.o
    0x08105084   0x08105084   0x00000004   PAD
    0x08105088   0x08105088   0x000002c6   Code   RO         1505    .text.HAL_TIM_IRQHandler  stm32h7xx_hal_tim.o
    0x0810534e   0x0810534e   0x00000002   PAD
    0x08105350   0x08105350   0x000001c4   Code   RO         1541    .text.HAL_TIM_PWM_ConfigChannel  stm32h7xx_hal_tim.o
    0x08105514   0x08105514   0x00000004   PAD
    0x08105518   0x08105518   0x000000b6   Code   RO         1425    .text.HAL_TIM_PWM_Init  stm32h7xx_hal_tim.o
    0x081055ce   0x081055ce   0x00000002   PAD
    0x081055d0   0x081055d0   0x0000000c   Code   RO         1511    .text.HAL_TIM_PWM_PulseFinishedCallback  stm32h7xx_hal_tim.o
    0x081055dc   0x081055dc   0x00000004   PAD
    0x081055e0   0x081055e0   0x0000000c   Code   RO         1589    .text.HAL_TIM_PWM_PulseFinishedHalfCpltCallback  stm32h7xx_hal_tim.o
    0x081055ec   0x081055ec   0x00000004   PAD
    0x081055f0   0x081055f0   0x000004d2   Code   RO         1441    .text.HAL_TIM_PWM_Start_DMA  stm32h7xx_hal_tim.o
    0x08105ac2   0x08105ac2   0x00000006   PAD
    0x08105ac8   0x08105ac8   0x00000208   Code   RO         1443    .text.HAL_TIM_PWM_Stop_DMA  stm32h7xx_hal_tim.o
    0x08105cd0   0x08105cd0   0x00000056   Code   RO         1949    .text.HAL_TIM_PeriodElapsedCallback  app.o
    0x08105d26   0x08105d26   0x00000002   PAD
    0x08105d28   0x08105d28   0x00000080   Code   RO         1898    .text.HAL_UARTEx_DisableFifoMode  stm32h7xx_hal_uart_ex.o
    0x08105da8   0x08105da8   0x00000014   Code   RO         1819    .text.HAL_UARTEx_RxEventCallback  stm32h7xx_hal_uart.o
    0x08105dbc   0x08105dbc   0x00000004   PAD
    0x08105dc0   0x08105dc0   0x0000000c   Code   RO         1880    .text.HAL_UARTEx_RxFifoFullCallback  stm32h7xx_hal_uart_ex.o
    0x08105dcc   0x08105dcc   0x00000004   PAD
    0x08105dd0   0x08105dd0   0x00000094   Code   RO         1902    .text.HAL_UARTEx_SetRxFifoThreshold  stm32h7xx_hal_uart_ex.o
    0x08105e64   0x08105e64   0x00000004   PAD
    0x08105e68   0x08105e68   0x000000f2   Code   RO         1781    .text.HAL_UART_DMAStop  stm32h7xx_hal_uart.o
    0x08105f5a   0x08105f5a   0x00000006   PAD
    0x08105f60   0x08105f60   0x000000b6   Code   RO         1725    .text.HAL_UART_Init  stm32h7xx_hal_uart.o
    0x08106016   0x08106016   0x00000002   PAD
    0x08106018   0x08106018   0x000006a0   Code   RO          122    .text.HAL_UART_MspInit  usart.o
    0x081066b8   0x081066b8   0x0000000c   Code   RO         1829    .text.HAL_UART_RxHalfCpltCallback  stm32h7xx_hal_uart.o
    0x081066c4   0x081066c4   0x00000004   PAD
    0x081066c8   0x081066c8   0x00000148   Code   RO         1765    .text.HAL_UART_Transmit_DMA  stm32h7xx_hal_uart.o
    0x08106810   0x08106810   0x00000058   Code   RO         2156    .text.HAL_UART_TxCpltCallback  uart.o
    0x08106868   0x08106868   0x0000000c   Code   RO         1825    .text.HAL_UART_TxHalfCpltCallback  stm32h7xx_hal_uart.o
    0x08106874   0x08106874   0x00000004   PAD
    0x08106878   0x08106878   0x0000005c   Code   RO           13    .text.MPU_Config    main.o
    0x081068d4   0x081068d4   0x00000004   PAD
    0x081068d8   0x081068d8   0x00000070   Code   RO           53    .text.MX_FDCAN1_Init  fdcan.o
    0x08106948   0x08106948   0x00000074   Code   RO           55    .text.MX_FDCAN2_Init  fdcan.o
    0x081069bc   0x081069bc   0x00000004   PAD
    0x081069c0   0x081069c0   0x000000ea   Code   RO           80    .text.MX_TIM3_Init  tim.o
    0x08106aaa   0x08106aaa   0x00000006   PAD
    0x08106ab0   0x08106ab0   0x00000062   Code   RO           84    .text.MX_TIM6_Init  tim.o
    0x08106b12   0x08106b12   0x00000006   PAD
    0x08106b18   0x08106b18   0x0000008e   Code   RO          118    .text.MX_USART1_UART_Init  usart.o
    0x08106ba6   0x08106ba6   0x00000002   PAD
    0x08106ba8   0x08106ba8   0x00000004   Code   RO          154    .text.MemManage_Handler  stm32h7xx_it.o
    0x08106bac   0x08106bac   0x00000004   PAD
    0x08106bb0   0x08106bb0   0x00000002   Code   RO         1947    .text.Millisecond_50_Task  app.o
    0x08106bb2   0x08106bb2   0x00000006   PAD
    0x08106bb8   0x08106bb8   0x00000030   Code   RO         1941    .text.Mymain        app.o
    0x08106be8   0x08106be8   0x00000080   Code   RO          240    .text.NVIC_EncodePriority  stm32h7xx_hal_cortex.o
    0x08106c68   0x08106c68   0x00000028   Code   RO         2048    .text.Pwm_Init      pwm.o
    0x08106c90   0x08106c90   0x0000012c   Code   RO         2284    .text.RM3508_DataTransform  rm3508.o
    0x08106dbc   0x08106dbc   0x00000004   PAD
    0x08106dc0   0x08106dc0   0x00000138   Code   RO         2274    .text.RM3508_Init   rm3508.o
    0x08106ef8   0x08106ef8   0x0000002a   Code   RO         2144    .text.RS485_Init    uart.o
    0x08106f22   0x08106f22   0x00000006   PAD
    0x08106f28   0x08106f28   0x00000028   Code   RO         2014    .text.Step_Motor_Init  step_motor.o
    0x08106f50   0x08106f50   0x0000005a   Code   RO          256    .text.SysTick_Config  stm32h7xx_hal_cortex.o
    0x08106faa   0x08106faa   0x00000006   PAD
    0x08106fb0   0x08106fb0   0x00000168   Code   RO         1922    .text.SystemInit    system_stm32h7xx.o
    0x08107118   0x08107118   0x00000138   Code   RO         1939    .text.System_Init   app.o
    0x08107250   0x08107250   0x00000010   Code   RO          186    .text.TIM1_CC_IRQHandler  stm32h7xx_it.o
    0x08107260   0x08107260   0x000001a2   Code   RO         1375    .text.TIM_Base_SetConfig  stm32h7xx_hal_tim.o
    0x08107402   0x08107402   0x00000006   PAD
    0x08107408   0x08107408   0x0000004a   Code   RO         1409    .text.TIM_CCxChannelCmd  stm32h7xx_hal_tim.o
    0x08107452   0x08107452   0x00000006   PAD
    0x08107458   0x08107458   0x000000ca   Code   RO         1419    .text.TIM_DMADelayPulseCplt  stm32h7xx_hal_tim.o
    0x08107522   0x08107522   0x00000006   PAD
    0x08107528   0x08107528   0x0000007a   Code   RO         1421    .text.TIM_DMADelayPulseHalfCplt  stm32h7xx_hal_tim.o
    0x081075a2   0x081075a2   0x00000006   PAD
    0x081075a8   0x081075a8   0x000000a0   Code   RO         1395    .text.TIM_DMAError  stm32h7xx_hal_tim.o
    0x08107648   0x08107648   0x00000172   Code   RO         1523    .text.TIM_OC3_SetConfig  stm32h7xx_hal_tim.o
    0x081077ba   0x081077ba   0x00000006   PAD
    0x081077c0   0x081077c0   0x000000d4   Code   RO         1529    .text.TIM_OC6_SetConfig  stm32h7xx_hal_tim.o
    0x08107894   0x08107894   0x00000004   PAD
    0x08107898   0x08107898   0x0000012e   Code   RO         1533    .text.TIM_TI1_SetConfig  stm32h7xx_hal_tim.o
    0x081079c6   0x081079c6   0x00000002   PAD
    0x081079c8   0x081079c8   0x00000082   Code   RO         1537    .text.TIM_TI3_SetConfig  stm32h7xx_hal_tim.o
    0x08107a4a   0x08107a4a   0x00000006   PAD
    0x08107a50   0x08107a50   0x00000084   Code   RO         1539    .text.TIM_TI4_SetConfig  stm32h7xx_hal_tim.o
    0x08107ad4   0x08107ad4   0x00000004   PAD
    0x08107ad8   0x08107ad8   0x0000001c   Code   RO          196    .text.UART4_IRQHandler  stm32h7xx_it.o
    0x08107af4   0x08107af4   0x00000004   PAD
    0x08107af8   0x08107af8   0x0000001c   Code   RO          206    .text.UART7_IRQHandler  stm32h7xx_it.o
    0x08107b14   0x08107b14   0x00000004   PAD
    0x08107b18   0x08107b18   0x00000090   Code   RO         1896    .text.UARTEx_SetNbDataToProcess  stm32h7xx_hal_uart_ex.o
    0x08107ba8   0x08107ba8   0x0000013e   Code   RO         1731    .text.UART_AdvFeatureConfig  stm32h7xx_hal_uart.o
    0x08107ce6   0x08107ce6   0x00000002   PAD
    0x08107ce8   0x08107ce8   0x000000b0   Code   RO         1733    .text.UART_CheckIdleState  stm32h7xx_hal_uart.o
    0x08107d98   0x08107d98   0x00000028   Code   RO         1815    .text.UART_DMAAbortOnError  stm32h7xx_hal_uart.o
    0x08107dc0   0x08107dc0   0x00000034   Code   RO         1863    .text.UART_DMARxHalfCplt  stm32h7xx_hal_uart.o
    0x08107df4   0x08107df4   0x00000004   PAD
    0x08107df8   0x08107df8   0x00000048   Code   RO         1767    .text.UART_DMATransmitCplt  stm32h7xx_hal_uart.o
    0x08107e40   0x08107e40   0x0000001a   Code   RO         1769    .text.UART_DMATxHalfCplt  stm32h7xx_hal_uart.o
    0x08107e5a   0x08107e5a   0x00000006   PAD
    0x08107e60   0x08107e60   0x0000002e   Code   RO         1821    .text.UART_EndTransmit_IT  stm32h7xx_hal_uart.o
    0x08107e8e   0x08107e8e   0x00000002   PAD
    0x08107e90   0x08107e90   0x0000093c   Code   RO         1729    .text.UART_SetConfig  stm32h7xx_hal_uart.o
    0x081087cc   0x081087cc   0x00000004   PAD
    0x081087d0   0x081087d0   0x0000012a   Code   RO         1747    .text.UART_WaitOnFlagUntilTimeout  stm32h7xx_hal_uart.o
    0x081088fa   0x081088fa   0x00000006   PAD
    0x08108900   0x08108900   0x00000258   Code   RO         2148    .text.USAR_UART5_IDLECallback  uart.o
    0x08108b58   0x08108b58   0x00000208   Code   RO         2215    .text.USAR_UART7_IDLECallback  sbus.o
    0x08108d60   0x08108d60   0x00000160   Code   RO         2152    .text.USER_UART_IRQHandler  uart.o
    0x08108ec0   0x08108ec0   0x00000004   Code   RO          158    .text.UsageFault_Handler  stm32h7xx_it.o
    0x08108ec4   0x08108ec4   0x00000004   PAD
    0x08108ec8   0x08108ec8   0x00000040   Code   RO         2190    .text.WS2812B_Init  ws2812b.o
    0x08108f08   0x08108f08   0x000000c4   Code   RO         2198    .text.WS2812B_RainbowEffect  ws2812b.o
    0x08108fcc   0x08108fcc   0x00000004   PAD
    0x08108fd0   0x08108fd0   0x00000038   Code   RO         2194    .text.WS2812B_Show  ws2812b.o
    0x08109008   0x08109008   0x000001ac   Code   RO         2347    .text.YS_Motor_GetInfo  ys_motor.o
    0x081091b4   0x081091b4   0x00000004   PAD
    0x081091b8   0x081091b8   0x00000042   Code   RO         2341    .text.YS_Motor_Init  ys_motor.o
    0x081091fa   0x081091fa   0x00000006   PAD
    0x08109200   0x08109200   0x00000010   Code   RO          236    .text.__NVIC_GetPriorityGrouping  stm32h7xx_hal_cortex.o
    0x08109210   0x08109210   0x0000004a   Code   RO          238    .text.__NVIC_SetPriority  stm32h7xx_hal_cortex.o
    0x0810925a   0x0810925a   0x00000006   PAD
    0x08109260   0x08109260   0x00000068   Code   RO         2345    .text.crc_ccitt     ys_motor.o
    0x081092c8   0x081092c8   0x00000052   Code   RO         2112    .text.do_crc_table  crc.o
    0x0810931a   0x0810931a   0x00000006   PAD
    0x08109320   0x08109320   0x000000b2   Code   RO         2176    .text.pid_param_init  pid.o
    0x081093d2   0x081093d2   0x00000002   PAD
    0x081093d4   0x081093d4   0x00000004   Ven    RO         2675    Veneer$$Code        anon$$obj.o
    0x081093d8   0x081093d8   0x000002e8   Code   RO         2375    x$fpl$ddiv          f_wm.l(ddiv_clz.o)
    0x081096c0   0x081096c0   0x00000102   Code   RO         2443    x$fpl$dnaninf       f_wm.l(dnaninf.o)
    0x081097c2   0x081097c2   0x0000000c   Code   RO         2447    x$fpl$dretinf       f_wm.l(dretinf.o)
    0x081097ce   0x081097ce   0x0000015a   Code   RO         2449    x$fpl$dunder        f_wm.l(dunder_clz.o)
    0x08109928   0x08109928   0x0000007a   Code   RO         2378    x$fpl$f2d           f_wm.l(f2d.o)
    0x081099a2   0x081099a2   0x0000000a   Code   RO         2610    x$fpl$fpinit        f_wm.l(fpinit.o)
    0x081099ac   0x081099ac   0x0000000a   Code   RO         2455    x$fpl$fretinf       f_wm.l(fretinf.o)
    0x081099b6   0x081099b6   0x00000200   Data   RO         2352    .ITCM               ys_motor.o
    0x08109bb6   0x08109bb6   0x00000010   Data   RO         1360    .rodata.DLCtoBytes  stm32h7xx_hal_fdcan.o
    0x08109bc6   0x08109bc6   0x00000008   Data   RO          607    .rodata.DMA_CalcBaseAndBitshift.flagBitshiftOffset  stm32h7xx_hal_dma.o
    0x08109bce   0x08109bce   0x00000008   Data   RO         1911    .rodata.UARTEx_SetNbDataToProcess.denominator  stm32h7xx_hal_uart_ex.o
    0x08109bd6   0x08109bd6   0x00000018   Data   RO         1865    .rodata.UARTPrescTable  stm32h7xx_hal_uart.o


==============================================================================

Image component sizes


      Code (inc. data)   RO Data    RW Data    ZI Data      Debug   Object Name

       542         12          0          9        232       7093   app.o
       222          8          0          0          6       1974   brt38.o
        82          0       1024          0          0        819   crc.o
       256          0          0          0          0       5395   dma.o
       654          0          0          0        324      11979   fdcan.o
       394          0          0          0          0       3135   gpio.o
       636          0          0        126         28       2034   ibus.o
       662          0          0          0          0       5421   main.o
       288          0          0         32        104       7330   my_can_init.o
       430          0          0          0          0       2988   pid.o
        40          0          0          0          0        405   pwm.o
        40          0          0          0          0       1626   relay.o
      2054          8          0         34         48       7743   remote.o
       794         20          0          0        580       8247   rm3508.o
       628         16          0          8         68       7964   robstride04.o
      1022          4          0        144         32       2440   sbus.o
       120          0          0          0          0       1614   servo.o
        36          8        664          0       1536        820   startup_stm32h743xx.o
       110          0          0          0          0       2543   step_motor.o
       402          0          0          5          4      15379   stm32h7xx_hal.o
       790          0          0          0          0      12336   stm32h7xx_hal_cortex.o
     15892          8          8          0          0      13483   stm32h7xx_hal_dma.o
      5010          0         92          0          0      37411   stm32h7xx_hal_fdcan.o
      1136          0          0          0          0       7323   stm32h7xx_hal_gpio.o
        38          0          0          0          0       2295   stm32h7xx_hal_msp.o
       170          0          0          0          0      11343   stm32h7xx_hal_pwr_ex.o
      4964         66          0          0          0      11427   stm32h7xx_hal_rcc.o
      6472         96          0          0          0      18127   stm32h7xx_hal_rcc_ex.o
      9746         64          0          0          0      39421   stm32h7xx_hal_tim.o
       640          0          0          0          0      18689   stm32h7xx_hal_tim_ex.o
      6538        258         24          0          0      27055   stm32h7xx_hal_uart.o
       604          0         16          0          0       9468   stm32h7xx_hal_uart_ex.o
       414          0          0          0          0       3746   stm32h7xx_it.o
       360          0         16          8          0       5981   system_stm32h7xx.o
      2852          0          0          0        652      14661   tim.o
      2240          0          0        208          0       6907   uart.o
      2426          0          0          0       1800      14316   usart.o
      1318         14          0          0        672       6671   ws2812b.o
       998         36        512        113          1       3902   ys_motor.o

    ----------------------------------------------------------------------
     72772        650       2390        700       6100     361511   Object Totals
         4          0         32          0          0          0   (incl. Generated)
       748         32          2         13         13          0   (incl. Padding)

    ----------------------------------------------------------------------

      Code (inc. data)   RO Data    RW Data    ZI Data      Debug   Library Member Name

        58          0          0          0          0          0   __dczerorl.o
         8          0          0          0          0         68   __main.o
         0          0          0          0          0          0   __rtentry.o
        12          0          0          0          0          0   __rtentry2.o
         8          4          0          0          0          0   __rtentry5.o
        52          8          0          0          0          0   __scatter.o
        28          0          0          0          0          0   __scatter_zi.o
        48          4          0          0          0         84   _fptrap.o
       302          0          0          0          0        168   _get_argv_nomalloc.o
         4          0          0          0          0         68   argv_veneer.o
        10          0          0          0          0         68   defsig_exit.o
       172        110          0          0          0         76   defsig_fpe_inner.o
        14          0          0          0          0         80   defsig_fpe_outer.o
        50          0          0          0          0         88   defsig_general.o
        80         58          0          0          0         76   defsig_rtmem_inner.o
        14          0          0          0          0         80   defsig_rtmem_outer.o
        18          0          0          0          0         80   exit.o
         4          0          0          0          0        136   hrguard.o
         0          0          0          0          0          0   indicate_semi.o
         2          0          0          0          0          0   libinit.o
         6          0          0          0          0          0   libinit2.o
        20          8          0          0          0          0   libinit3.o
         2          0          0          0          0          0   libshutdown.o
         2          0          0          0          0          0   libshutdown2.o
       238          0          0          0          0        100   lludivv7m.o
        78          0          0          0          0         80   rt_memclr_w.o
       138          0          0          0          0         68   rt_memcpy_v6.o
       100          0          0          0          0         80   rt_memcpy_w.o
         2          0          0          0          0          0   rtexit.o
        10          0          0          0          0          0   rtexit2.o
        24          0          0          0          0         76   sys_command.o
        12          4          0          0          0         68   sys_exit.o
        14          0          0          0          0         76   sys_wrch.o
         2          0          0          0          0         68   use_no_semi.o
       428         12          0          0          0        140   d2f_clz.o
       744        148          0          0          0        268   ddiv_clz.o
        26          0          0          0          0        116   dflt_clz.o
       258          4          0          0          0        156   dnaninf.o
       112          0          0          0          0        160   drenorm_clz.o
        12          0          0          0          0        116   dretinf.o
       346          0          0          0          0        168   dunder_clz.o
       424         24          0          0          0        152   except.o
       122          8          0          0          0        132   f2d.o
       242          4          0          0          0        148   fnaninf.o
        10          0          0          0          0        116   fpinit.o
        10          0          0          0          0        116   fretinf.o
       262          0          0          0          0        132   funder_clz.o
       178          0          0          0          0        116   retnan.o
       126          0          0          0          0        148   trapv.o
         0          0          0          0          0          0   usenofp.o

    ----------------------------------------------------------------------
      4842        396          0          0          0       3872   Library Totals
        10          0          0          0          0          0   (incl. Padding)

    ----------------------------------------------------------------------

      Code (inc. data)   RO Data    RW Data    ZI Data      Debug   Library Name

      1532        196          0          0          0       1688   c_w.l
      3300        200          0          0          0       2184   f_wm.l

    ----------------------------------------------------------------------
      4842        396          0          0          0       3872   Library Totals

    ----------------------------------------------------------------------

==============================================================================


      Code (inc. data)   RO Data    RW Data    ZI Data      Debug   

     77614       1046       2390        700       6100     362559   Grand Totals
     77614       1046       2390         64       6100     362559   ELF Image Totals (compressed)
     77614       1046       2390         64          0          0   ROM Totals

==============================================================================

    Total RO  Size (Code + RO Data)                80004 (  78.13kB)
    Total RW  Size (RW Data + ZI Data)              6800 (   6.64kB)
    Total ROM Size (Code + RO Data + RW Data)      80068 (  78.19kB)

==============================================================================

